20.171.206.108 - - [05/Nov/2024:00:10:13 +0900] "GET /wp-login.php?redirect_to=https%253A%252F%252Faps.or.kr%252F%253Fpage_id%253D254%2526mod%253Deditor%2526parent_uid%253D567%2526kboard_id%253D7%2526view_iframe%253D1%2526iframe_id%253D6728ddab8f600 HTTP/1.1" 200 3432 "-" "Mozilla/5.0 AppleWebKit/537.36 (KHTML, like Gecko; compatible; GPTBot/1.2; +https://openai.com/gptbot)"
20.171.206.108 - - [05/Nov/2024:00:10:14 +0900] "GET /wp-login.php?redirect_to=%2F%3Fpage_id%3D254%26mod%3Deditor%26category1%3D2022%26pageid%3D1%26parent_uid%3D565%26kboard_id%3D7%26view_iframe%3D1%26iframe_id%3D6728ddacbc422 HTTP/1.1" 200 3434 "-" "Mozilla/5.0 AppleWebKit/537.36 (KHTML, like Gecko; compatible; GPTBot/1.2; +https://openai.com/gptbot)"
20.171.206.108 - - [05/Nov/2024:00:10:15 +0900] "GET /wp-login.php?redirect_to=https%253A%252F%252Faps.or.kr%252F%253Fpage_id%253D254%2526mod%253Deditor%2526category1%253D2022%2526pageid%253D1%2526parent_uid%253D565%2526kboard_id%253D7%2526view_iframe%253D1%2526iframe_id%253D6728ddacbc422 HTTP/1.1" 200 3445 "-" "Mozilla/5.0 AppleWebKit/537.36 (KHTML, like Gecko; compatible; GPTBot/1.2; +https://openai.com/gptbot)"
20.171.206.108 - - [05/Nov/2024:00:10:16 +0900] "GET /?page_id=254&mod=editor&category1=2022&pageid=1&parent_uid=564&kboard_id=7&view_iframe=1&iframe_id=6728e1131b439 HTTP/1.1" 200 16250 "-" "Mozilla/5.0 AppleWebKit/537.36 (KHTML, like Gecko; compatible; GPTBot/1.2; +https://openai.com/gptbot)"
20.171.206.108 - - [05/Nov/2024:00:10:17 +0900] "GET /?page_id=254&mod=editor&category1=2022&pageid=1&parent_uid=563 HTTP/1.1" 200 21235 "-" "Mozilla/5.0 AppleWebKit/537.36 (KHTML, like Gecko; compatible; GPTBot/1.2; +https://openai.com/gptbot)"
20.171.206.108 - - [05/Nov/2024:00:10:18 +0900] "GET /wp-content/uploads/kboard_captcha/captcha_6728e124380f2.png HTTP/1.1" 200 192 "-" "Mozilla/5.0 AppleWebKit/537.36 (KHTML, like Gecko; compatible; GPTBot/1.2; +https://openai.com/gptbot)"
20.171.206.108 - - [05/Nov/2024:00:10:19 +0900] "GET /wp-login.php?redirect_to=https%253A%252F%252Faps.or.kr%252F%253Fpage_id%253D254%2526mod%253Deditor%2526parent_uid%253D596%2526kboard_id%253D7%2526view_iframe%253D1%2526iframe_id%253D6728ddca8568f HTTP/1.1" 200 3433 "-" "Mozilla/5.0 AppleWebKit/537.36 (KHTML, like Gecko; compatible; GPTBot/1.2; +https://openai.com/gptbot)"
20.171.206.108 - - [05/Nov/2024:00:10:21 +0900] "GET /?page_id=254&mod=document&category1=2022&pageid=1&uid=561 HTTP/1.1" 200 16234 "-" "Mozilla/5.0 AppleWebKit/537.36 (KHTML, like Gecko; compatible; GPTBot/1.2; +https://openai.com/gptbot)"
20.171.206.108 - - [05/Nov/2024:00:10:33 +0900] "GET /wp-login.php?redirect_to=%2F%3Fpage_id%3D254%26mod%3Deditor%26parent_uid%3D596%26kboard_id%3D7%26view_iframe%3D1%26iframe_id%3D6728ddca8568f HTTP/1.1" 200 3416 "-" "Mozilla/5.0 AppleWebKit/537.36 (KHTML, like Gecko; compatible; GPTBot/1.2; +https://openai.com/gptbot)"
20.171.206.108 - - [05/Nov/2024:00:10:34 +0900] "GET /wp-login.php?redirect_to=%2F%3Fpageid%3D1%26page_id%3D254%26mod%3Deditor%26category1%3D2022%26parent_uid%3D566%26kboard_id%3D7%26view_iframe%3D1%26iframe_id%3D6728ddd009da0 HTTP/1.1" 200 3439 "-" "Mozilla/5.0 AppleWebKit/537.36 (KHTML, like Gecko; compatible; GPTBot/1.2; +https://openai.com/gptbot)"
20.171.206.108 - - [05/Nov/2024:00:10:35 +0900] "GET /?pageid=1&page_id=254&mod=editor&category1=2022&parent_uid=565&kboard_id=7&view_iframe=1&iframe_id=6728e12dc95a2 HTTP/1.1" 200 16258 "-" "Mozilla/5.0 AppleWebKit/537.36 (KHTML, like Gecko; compatible; GPTBot/1.2; +https://openai.com/gptbot)"
20.171.206.108 - - [05/Nov/2024:00:10:50 +0900] "GET /?pageid=1&page_id=254&mod=editor&category1=2022&parent_uid=564 HTTP/1.1" 200 21244 "-" "Mozilla/5.0 AppleWebKit/537.36 (KHTML, like Gecko; compatible; GPTBot/1.2; +https://openai.com/gptbot)"
20.171.206.108 - - [05/Nov/2024:00:10:50 +0900] "GET /wp-content/uploads/kboard_captcha/captcha_6728e1301013f.png HTTP/1.1" 200 181 "-" "Mozilla/5.0 AppleWebKit/537.36 (KHTML, like Gecko; compatible; GPTBot/1.2; +https://openai.com/gptbot)"
20.171.206.108 - - [05/Nov/2024:00:10:52 +0900] "GET /wp-login.php?redirect_to=https%253A%252F%252Faps.or.kr%252F%253Fpageid%253D1%2526page_id%253D254%2526mod%253Deditor%2526category1%253D2022%2526parent_uid%253D566%2526kboard_id%253D7%2526view_iframe%253D1%2526iframe_id%253D6728ddd009da0 HTTP/1.1" 200 3448 "-" "Mozilla/5.0 AppleWebKit/537.36 (KHTML, like Gecko; compatible; GPTBot/1.2; +https://openai.com/gptbot)"
20.171.206.108 - - [05/Nov/2024:00:10:53 +0900] "GET /?pageid=1&page_id=254&mod=document&category1=2022&uid=563 HTTP/1.1" 200 25936 "-" "Mozilla/5.0 AppleWebKit/537.36 (KHTML, like Gecko; compatible; GPTBot/1.2; +https://openai.com/gptbot)"
20.171.206.108 - - [05/Nov/2024:00:10:54 +0900] "GET /wp-login.php?redirect_to=https%253A%252F%252Faps.or.kr%252F%253Fpageid%253D1%2526page_id%253D254%2526category1%253D2022%2526mod%253Deditor%2526parent_uid%253D567%2526kboard_id%253D7%2526view_iframe%253D1%2526iframe_id%253D6728dddb09b4e HTTP/1.1" 200 3448 "-" "Mozilla/5.0 AppleWebKit/537.36 (KHTML, like Gecko; compatible; GPTBot/1.2; +https://openai.com/gptbot)"
20.171.206.108 - - [05/Nov/2024:00:10:55 +0900] "GET /wp-login.php?redirect_to=%2F%3Fpageid%3D1%26page_id%3D254%26category1%3D2022%26mod%3Deditor%26parent_uid%3D567%26kboard_id%3D7%26view_iframe%3D1%26iframe_id%3D6728dddb09b4e HTTP/1.1" 200 3436 "-" "Mozilla/5.0 AppleWebKit/537.36 (KHTML, like Gecko; compatible; GPTBot/1.2; +https://openai.com/gptbot)"
20.171.206.108 - - [05/Nov/2024:00:10:56 +0900] "GET /?pageid=1&page_id=254&category1=2022&mod=editor&parent_uid=566&kboard_id=7&view_iframe=1&iframe_id=6728e136a7119 HTTP/1.1" 200 16257 "-" "Mozilla/5.0 AppleWebKit/537.36 (KHTML, like Gecko; compatible; GPTBot/1.2; +https://openai.com/gptbot)"
20.171.206.108 - - [05/Nov/2024:00:10:57 +0900] "GET /wp-content/uploads/kboard_captcha/captcha_6728e139f31af.png HTTP/1.1" 200 192 "-" "Mozilla/5.0 AppleWebKit/537.36 (KHTML, like Gecko; compatible; GPTBot/1.2; +https://openai.com/gptbot)"
20.171.206.108 - - [05/Nov/2024:00:10:58 +0900] "GET /?pageid=1&page_id=254&category1=2022&mod=editor&parent_uid=565 HTTP/1.1" 200 21245 "-" "Mozilla/5.0 AppleWebKit/537.36 (KHTML, like Gecko; compatible; GPTBot/1.2; +https://openai.com/gptbot)"
20.171.206.95 - - [05/Nov/2024:00:11:00 +0900] "GET /?pageid=1&page_id=254&category1=2022&uid=564&mod=document HTTP/1.1" 200 26396 "-" "Mozilla/5.0 AppleWebKit/537.36 (KHTML, like Gecko; compatible; GPTBot/1.2; +https://openai.com/gptbot)"
20.171.206.95 - - [05/Nov/2024:00:11:00 +0900] "GET /wp-login.php?redirect_to=%2F%3Fpage_id%3D254%26mod%3Deditor%26parent_uid%3D661%26kboard_id%3D7%26view_iframe%3D1%26iframe_id%3D6728de054c519 HTTP/1.1" 200 3411 "-" "Mozilla/5.0 AppleWebKit/537.36 (KHTML, like Gecko; compatible; GPTBot/1.2; +https://openai.com/gptbot)"
192.168.0.1 - - [05/Nov/2024:00:11:02 +0900] "POST /wp-cron.php?doing_wp_cron=1730733062.0566840171813964843750 HTTP/1.1" 200 31 "-" "WordPress/6.6.2; https://aps.or.kr"
20.171.206.95 - - [05/Nov/2024:00:11:02 +0900] "GET /wp-login.php?redirect_to=https%253A%252F%252Faps.or.kr%252F%253Fpage_id%253D254%2526mod%253Deditor%2526parent_uid%253D661%2526kboard_id%253D7%2526view_iframe%253D1%2526iframe_id%253D6728de054c519 HTTP/1.1" 200 3428 "-" "Mozilla/5.0 AppleWebKit/537.36 (KHTML, like Gecko; compatible; GPTBot/1.2; +https://openai.com/gptbot)"
20.171.206.95 - - [05/Nov/2024:00:11:20 +0900] "GET /wp-content/uploads/kboard_captcha/captcha_6728e15245398.png HTTP/1.1" 200 185 "-" "Mozilla/5.0 AppleWebKit/537.36 (KHTML, like Gecko; compatible; GPTBot/1.2; +https://openai.com/gptbot)"
20.171.206.95 - - [05/Nov/2024:00:11:21 +0900] "GET /?pageid=2&page_id=254&category1=2022&mod=document&uid=532 HTTP/1.1" 200 157636 "-" "Mozilla/5.0 AppleWebKit/537.36 (KHTML, like Gecko; compatible; GPTBot/1.2; +https://openai.com/gptbot)"
20.171.206.95 - - [05/Nov/2024:00:11:22 +0900] "GET /?pageid=2&page_id=254&category1=2022&mod=editor&parent_uid=533 HTTP/1.1" 200 21242 "-" "Mozilla/5.0 AppleWebKit/537.36 (KHTML, like Gecko; compatible; GPTBot/1.2; +https://openai.com/gptbot)"
20.171.206.95 - - [05/Nov/2024:00:11:23 +0900] "GET /wp-login.php?redirect_to=https%253A%252F%252Faps.or.kr%252F%253Fpageid%253D2%2526page_id%253D254%2526category1%253D2022%2526mod%253Ddocument%2526uid%253D533 HTTP/1.1" 200 3407 "-" "Mozilla/5.0 AppleWebKit/537.36 (KHTML, like Gecko; compatible; GPTBot/1.2; +https://openai.com/gptbot)"
20.171.206.95 - - [05/Nov/2024:00:11:24 +0900] "GET /wp-login.php?redirect_to=https%253A%252F%252Faps.or.kr%252F%253Fpageid%253D2%2526page_id%253D254%2526category1%253D2022%2526mod%253Deditor%2526parent_uid%253D535%2526kboard_id%253D7%2526view_iframe%253D1%2526iframe_id%253D6728de0e29e3c HTTP/1.1" 200 3444 "-" "Mozilla/5.0 AppleWebKit/537.36 (KHTML, like Gecko; compatible; GPTBot/1.2; +https://openai.com/gptbot)"
20.171.206.95 - - [05/Nov/2024:00:11:25 +0900] "GET /wp-login.php?redirect_to=%2F%3Fpageid%3D2%26page_id%3D254%26category1%3D2022%26mod%3Deditor%26parent_uid%3D535%26kboard_id%3D7%26view_iframe%3D1%26iframe_id%3D6728de0e29e3c HTTP/1.1" 200 3433 "-" "Mozilla/5.0 AppleWebKit/537.36 (KHTML, like Gecko; compatible; GPTBot/1.2; +https://openai.com/gptbot)"
20.171.206.95 - - [05/Nov/2024:00:11:26 +0900] "GET /?pageid=2&page_id=254&category1=2022&mod=editor&parent_uid=534&kboard_id=7&view_iframe=1&iframe_id=6728e1500a16f HTTP/1.1" 200 16257 "-" "Mozilla/5.0 AppleWebKit/537.36 (KHTML, like Gecko; compatible; GPTBot/1.2; +https://openai.com/gptbot)"
20.171.206.95 - - [05/Nov/2024:00:11:28 +0900] "GET /?page_id=1003&board_page=3&vid=77 HTTP/1.1" 200 26182 "-" "Mozilla/5.0 AppleWebKit/537.36 (KHTML, like Gecko; compatible; GPTBot/1.2; +https://openai.com/gptbot)"
20.171.206.95 - - [05/Nov/2024:00:11:29 +0900] "GET /?page_id=1003&board_page=3&vid=31 HTTP/1.1" 200 26803 "-" "Mozilla/5.0 AppleWebKit/537.36 (KHTML, like Gecko; compatible; GPTBot/1.2; +https://openai.com/gptbot)"
20.171.206.95 - - [05/Nov/2024:00:11:41 +0900] "GET /?page_id=1003&board_page=4&vid=52 HTTP/1.1" 200 26776 "-" "Mozilla/5.0 AppleWebKit/537.36 (KHTML, like Gecko; compatible; GPTBot/1.2; +https://openai.com/gptbot)"
20.171.206.95 - - [05/Nov/2024:00:11:43 +0900] "GET /?page_id=169&mod=document&uid=1094 HTTP/1.1" 200 273836 "-" "Mozilla/5.0 AppleWebKit/537.36 (KHTML, like Gecko; compatible; GPTBot/1.2; +https://openai.com/gptbot)"
20.171.206.95 - - [05/Nov/2024:00:11:56 +0900] "GET /wp-login.php?redirect_to=https%253A%252F%252Faps.or.kr%252F%253Fpage_id%253D1003%2526board_page%253D4%2526vid%253D51 HTTP/1.1" 200 3389 "-" "Mozilla/5.0 AppleWebKit/537.36 (KHTML, like Gecko; compatible; GPTBot/1.2; +https://openai.com/gptbot)"
20.171.206.95 - - [05/Nov/2024:00:11:58 +0900] "GET /?page_id=169&mod=document&uid=710 HTTP/1.1" 200 447082 "-" "Mozilla/5.0 AppleWebKit/537.36 (KHTML, like Gecko; compatible; GPTBot/1.2; +https://openai.com/gptbot)"
20.171.206.95 - - [05/Nov/2024:00:11:58 +0900] "GET /?page_id=1003&board_page=4&vid=7 HTTP/1.1" 200 26680 "-" "Mozilla/5.0 AppleWebKit/537.36 (KHTML, like Gecko; compatible; GPTBot/1.2; +https://openai.com/gptbot)"
192.168.0.1 - - [05/Nov/2024:00:12:10 +0900] "POST /wp-cron.php?doing_wp_cron=1730733130.4819629192352294921875 HTTP/1.1" 200 31 "-" "WordPress/6.6.2; https://aps.or.kr"
20.171.206.50 - - [05/Nov/2024:00:12:10 +0900] "GET /wp-login.php?redirect_to=https%253A%252F%252Faps.or.kr%252F%253Fpage_id%253D1003%2526board_page%253D4%2526vid%253D8 HTTP/1.1" 200 3388 "-" "Mozilla/5.0 AppleWebKit/537.36 (KHTML, like Gecko; compatible; GPTBot/1.2; +https://openai.com/gptbot)"
20.171.206.50 - - [05/Nov/2024:00:12:11 +0900] "GET /?page_id=169&mod=document&category1=2023&pageid=1&uid=708 HTTP/1.1" 200 93016 "-" "Mozilla/5.0 AppleWebKit/537.36 (KHTML, like Gecko; compatible; GPTBot/1.2; +https://openai.com/gptbot)"
20.171.206.50 - - [05/Nov/2024:00:12:12 +0900] "GET /?page_id=1003&board_page=5&vid=28 HTTP/1.1" 200 26519 "-" "Mozilla/5.0 AppleWebKit/537.36 (KHTML, like Gecko; compatible; GPTBot/1.2; +https://openai.com/gptbot)"
20.171.206.50 - - [05/Nov/2024:00:12:13 +0900] "GET /?page_id=169&mod=document&uid=1077&pageid=1 HTTP/1.1" 200 68775 "-" "Mozilla/5.0 AppleWebKit/537.36 (KHTML, like Gecko; compatible; GPTBot/1.2; +https://openai.com/gptbot)"
20.171.206.50 - - [05/Nov/2024:00:12:14 +0900] "GET /wp-login.php?redirect_to=https%253A%252F%252Faps.or.kr%252F%253Fpage_id%253D1003%2526board_page%253D5%2526vid%253D27 HTTP/1.1" 200 3390 "-" "Mozilla/5.0 AppleWebKit/537.36 (KHTML, like Gecko; compatible; GPTBot/1.2; +https://openai.com/gptbot)"
20.171.206.50 - - [05/Nov/2024:00:12:15 +0900] "GET /?kboard_content_redirect=709 HTTP/1.1" 301 5 "-" "Mozilla/5.0 AppleWebKit/537.36 (KHTML, like Gecko; compatible; GPTBot/1.2; +https://openai.com/gptbot)"
20.171.206.50 - - [05/Nov/2024:00:12:16 +0900] "GET /?action=kboard_document_print&uid=709 HTTP/1.1" 200 126213 "-" "Mozilla/5.0 AppleWebKit/537.36 (KHTML, like Gecko; compatible; GPTBot/1.2; +https://openai.com/gptbot)"
20.171.206.50 - - [05/Nov/2024:00:12:18 +0900] "GET /?page_id=169&mod=document&uid=711 HTTP/1.1" 200 339559 "-" "Mozilla/5.0 AppleWebKit/537.36 (KHTML, like Gecko; compatible; GPTBot/1.2; +https://openai.com/gptbot)"
20.171.206.50 - - [05/Nov/2024:00:12:19 +0900] "GET /?page_id=169&mod=document&uid=1073 HTTP/1.1" 200 75494 "-" "Mozilla/5.0 AppleWebKit/537.36 (KHTML, like Gecko; compatible; GPTBot/1.2; +https://openai.com/gptbot)"
20.171.206.50 - - [05/Nov/2024:00:12:21 +0900] "GET /?page_id=1003&board_page=2&vid=101 HTTP/1.1" 200 26273 "-" "Mozilla/5.0 AppleWebKit/537.36 (KHTML, like Gecko; compatible; GPTBot/1.2; +https://openai.com/gptbot)"
20.171.206.50 - - [05/Nov/2024:00:12:22 +0900] "GET /?kboard_content_redirect=1075 HTTP/1.1" 301 5 "-" "Mozilla/5.0 AppleWebKit/537.36 (KHTML, like Gecko; compatible; GPTBot/1.2; +https://openai.com/gptbot)"
20.171.206.50 - - [05/Nov/2024:00:12:23 +0900] "GET /?kboard_content_redirect=713 HTTP/1.1" 301 5 "-" "Mozilla/5.0 AppleWebKit/537.36 (KHTML, like Gecko; compatible; GPTBot/1.2; +https://openai.com/gptbot)"
20.171.206.50 - - [05/Nov/2024:00:12:24 +0900] "GET /?action=kboard_document_print&uid=713 HTTP/1.1" 200 56821 "-" "Mozilla/5.0 AppleWebKit/537.36 (KHTML, like Gecko; compatible; GPTBot/1.2; +https://openai.com/gptbot)"
20.171.206.50 - - [05/Nov/2024:00:12:25 +0900] "GET /?action=kboard_document_print&uid=1075 HTTP/1.1" 200 87126 "-" "Mozilla/5.0 AppleWebKit/537.36 (KHTML, like Gecko; compatible; GPTBot/1.2; +https://openai.com/gptbot)"
20.171.206.50 - - [05/Nov/2024:00:12:26 +0900] "GET /?page_id=1003&board_page=2&vid=56 HTTP/1.1" 200 26511 "-" "Mozilla/5.0 AppleWebKit/537.36 (KHTML, like Gecko; compatible; GPTBot/1.2; +https://openai.com/gptbot)"
20.171.206.50 - - [05/Nov/2024:00:12:27 +0900] "GET /?page_id=169&mod=document&category1=2024&pageid=1&uid=1071 HTTP/1.1" 200 264554 "-" "Mozilla/5.0 AppleWebKit/537.36 (KHTML, like Gecko; compatible; GPTBot/1.2; +https://openai.com/gptbot)"
20.171.206.50 - - [05/Nov/2024:00:12:28 +0900] "GET /?kboard_content_redirect=1072 HTTP/1.1" 301 5 "-" "Mozilla/5.0 AppleWebKit/537.36 (KHTML, like Gecko; compatible; GPTBot/1.2; +https://openai.com/gptbot)"
59.1.161.15 - - [05/Nov/2024:00:12:29 +0900] "GET / HTTP/1.1" 301 178 "-" "Mozilla/5.0 (iPhone; CPU iPhone OS 17_6_1 like Mac OS X) AppleWebKit/605.1.15 (KHTML, like Gecko) Version/17.6 Mobile/15E148 Safari/604.1"
20.171.206.50 - - [05/Nov/2024:00:12:29 +0900] "GET /?action=kboard_document_print&uid=1072 HTTP/1.1" 200 53052 "-" "Mozilla/5.0 AppleWebKit/537.36 (KHTML, like Gecko; compatible; GPTBot/1.2; +https://openai.com/gptbot)"
59.1.161.15 - - [05/Nov/2024:00:12:29 +0900] "GET / HTTP/1.1" 200 21870 "-" "Mozilla/5.0 (iPhone; CPU iPhone OS 17_6_1 like Mac OS X) AppleWebKit/605.1.15 (KHTML, like Gecko) Version/17.6 Mobile/15E148 Safari/604.1"
59.1.161.15 - - [05/Nov/2024:00:12:30 +0900] "GET /wp-content/plugins/mangboard/plugins/widgets/latest_mb_basic/css/style.css?ver=111 HTTP/1.1" 200 1495 "https://aps.or.kr/" "Mozilla/5.0 (iPhone; CPU iPhone OS 17_6_1 like Mac OS X) AppleWebKit/605.1.15 (KHTML, like Gecko) Version/17.6 Mobile/15E148 Safari/604.1"
59.1.161.15 - - [05/Nov/2024:00:12:30 +0900] "GET /wp-content/plugins/float-menu//vendors/fontawesome/css/all.min.css?ver=6.6 HTTP/1.1" 200 96518 "https://aps.or.kr/" "Mozilla/5.0 (iPhone; CPU iPhone OS 17_6_1 like Mac OS X) AppleWebKit/605.1.15 (KHTML, like Gecko) Version/17.6 Mobile/15E148 Safari/604.1"
59.1.161.15 - - [05/Nov/2024:00:12:30 +0900] "GET /wp-content/plugins/mangboard/assets/css/style.css?ver=111 HTTP/1.1" 200 41099 "https://aps.or.kr/" "Mozilla/5.0 (iPhone; CPU iPhone OS 17_6_1 like Mac OS X) AppleWebKit/605.1.15 (KHTML, like Gecko) Version/17.6 Mobile/15E148 Safari/604.1"
59.1.161.15 - - [05/Nov/2024:00:12:30 +0900] "GET /wp-content/plugins/mangboard/assets/css/jcarousel.swipe.css?ver=111 HTTP/1.1" 200 2551 "https://aps.or.kr/" "Mozilla/5.0 (iPhone; CPU iPhone OS 17_6_1 like Mac OS X) AppleWebKit/605.1.15 (KHTML, like Gecko) Version/17.6 Mobile/15E148 Safari/604.1"
59.1.161.15 - - [05/Nov/2024:00:12:30 +0900] "GET /wp-content/plugins/mangboard/plugins/popup/css/style.css?ver=111 HTTP/1.1" 200 4227 "https://aps.or.kr/" "Mozilla/5.0 (iPhone; CPU iPhone OS 17_6_1 like Mac OS X) AppleWebKit/605.1.15 (KHTML, like Gecko) Version/17.6 Mobile/15E148 Safari/604.1"
59.1.161.15 - - [05/Nov/2024:00:12:30 +0900] "GET /wp-content/themes/bravada/resources/fonts/fontfaces.css?ver=1.1.3 HTTP/1.1" 200 56921 "https://aps.or.kr/" "Mozilla/5.0 (iPhone; CPU iPhone OS 17_6_1 like Mac OS X) AppleWebKit/605.1.15 (KHTML, like Gecko) Version/17.6 Mobile/15E148 Safari/604.1"
59.1.161.15 - - [05/Nov/2024:00:12:30 +0900] "GET /wp-content/plugins/mangboard/assets/css/bootstrap3-grid.css?ver=111 HTTP/1.1" 200 22693 "https://aps.or.kr/" "Mozilla/5.0 (iPhone; CPU iPhone OS 17_6_1 like Mac OS X) AppleWebKit/605.1.15 (KHTML, like Gecko) Version/17.6 Mobile/15E148 Safari/604.1"
59.1.161.15 - - [05/Nov/2024:00:12:30 +0900] "GET /wp-content/plugins/float-menu/public/assets/css/style.min.css?ver=6.0.4 HTTP/1.1" 200 9775 "https://aps.or.kr/" "Mozilla/5.0 (iPhone; CPU iPhone OS 17_6_1 like Mac OS X) AppleWebKit/605.1.15 (KHTML, like Gecko) Version/17.6 Mobile/15E148 Safari/604.1"
59.1.161.15 - - [05/Nov/2024:00:12:30 +0900] "GET /wp-content/plugins/wp-members/assets/css/forms/generic-no-float.min.css?ver=3.4.9.7 HTTP/1.1" 200 3809 "https://aps.or.kr/" "Mozilla/5.0 (iPhone; CPU iPhone OS 17_6_1 like Mac OS X) AppleWebKit/605.1.15 (KHTML, like Gecko) Version/17.6 Mobile/15E148 Safari/604.1"
59.1.161.15 - - [05/Nov/2024:00:12:30 +0900] "GET /wp-content/themes/bravada/style.css?ver=1.1.3 HTTP/1.1" 200 210301 "https://aps.or.kr/" "Mozilla/5.0 (iPhone; CPU iPhone OS 17_6_1 like Mac OS X) AppleWebKit/605.1.15 (KHTML, like Gecko) Version/17.6 Mobile/15E148 Safari/604.1"
59.1.161.15 - - [05/Nov/2024:00:12:30 +0900] "GET /wp-content/plugins/kboard-comments/skin/default/style.css?ver=5.3 HTTP/1.1" 200 7995 "https://aps.or.kr/" "Mozilla/5.0 (iPhone; CPU iPhone OS 17_6_1 like Mac OS X) AppleWebKit/605.1.15 (KHTML, like Gecko) Version/17.6 Mobile/15E148 Safari/604.1"
59.1.161.15 - - [05/Nov/2024:00:12:30 +0900] "GET /wp-includes/css/dist/block-library/style.min.css?ver=6.6.2 HTTP/1.1" 200 112427 "https://aps.or.kr/" "Mozilla/5.0 (iPhone; CPU iPhone OS 17_6_1 like Mac OS X) AppleWebKit/605.1.15 (KHTML, like Gecko) Version/17.6 Mobile/15E148 Safari/604.1"
59.1.161.15 - - [05/Nov/2024:00:12:30 +0900] "GET /wp-content/plugins/kboard/template/css/editor_media.css?ver=6.4 HTTP/1.1" 200 410 "https://aps.or.kr/" "Mozilla/5.0 (iPhone; CPU iPhone OS 17_6_1 like Mac OS X) AppleWebKit/605.1.15 (KHTML, like Gecko) Version/17.6 Mobile/15E148 Safari/604.1"
59.1.161.15 - - [05/Nov/2024:00:12:30 +0900] "GET /wp-content/plugins/kboard/skin/avatar/style.css?ver=6.4 HTTP/1.1" 200 26060 "https://aps.or.kr/" "Mozilla/5.0 (iPhone; CPU iPhone OS 17_6_1 like Mac OS X) AppleWebKit/605.1.15 (KHTML, like Gecko) Version/17.6 Mobile/15E148 Safari/604.1"
59.1.161.15 - - [05/Nov/2024:00:12:30 +0900] "GET /wp-content/plugins/kboard/skin/thumbnail/style.css?ver=6.4 HTTP/1.1" 200 27453 "https://aps.or.kr/" "Mozilla/5.0 (iPhone; CPU iPhone OS 17_6_1 like Mac OS X) AppleWebKit/605.1.15 (KHTML, like Gecko) Version/17.6 Mobile/15E148 Safari/604.1"
59.1.161.15 - - [05/Nov/2024:00:12:30 +0900] "GET /wp-content/plugins/kboard/skin/default/style.css?ver=6.4 HTTP/1.1" 200 26144 "https://aps.or.kr/" "Mozilla/5.0 (iPhone; CPU iPhone OS 17_6_1 like Mac OS X) AppleWebKit/605.1.15 (KHTML, like Gecko) Version/17.6 Mobile/15E148 Safari/604.1"
59.1.161.15 - - [05/Nov/2024:00:12:30 +0900] "GET /wp-includes/js/jquery/jquery-migrate.min.js?ver=3.4.1 HTTP/1.1" 200 13577 "https://aps.or.kr/" "Mozilla/5.0 (iPhone; CPU iPhone OS 17_6_1 like Mac OS X) AppleWebKit/605.1.15 (KHTML, like Gecko) Version/17.6 Mobile/15E148 Safari/604.1"
59.1.161.15 - - [05/Nov/2024:00:12:30 +0900] "GET /wp-content/plugins/mangboard/assets/js/jquery.touchSwipe.min.js?ver=111 HTTP/1.1" 200 20394 "https://aps.or.kr/" "Mozilla/5.0 (iPhone; CPU iPhone OS 17_6_1 like Mac OS X) AppleWebKit/605.1.15 (KHTML, like Gecko) Version/17.6 Mobile/15E148 Safari/604.1"
59.1.161.15 - - [05/Nov/2024:00:12:30 +0900] "GET /wp-content/plugins/mangboard/assets/js/common.js?ver=111 HTTP/1.1" 200 28639 "https://aps.or.kr/" "Mozilla/5.0 (iPhone; CPU iPhone OS 17_6_1 like Mac OS X) AppleWebKit/605.1.15 (KHTML, like Gecko) Version/17.6 Mobile/15E148 Safari/604.1"
59.1.161.15 - - [05/Nov/2024:00:12:30 +0900] "GET /wp-content/plugins/mangboard/assets/js/jcarousel.swipe.js?ver=111 HTTP/1.1" 200 3007 "https://aps.or.kr/" "Mozilla/5.0 (iPhone; CPU iPhone OS 17_6_1 like Mac OS X) AppleWebKit/605.1.15 (KHTML, like Gecko) Version/17.6 Mobile/15E148 Safari/604.1"
59.1.161.15 - - [05/Nov/2024:00:12:30 +0900] "GET /wp-content/plugins/mangboard/assets/js/json2.js?ver=111 HTTP/1.1" 200 18058 "https://aps.or.kr/" "Mozilla/5.0 (iPhone; CPU iPhone OS 17_6_1 like Mac OS X) AppleWebKit/605.1.15 (KHTML, like Gecko) Version/17.6 Mobile/15E148 Safari/604.1"
59.1.161.15 - - [05/Nov/2024:00:12:30 +0900] "GET /wp-content/plugins/mangboard/assets/js/jquery.number.min.js?ver=111 HTTP/1.1" 200 6666 "https://aps.or.kr/" "Mozilla/5.0 (iPhone; CPU iPhone OS 17_6_1 like Mac OS X) AppleWebKit/605.1.15 (KHTML, like Gecko) Version/17.6 Mobile/15E148 Safari/604.1"
59.1.161.15 - - [05/Nov/2024:00:12:30 +0900] "GET /wp-content/plugins/mangboard/assets/js/jquery.jcarousel.min.js?ver=111 HTTP/1.1" 200 18136 "https://aps.or.kr/" "Mozilla/5.0 (iPhone; CPU iPhone OS 17_6_1 like Mac OS X) AppleWebKit/605.1.15 (KHTML, like Gecko) Version/17.6 Mobile/15E148 Safari/604.1"
59.1.161.15 - - [05/Nov/2024:00:12:30 +0900] "GET /wp-content/plugins/mangboard/assets/js/jquery.tipTip.min.js?ver=111 HTTP/1.1" 200 5271 "https://aps.or.kr/" "Mozilla/5.0 (iPhone; CPU iPhone OS 17_6_1 like Mac OS X) AppleWebKit/605.1.15 (KHTML, like Gecko) Version/17.6 Mobile/15E148 Safari/604.1"
59.1.161.15 - - [05/Nov/2024:00:12:30 +0900] "GET /wp-content/plugins/mangboard/plugins/popup/js/main.js?ver=111 HTTP/1.1" 200 14983 "https://aps.or.kr/" "Mozilla/5.0 (iPhone; CPU iPhone OS 17_6_1 like Mac OS X) AppleWebKit/605.1.15 (KHTML, like Gecko) Version/17.6 Mobile/15E148 Safari/604.1"
59.1.161.15 - - [05/Nov/2024:00:12:30 +0900] "GET /wp-content/plugins/mangboard/plugins/datepicker/js/datepicker.js?ver=111 HTTP/1.1" 200 1125 "https://aps.or.kr/" "Mozilla/5.0 (iPhone; CPU iPhone OS 17_6_1 like Mac OS X) AppleWebKit/605.1.15 (KHTML, like Gecko) Version/17.6 Mobile/15E148 Safari/604.1"
59.1.161.15 - - [05/Nov/2024:00:12:30 +0900] "GET /wp-includes/js/jquery/jquery.form.min.js?ver=4.3.0 HTTP/1.1" 200 15977 "https://aps.or.kr/" "Mozilla/5.0 (iPhone; CPU iPhone OS 17_6_1 like Mac OS X) AppleWebKit/605.1.15 (KHTML, like Gecko) Version/17.6 Mobile/15E148 Safari/604.1"
59.1.161.15 - - [05/Nov/2024:00:12:30 +0900] "GET /wp-includes/js/jquery/ui/core.min.js?ver=1.13.3 HTTP/1.1" 200 21464 "https://aps.or.kr/" "Mozilla/5.0 (iPhone; CPU iPhone OS 17_6_1 like Mac OS X) AppleWebKit/605.1.15 (KHTML, like Gecko) Version/17.6 Mobile/15E148 Safari/604.1"
59.1.161.15 - - [05/Nov/2024:00:12:30 +0900] "GET /wp-includes/js/jquery/ui/datepicker.min.js?ver=1.13.3 HTTP/1.1" 200 36748 "https://aps.or.kr/" "Mozilla/5.0 (iPhone; CPU iPhone OS 17_6_1 like Mac OS X) AppleWebKit/605.1.15 (KHTML, like Gecko) Version/17.6 Mobile/15E148 Safari/604.1"
59.1.161.15 - - [05/Nov/2024:00:12:30 +0900] "GET /wp-content/plugins/float-menu/public/assets/js/velocity.min.js?ver=6.0.4 HTTP/1.1" 200 44791 "https://aps.or.kr/" "Mozilla/5.0 (iPhone; CPU iPhone OS 17_6_1 like Mac OS X) AppleWebKit/605.1.15 (KHTML, like Gecko) Version/17.6 Mobile/15E148 Safari/604.1"
59.1.161.15 - - [05/Nov/2024:00:12:30 +0900] "GET /wp-content/plugins/kboard/template/js/script.js?ver=6.4 HTTP/1.1" 200 15862 "https://aps.or.kr/" "Mozilla/5.0 (iPhone; CPU iPhone OS 17_6_1 like Mac OS X) AppleWebKit/605.1.15 (KHTML, like Gecko) Version/17.6 Mobile/15E148 Safari/604.1"
59.1.161.15 - - [05/Nov/2024:00:12:30 +0900] "GET /wp-content/plugins/float-menu/public/assets/js/floatMenu.min.js?ver=6.0.4 HTTP/1.1" 200 22108 "https://aps.or.kr/" "Mozilla/5.0 (iPhone; CPU iPhone OS 17_6_1 like Mac OS X) AppleWebKit/605.1.15 (KHTML, like Gecko) Version/17.6 Mobile/15E148 Safari/604.1"
59.1.161.15 - - [05/Nov/2024:00:12:30 +0900] "GET /wp-content/themes/bravada/resources/js/frontend.js?ver=1.1.3 HTTP/1.1" 200 30149 "https://aps.or.kr/" "Mozilla/5.0 (iPhone; CPU iPhone OS 17_6_1 like Mac OS X) AppleWebKit/605.1.15 (KHTML, like Gecko) Version/17.6 Mobile/15E148 Safari/604.1"
59.1.161.15 - - [05/Nov/2024:00:12:30 +0900] "GET /wp-includes/js/masonry.min.js?ver=4.2.2 HTTP/1.1" 200 24138 "https://aps.or.kr/" "Mozilla/5.0 (iPhone; CPU iPhone OS 17_6_1 like Mac OS X) AppleWebKit/605.1.15 (KHTML, like Gecko) Version/17.6 Mobile/15E148 Safari/604.1"
59.1.161.15 - - [05/Nov/2024:00:12:30 +0900] "GET /wp-includes/js/imagesloaded.min.js?ver=5.0.0 HTTP/1.1" 200 5520 "https://aps.or.kr/" "Mozilla/5.0 (iPhone; CPU iPhone OS 17_6_1 like Mac OS X) AppleWebKit/605.1.15 (KHTML, like Gecko) Version/17.6 Mobile/15E148 Safari/604.1"
59.1.161.15 - - [05/Nov/2024:00:12:30 +0900] "GET /wp-includes/js/jquery/jquery.masonry.min.js?ver=3.1.2b HTTP/1.1" 200 1819 "https://aps.or.kr/" "Mozilla/5.0 (iPhone; CPU iPhone OS 17_6_1 like Mac OS X) AppleWebKit/605.1.15 (KHTML, like Gecko) Version/17.6 Mobile/15E148 Safari/604.1"
59.1.161.15 - - [05/Nov/2024:00:12:30 +0900] "GET /wp-content/plugins/mangboard/plugins/editor_composer/js/video.js?ver=111 HTTP/1.1" 200 642 "https://aps.or.kr/" "Mozilla/5.0 (iPhone; CPU iPhone OS 17_6_1 like Mac OS X) AppleWebKit/605.1.15 (KHTML, like Gecko) Version/17.6 Mobile/15E148 Safari/604.1"
59.1.161.15 - - [05/Nov/2024:00:12:30 +0900] "GET /wp-includes/js/jquery/jquery.min.js?ver=3.7.1 HTTP/1.1" 304 0 "https://aps.or.kr/" "Mozilla/5.0 (iPhone; CPU iPhone OS 17_6_1 like Mac OS X) AppleWebKit/605.1.15 (KHTML, like Gecko) Version/17.6 Mobile/15E148 Safari/604.1"
59.1.161.15 - - [05/Nov/2024:00:12:30 +0900] "GET /wp-content/uploads/2024/10/cropped-main.jpg HTTP/1.1" 200 91698 "https://aps.or.kr/" "Mozilla/5.0 (iPhone; CPU iPhone OS 17_6_1 like Mac OS X) AppleWebKit/605.1.15 (KHTML, like Gecko) Version/17.6 Mobile/15E148 Safari/604.1"
59.1.161.15 - - [05/Nov/2024:00:12:30 +0900] "GET /wp-content/themes/bravada/resources/fonts/iconmeta.ttf?9qd1ry HTTP/1.1" 200 51956 "https://aps.or.kr/" "Mozilla/5.0 (iPhone; CPU iPhone OS 17_6_1 like Mac OS X) AppleWebKit/605.1.15 (KHTML, like Gecko) Version/17.6 Mobile/15E148 Safari/604.1"
59.1.161.15 - - [05/Nov/2024:00:12:30 +0900] "GET /wp-content/plugins/float-menu//vendors/fontawesome/webfonts/fa-solid-900.woff2 HTTP/1.1" 200 157192 "https://aps.or.kr/" "Mozilla/5.0 (iPhone; CPU iPhone OS 17_6_1 like Mac OS X) AppleWebKit/605.1.15 (KHTML, like Gecko) Version/17.6 Mobile/15E148 Safari/604.1"
59.1.161.15 - - [05/Nov/2024:00:12:30 +0900] "GET /wp-content/plugins/float-menu//vendors/fontawesome/webfonts/fa-regular-400.woff2 HTTP/1.1" 200 25464 "https://aps.or.kr/" "Mozilla/5.0 (iPhone; CPU iPhone OS 17_6_1 like Mac OS X) AppleWebKit/605.1.15 (KHTML, like Gecko) Version/17.6 Mobile/15E148 Safari/604.1"
59.1.161.15 - - [05/Nov/2024:00:12:30 +0900] "GET /wp-content/uploads/2021/03/cropped-aps_favicon2-2-192x192.png HTTP/1.1" 200 4024 "https://aps.or.kr/" "Mozilla/5.0 (iPhone; CPU iPhone OS 17_6_1 like Mac OS X) AppleWebKit/605.1.15 (KHTML, like Gecko) Version/17.6 Mobile/15E148 Safari/604.1"
59.1.161.15 - - [05/Nov/2024:00:12:30 +0900] "GET /wp-content/uploads/2021/03/cropped-aps_favicon2-2-32x32.png HTTP/1.1" 200 509 "https://aps.or.kr/" "Mozilla/5.0 (iPhone; CPU iPhone OS 17_6_1 like Mac OS X) AppleWebKit/605.1.15 (KHTML, like Gecko) Version/17.6 Mobile/15E148 Safari/604.1"
20.171.206.50 - - [05/Nov/2024:00:12:31 +0900] "GET /?page_id=169&mod=document&category1=2022&pageid=1&uid=575 HTTP/1.1" 200 22988 "-" "Mozilla/5.0 AppleWebKit/537.36 (KHTML, like Gecko; compatible; GPTBot/1.2; +https://openai.com/gptbot)"
59.1.161.15 - - [05/Nov/2024:00:12:40 +0900] "GET /?cat=52 HTTP/1.1" 200 20057 "https://aps.or.kr/" "Mozilla/5.0 (iPhone; CPU iPhone OS 17_6_1 like Mac OS X) AppleWebKit/605.1.15 (KHTML, like Gecko) Version/17.6 Mobile/15E148 Safari/604.1"
59.1.161.15 - - [05/Nov/2024:00:12:47 +0900] "GET /?p=506 HTTP/1.1" 200 23088 "https://aps.or.kr/?cat=52" "Mozilla/5.0 (iPhone; CPU iPhone OS 17_6_1 like Mac OS X) AppleWebKit/605.1.15 (KHTML, like Gecko) Version/17.6 Mobile/15E148 Safari/604.1"
59.1.161.15 - - [05/Nov/2024:00:12:47 +0900] "GET /wp-content/uploads/2024/10/main-1536x864.jpg HTTP/1.1" 200 99977 "https://aps.or.kr/?p=506" "Mozilla/5.0 (iPhone; CPU iPhone OS 17_6_1 like Mac OS X) AppleWebKit/605.1.15 (KHTML, like Gecko) Version/17.6 Mobile/15E148 Safari/604.1"
59.1.161.15 - - [05/Nov/2024:00:12:47 +0900] "GET /wp-includes/js/comment-reply.min.js?ver=6.6.2 HTTP/1.1" 200 2981 "https://aps.or.kr/?p=506" "Mozilla/5.0 (iPhone; CPU iPhone OS 17_6_1 like Mac OS X) AppleWebKit/605.1.15 (KHTML, like Gecko) Version/17.6 Mobile/15E148 Safari/604.1"
59.1.161.15 - - [05/Nov/2024:00:12:47 +0900] "GET /wp-content/uploads/2023/11/2023%EB%8B%A8%EC%B2%B4%EC%82%AC%EC%A7%84.jpg HTTP/1.1" 200 488755 "https://aps.or.kr/?p=506" "Mozilla/5.0 (iPhone; CPU iPhone OS 17_6_1 like Mac OS X) AppleWebKit/605.1.15 (KHTML, like Gecko) Version/17.6 Mobile/15E148 Safari/604.1"
59.1.161.15 - - [05/Nov/2024:00:12:48 +0900] "GET /wp-content/uploads/2022/05/2022.jpg HTTP/1.1" 200 541388 "https://aps.or.kr/?p=506" "Mozilla/5.0 (iPhone; CPU iPhone OS 17_6_1 like Mac OS X) AppleWebKit/605.1.15 (KHTML, like Gecko) Version/17.6 Mobile/15E148 Safari/604.1"
20.171.206.50 - - [05/Nov/2024:00:12:49 +0900] "GET /wp-login.php?redirect_to=%2F%3Fpageid%3D48%26page_id%3D169%26mod%3Ddocument%26uid%3D527 HTTP/1.1" 200 3374 "-" "Mozilla/5.0 AppleWebKit/537.36 (KHTML, like Gecko; compatible; GPTBot/1.2; +https://openai.com/gptbot)"
20.171.206.50 - - [05/Nov/2024:00:12:50 +0900] "GET /?pageid=48&page_id=169&mod=document&uid=528 HTTP/1.1" 200 60371 "-" "Mozilla/5.0 AppleWebKit/537.36 (KHTML, like Gecko; compatible; GPTBot/1.2; +https://openai.com/gptbot)"
59.1.161.15 - - [05/Nov/2024:00:12:56 +0900] "GET /?page_id=361 HTTP/1.1" 200 24054 "https://aps.or.kr/?p=506" "Mozilla/5.0 (iPhone; CPU iPhone OS 17_6_1 like Mac OS X) AppleWebKit/605.1.15 (KHTML, like Gecko) Version/17.6 Mobile/15E148 Safari/604.1"
59.1.161.15 - - [05/Nov/2024:00:12:56 +0900] "GET /wp-content/uploads/2022/04/KakaoTalk_20220406_143451786-e1649225802594.jpg HTTP/1.1" 200 92923 "https://aps.or.kr/?page_id=361" "Mozilla/5.0 (iPhone; CPU iPhone OS 17_6_1 like Mac OS X) AppleWebKit/605.1.15 (KHTML, like Gecko) Version/17.6 Mobile/15E148 Safari/604.1"
59.1.161.15 - - [05/Nov/2024:00:12:56 +0900] "GET /wp-content/uploads/2022/04/KakaoTalk_20220406_143451786-512x300.jpg HTTP/1.1" 200 42107 "https://aps.or.kr/?page_id=361" "Mozilla/5.0 (iPhone; CPU iPhone OS 17_6_1 like Mac OS X) AppleWebKit/605.1.15 (KHTML, like Gecko) Version/17.6 Mobile/15E148 Safari/604.1"
59.1.161.15 - - [05/Nov/2024:00:12:56 +0900] "GET /wp-content/plugins/kboard/assets/font-awesome/css/font-awesome.min.css?ver=3.2.1 HTTP/1.1" 200 22487 "https://aps.or.kr/?page_id=361" "Mozilla/5.0 (iPhone; CPU iPhone OS 17_6_1 like Mac OS X) AppleWebKit/605.1.15 (KHTML, like Gecko) Version/17.6 Mobile/15E148 Safari/604.1"
59.1.161.15 - - [05/Nov/2024:00:12:56 +0900] "GET /wp-content/plugins/kboard/assets/font-awesome/font/fontawesome-webfont.woff?v=3.2.1 HTTP/1.1" 200 43572 "https://aps.or.kr/?page_id=361" "Mozilla/5.0 (iPhone; CPU iPhone OS 17_6_1 like Mac OS X) AppleWebKit/605.1.15 (KHTML, like Gecko) Version/17.6 Mobile/15E148 Safari/604.1"
59.1.161.15 - - [05/Nov/2024:00:12:57 +0900] "GET /?p=506 HTTP/1.1" 200 23081 "https://aps.or.kr/?cat=52" "Mozilla/5.0 (iPhone; CPU iPhone OS 17_6_1 like Mac OS X) AppleWebKit/605.1.15 (KHTML, like Gecko) Version/17.6 Mobile/15E148 Safari/604.1"
59.1.161.15 - - [05/Nov/2024:00:13:00 +0900] "GET /?cat=52 HTTP/1.1" 200 20058 "https://aps.or.kr/" "Mozilla/5.0 (iPhone; CPU iPhone OS 17_6_1 like Mac OS X) AppleWebKit/605.1.15 (KHTML, like Gecko) Version/17.6 Mobile/15E148 Safari/604.1"
192.168.0.1 - - [05/Nov/2024:00:13:11 +0900] "POST /wp-cron.php?doing_wp_cron=1730733191.7097239494323730468750 HTTP/1.1" 200 31 "-" "WordPress/6.6.2; https://aps.or.kr"
59.1.161.15 - - [05/Nov/2024:00:13:12 +0900] "GET /?p=506 HTTP/1.1" 200 23077 "https://aps.or.kr/?cat=52" "Mozilla/5.0 (iPhone; CPU iPhone OS 17_6_1 like Mac OS X) AppleWebKit/605.1.15 (KHTML, like Gecko) Version/17.6 Mobile/15E148 Safari/604.1"
59.1.161.15 - - [05/Nov/2024:00:13:12 +0900] "GET /?cat=52 HTTP/1.1" 200 20052 "https://aps.or.kr/" "Mozilla/5.0 (iPhone; CPU iPhone OS 17_6_1 like Mac OS X) AppleWebKit/605.1.15 (KHTML, like Gecko) Version/17.6 Mobile/15E148 Safari/604.1"
20.171.206.136 - - [05/Nov/2024:00:13:13 +0900] "GET /wp-login.php?redirect_to=https%253A%252F%252Faps.or.kr%252F%253Fpageid%253D45%2526page_id%253D169%2526uid%253D530%2526mod%253Ddocument HTTP/1.1" 200 3396 "-" "Mozilla/5.0 AppleWebKit/537.36 (KHTML, like Gecko; compatible; GPTBot/1.2; +https://openai.com/gptbot)"
20.171.206.136 - - [05/Nov/2024:00:13:14 +0900] "GET /wp-login.php?redirect_to=https%253A%252F%252Faps.or.kr%252F%253Fpageid%253D48%2526page_id%253D169%2526mod%253Ddocument%2526uid%253D527 HTTP/1.1" 200 3395 "-" "Mozilla/5.0 AppleWebKit/537.36 (KHTML, like Gecko; compatible; GPTBot/1.2; +https://openai.com/gptbot)"
20.171.206.136 - - [05/Nov/2024:00:13:15 +0900] "GET /?pageid=45&page_id=169&uid=529&mod=document HTTP/1.1" 200 124252 "-" "Mozilla/5.0 AppleWebKit/537.36 (KHTML, like Gecko; compatible; GPTBot/1.2; +https://openai.com/gptbot)"
20.171.206.136 - - [05/Nov/2024:00:13:16 +0900] "GET /wp-login.php?redirect_to=%2F%3Fpageid%3D45%26page_id%3D169%26uid%3D530%26mod%3Ddocument HTTP/1.1" 200 3374 "-" "Mozilla/5.0 AppleWebKit/537.36 (KHTML, like Gecko; compatible; GPTBot/1.2; +https://openai.com/gptbot)"
20.171.206.136 - - [05/Nov/2024:00:13:17 +0900] "GET /wp-login.php?redirect_to=https%253A%252F%252Faps.or.kr%252F%253Fpageid%253D45%2526page_id%253D169%2526mod%253Ddocument%2526uid%253D599 HTTP/1.1" 200 3396 "-" "Mozilla/5.0 AppleWebKit/537.36 (KHTML, like Gecko; compatible; GPTBot/1.2; +https://openai.com/gptbot)"
47.128.119.74 - - [05/Nov/2024:00:13:18 +0900] "GET /?category1=2024&mod=document&page_id=169&pageid=4&uid=1051 HTTP/1.1" 200 177345 "-" "Mozilla/5.0 (compatible; Bytespider; spider-feedback@bytedance.com) AppleWebKit/537.36 (KHTML, like Gecko) Chrome/70.0.0.0 Safari/537.36"
20.171.206.136 - - [05/Nov/2024:00:13:18 +0900] "GET /?pageid=45&page_id=169&mod=document&uid=605 HTTP/1.1" 200 91914 "-" "Mozilla/5.0 AppleWebKit/537.36 (KHTML, like Gecko; compatible; GPTBot/1.2; +https://openai.com/gptbot)"
20.171.206.136 - - [05/Nov/2024:00:13:19 +0900] "GET /wp-login.php?redirect_to=%2F%3Fpageid%3D45%26page_id%3D169%26mod%3Ddocument%26uid%3D599 HTTP/1.1" 200 3375 "-" "Mozilla/5.0 AppleWebKit/537.36 (KHTML, like Gecko; compatible; GPTBot/1.2; +https://openai.com/gptbot)"
59.1.161.15 - - [05/Nov/2024:00:13:20 +0900] "GET /?cat=52 HTTP/1.1" 200 20060 "https://aps.or.kr/?cat=52" "Mozilla/5.0 (iPhone; CPU iPhone OS 17_6_1 like Mac OS X) AppleWebKit/605.1.15 (KHTML, like Gecko) Version/17.6 Mobile/15E148 Safari/604.1"
20.171.206.136 - - [05/Nov/2024:00:13:21 +0900] "GET /?pageid=45&page_id=169&mod=document&uid=528 HTTP/1.1" 200 60367 "-" "Mozilla/5.0 AppleWebKit/537.36 (KHTML, like Gecko; compatible; GPTBot/1.2; +https://openai.com/gptbot)"
20.171.206.136 - - [05/Nov/2024:00:13:21 +0900] "GET /wp-login.php?redirect_to=https%253A%252F%252Faps.or.kr%252F%253Fpageid%253D5%2526page_id%253D169%2526category1%253D2022%2526uid%253D515%2526mod%253Ddocument HTTP/1.1" 200 3407 "-" "Mozilla/5.0 AppleWebKit/537.36 (KHTML, like Gecko; compatible; GPTBot/1.2; +https://openai.com/gptbot)"
20.171.206.136 - - [05/Nov/2024:00:13:23 +0900] "GET /?pageid=5&page_id=169&category1=2022&uid=516&mod=document HTTP/1.1" 200 278543 "-" "Mozilla/5.0 AppleWebKit/537.36 (KHTML, like Gecko; compatible; GPTBot/1.2; +https://openai.com/gptbot)"
20.171.206.136 - - [05/Nov/2024:00:13:24 +0900] "GET /wp-login.php?redirect_to=%2F%3Fpageid%3D5%26page_id%3D169%26category1%3D2022%26uid%3D515%26mod%3Ddocument HTTP/1.1" 200 3388 "-" "Mozilla/5.0 AppleWebKit/537.36 (KHTML, like Gecko; compatible; GPTBot/1.2; +https://openai.com/gptbot)"
20.171.206.136 - - [05/Nov/2024:00:13:25 +0900] "GET /wp-login.php?redirect_to=https%253A%252F%252Faps.or.kr%252F%253Fpageid%253D45%2526page_id%253D169%2526uid%253D594%2526mod%253Ddocument HTTP/1.1" 200 3396 "-" "Mozilla/5.0 AppleWebKit/537.36 (KHTML, like Gecko; compatible; GPTBot/1.2; +https://openai.com/gptbot)"
20.171.206.136 - - [05/Nov/2024:00:13:26 +0900] "GET /?pageid=45&page_id=169&uid=599&mod=document HTTP/1.1" 200 22945 "-" "Mozilla/5.0 AppleWebKit/537.36 (KHTML, like Gecko; compatible; GPTBot/1.2; +https://openai.com/gptbot)"
20.171.206.136 - - [05/Nov/2024:00:13:27 +0900] "GET /wp-login.php?redirect_to=%2F%3Fpageid%3D45%26page_id%3D169%26uid%3D594%26mod%3Ddocument HTTP/1.1" 200 3374 "-" "Mozilla/5.0 AppleWebKit/537.36 (KHTML, like Gecko; compatible; GPTBot/1.2; +https://openai.com/gptbot)"
20.171.206.136 - - [05/Nov/2024:00:13:28 +0900] "GET /?pageid=5&page_id=169&mod=document&category1=2022&uid=523 HTTP/1.1" 200 153655 "-" "Mozilla/5.0 AppleWebKit/537.36 (KHTML, like Gecko; compatible; GPTBot/1.2; +https://openai.com/gptbot)"
20.171.206.136 - - [05/Nov/2024:00:13:29 +0900] "GET /?pageid=1&page_id=169&category1=2022&uid=559&mod=document HTTP/1.1" 200 23050 "-" "Mozilla/5.0 AppleWebKit/537.36 (KHTML, like Gecko; compatible; GPTBot/1.2; +https://openai.com/gptbot)"
20.171.206.136 - - [05/Nov/2024:00:13:30 +0900] "GET /wp-login.php?redirect_to=https%253A%252F%252Faps.or.kr%252F%253Fpageid%253D2%2526page_id%253D169%2526category1%253D2022%2526uid%253D610%2526mod%253Ddocument HTTP/1.1" 200 3407 "-" "Mozilla/5.0 AppleWebKit/537.36 (KHTML, like Gecko; compatible; GPTBot/1.2; +https://openai.com/gptbot)"
20.171.206.136 - - [05/Nov/2024:00:13:32 +0900] "GET /?pageid=2&page_id=169&category1=2022&uid=611&mod=document HTTP/1.1" 200 261627 "-" "Mozilla/5.0 AppleWebKit/537.36 (KHTML, like Gecko; compatible; GPTBot/1.2; +https://openai.com/gptbot)"
20.171.206.136 - - [05/Nov/2024:00:13:32 +0900] "GET /wp-login.php?redirect_to=%2F%3Fpageid%3D2%26page_id%3D169%26category1%3D2022%26uid%3D610%26mod%3Ddocument HTTP/1.1" 200 3388 "-" "Mozilla/5.0 AppleWebKit/537.36 (KHTML, like Gecko; compatible; GPTBot/1.2; +https://openai.com/gptbot)"
20.171.206.136 - - [05/Nov/2024:00:13:34 +0900] "GET /?pageid=2&page_id=169&category1=2022&uid=529&mod=document HTTP/1.1" 200 124313 "-" "Mozilla/5.0 AppleWebKit/537.36 (KHTML, like Gecko; compatible; GPTBot/1.2; +https://openai.com/gptbot)"
20.171.206.136 - - [05/Nov/2024:00:13:35 +0900] "GET /?pageid=2&page_id=169&mod=document&category1=2022&uid=528 HTTP/1.1" 200 60436 "-" "Mozilla/5.0 AppleWebKit/537.36 (KHTML, like Gecko; compatible; GPTBot/1.2; +https://openai.com/gptbot)"
20.171.206.136 - - [05/Nov/2024:00:13:36 +0900] "GET /wp-login.php?redirect_to=https%253A%252F%252Faps.or.kr%252F%253Fpageid%253D2%2526page_id%253D169%2526category1%253D2022%2526uid%253D530%2526mod%253Ddocument HTTP/1.1" 200 3408 "-" "Mozilla/5.0 AppleWebKit/537.36 (KHTML, like Gecko; compatible; GPTBot/1.2; +https://openai.com/gptbot)"
20.171.206.136 - - [05/Nov/2024:00:13:37 +0900] "GET /wp-login.php?redirect_to=%2F%3Fpageid%3D2%26page_id%3D169%26category1%3D2022%26uid%3D530%26mod%3Ddocument HTTP/1.1" 200 3388 "-" "Mozilla/5.0 AppleWebKit/537.36 (KHTML, like Gecko; compatible; GPTBot/1.2; +https://openai.com/gptbot)"
20.171.206.136 - - [05/Nov/2024:00:13:39 +0900] "GET /?pageid=2&page_id=169&mod=document&category1=2022&uid=612 HTTP/1.1" 200 22967 "-" "Mozilla/5.0 AppleWebKit/537.36 (KHTML, like Gecko; compatible; GPTBot/1.2; +https://openai.com/gptbot)"
59.1.161.15 - - [05/Nov/2024:00:13:42 +0900] "GET / HTTP/1.1" 200 21871 "-" "Mozilla/5.0 (iPhone; CPU iPhone OS 17_6_1 like Mac OS X) AppleWebKit/605.1.15 (KHTML, like Gecko) Version/17.6 Mobile/15E148 Safari/604.1"
20.171.206.136 - - [05/Nov/2024:00:13:48 +0900] "GET /?pageid=4&page_id=169&mod=document&category1=2022&uid=551 HTTP/1.1" 200 22987 "-" "Mozilla/5.0 AppleWebKit/537.36 (KHTML, like Gecko; compatible; GPTBot/1.2; +https://openai.com/gptbot)"
20.171.206.136 - - [05/Nov/2024:00:13:50 +0900] "GET /?pageid=4&page_id=169&category1=2022&uid=550&mod=document HTTP/1.1" 200 108692 "-" "Mozilla/5.0 AppleWebKit/537.36 (KHTML, like Gecko; compatible; GPTBot/1.2; +https://openai.com/gptbot)"
20.171.206.136 - - [05/Nov/2024:00:13:51 +0900] "GET /?pageid=3&page_id=169&mod=document&category1=2022&uid=499 HTTP/1.1" 200 23070 "-" "Mozilla/5.0 AppleWebKit/537.36 (KHTML, like Gecko; compatible; GPTBot/1.2; +https://openai.com/gptbot)"
20.171.206.136 - - [05/Nov/2024:00:13:53 +0900] "GET /?pageid=1&page_id=169&mod=document&category1=2022&uid=558 HTTP/1.1" 200 676620 "-" "Mozilla/5.0 AppleWebKit/537.36 (KHTML, like Gecko; compatible; GPTBot/1.2; +https://openai.com/gptbot)"
157.55.39.11 - - [05/Nov/2024:00:14:02 +0900] "GET /561840apso-fjsk-b43cdauction.html HTTP/1.1" 404 197 "-" "Mozilla/5.0 AppleWebKit/537.36 (KHTML, like Gecko; compatible; bingbot/2.0; +http://www.bing.com/bingbot.htm) Chrome/116.0.1938.76 Safari/537.36"
192.168.0.1 - - [05/Nov/2024:00:14:13 +0900] "POST /wp-cron.php?doing_wp_cron=1730733253.4833049774169921875000 HTTP/1.1" 200 31 "-" "WordPress/6.6.2; https://aps.or.kr"
20.171.206.6 - - [05/Nov/2024:00:14:13 +0900] "GET /?pageid=3&page_id=169&mod=document&category1=2022&uid=585 HTTP/1.1" 200 22929 "-" "Mozilla/5.0 AppleWebKit/537.36 (KHTML, like Gecko; compatible; GPTBot/1.2; +https://openai.com/gptbot)"
20.171.206.6 - - [05/Nov/2024:00:14:15 +0900] "GET /?pageid=3&page_id=169&category1=2022&uid=500&mod=document HTTP/1.1" 200 23029 "-" "Mozilla/5.0 AppleWebKit/537.36 (KHTML, like Gecko; compatible; GPTBot/1.2; +https://openai.com/gptbot)"
20.171.206.6 - - [05/Nov/2024:00:14:17 +0900] "GET /wp-login.php?redirect_to=%2F%3Fpageid%3D3%26page_id%3D169%26category1%3D2022%26uid%3D501%26mod%3Ddocument HTTP/1.1" 200 3389 "-" "Mozilla/5.0 AppleWebKit/537.36 (KHTML, like Gecko; compatible; GPTBot/1.2; +https://openai.com/gptbot)"
59.1.161.15 - - [05/Nov/2024:00:14:17 +0900] "GET /?page_id=169 HTTP/1.1" 200 24488 "https://aps.or.kr/" "Mozilla/5.0 (iPhone; CPU iPhone OS 17_6_1 like Mac OS X) AppleWebKit/605.1.15 (KHTML, like Gecko) Version/17.6 Mobile/15E148 Safari/604.1"
59.1.161.15 - - [05/Nov/2024:00:14:17 +0900] "GET /wp-content/uploads/2024/10/g2-512x300.jpg HTTP/1.1" 200 40470 "https://aps.or.kr/?page_id=169" "Mozilla/5.0 (iPhone; CPU iPhone OS 17_6_1 like Mac OS X) AppleWebKit/605.1.15 (KHTML, like Gecko) Version/17.6 Mobile/15E148 Safari/604.1"
59.1.161.15 - - [05/Nov/2024:00:14:17 +0900] "GET /wp-content/uploads/kboard_thumbnails/6/202407/66a0c19f4d1522976696-120x90.jpg HTTP/1.1" 200 3405 "https://aps.or.kr/?page_id=169" "Mozilla/5.0 (iPhone; CPU iPhone OS 17_6_1 like Mac OS X) AppleWebKit/605.1.15 (KHTML, like Gecko) Version/17.6 Mobile/15E148 Safari/604.1"
59.1.161.15 - - [05/Nov/2024:00:14:17 +0900] "GET /wp-content/uploads/kboard_thumbnails/6/202407/66a0c19f4d1522976696-96x70.jpg HTTP/1.1" 200 2366 "https://aps.or.kr/?page_id=169" "Mozilla/5.0 (iPhone; CPU iPhone OS 17_6_1 like Mac OS X) AppleWebKit/605.1.15 (KHTML, like Gecko) Version/17.6 Mobile/15E148 Safari/604.1"
59.1.161.15 - - [05/Nov/2024:00:14:17 +0900] "GET /wp-content/uploads/kboard_thumbnails/6/202407/66a09c55e83e07064718-120x90.png HTTP/1.1" 200 23407 "https://aps.or.kr/?page_id=169" "Mozilla/5.0 (iPhone; CPU iPhone OS 17_6_1 like Mac OS X) AppleWebKit/605.1.15 (KHTML, like Gecko) Version/17.6 Mobile/15E148 Safari/604.1"
59.1.161.15 - - [05/Nov/2024:00:14:17 +0900] "GET /wp-content/uploads/kboard_thumbnails/6/202407/66a09c55e83e07064718-96x70.png HTTP/1.1" 200 14677 "https://aps.or.kr/?page_id=169" "Mozilla/5.0 (iPhone; CPU iPhone OS 17_6_1 like Mac OS X) AppleWebKit/605.1.15 (KHTML, like Gecko) Version/17.6 Mobile/15E148 Safari/604.1"
59.1.161.15 - - [05/Nov/2024:00:14:17 +0900] "GET /wp-content/uploads/2024/10/g2-scaled.jpg HTTP/1.1" 200 555081 "https://aps.or.kr/?page_id=169" "Mozilla/5.0 (iPhone; CPU iPhone OS 17_6_1 like Mac OS X) AppleWebKit/605.1.15 (KHTML, like Gecko) Version/17.6 Mobile/15E148 Safari/604.1"
59.1.161.15 - - [05/Nov/2024:00:14:17 +0900] "GET /wp-content/uploads/kboard_thumbnails/6/202407/66a09c15ed7bf3218625-120x90.png HTTP/1.1" 200 7948 "https://aps.or.kr/?page_id=169" "Mozilla/5.0 (iPhone; CPU iPhone OS 17_6_1 like Mac OS X) AppleWebKit/605.1.15 (KHTML, like Gecko) Version/17.6 Mobile/15E148 Safari/604.1"
59.1.161.15 - - [05/Nov/2024:00:14:17 +0900] "GET /wp-content/uploads/kboard_thumbnails/6/202407/66a09c15ed7bf3218625-96x70.png HTTP/1.1" 200 5337 "https://aps.or.kr/?page_id=169" "Mozilla/5.0 (iPhone; CPU iPhone OS 17_6_1 like Mac OS X) AppleWebKit/605.1.15 (KHTML, like Gecko) Version/17.6 Mobile/15E148 Safari/604.1"
59.1.161.15 - - [05/Nov/2024:00:14:17 +0900] "GET /wp-content/uploads/kboard_thumbnails/6/202407/66a09bfa5e1761027763-96x70.jpg HTTP/1.1" 200 2458 "https://aps.or.kr/?page_id=169" "Mozilla/5.0 (iPhone; CPU iPhone OS 17_6_1 like Mac OS X) AppleWebKit/605.1.15 (KHTML, like Gecko) Version/17.6 Mobile/15E148 Safari/604.1"
59.1.161.15 - - [05/Nov/2024:00:14:17 +0900] "GET /wp-content/uploads/kboard_thumbnails/6/202407/66a09bfa5e1761027763-120x90.jpg HTTP/1.1" 200 3561 "https://aps.or.kr/?page_id=169" "Mozilla/5.0 (iPhone; CPU iPhone OS 17_6_1 like Mac OS X) AppleWebKit/605.1.15 (KHTML, like Gecko) Version/17.6 Mobile/15E148 Safari/604.1"
59.1.161.15 - - [05/Nov/2024:00:14:17 +0900] "GET /wp-content/uploads/kboard_thumbnails/6/202407/669e3cd9cca6b2886575-120x90.png HTTP/1.1" 200 11111 "https://aps.or.kr/?page_id=169" "Mozilla/5.0 (iPhone; CPU iPhone OS 17_6_1 like Mac OS X) AppleWebKit/605.1.15 (KHTML, like Gecko) Version/17.6 Mobile/15E148 Safari/604.1"
59.1.161.15 - - [05/Nov/2024:00:14:17 +0900] "GET /wp-content/uploads/kboard_thumbnails/6/202407/6698aaa9ba07f1158347-96x70.jpg HTTP/1.1" 200 1657 "https://aps.or.kr/?page_id=169" "Mozilla/5.0 (iPhone; CPU iPhone OS 17_6_1 like Mac OS X) AppleWebKit/605.1.15 (KHTML, like Gecko) Version/17.6 Mobile/15E148 Safari/604.1"
59.1.161.15 - - [05/Nov/2024:00:14:17 +0900] "GET /wp-content/uploads/kboard_thumbnails/6/202407/6697466dcdb437455153-96x70.jpg HTTP/1.1" 200 2425 "https://aps.or.kr/?page_id=169" "Mozilla/5.0 (iPhone; CPU iPhone OS 17_6_1 like Mac OS X) AppleWebKit/605.1.15 (KHTML, like Gecko) Version/17.6 Mobile/15E148 Safari/604.1"
59.1.161.15 - - [05/Nov/2024:00:14:17 +0900] "GET /wp-content/uploads/kboard_thumbnails/6/202407/6697466dcdb437455153-120x90.jpg HTTP/1.1" 200 3334 "https://aps.or.kr/?page_id=169" "Mozilla/5.0 (iPhone; CPU iPhone OS 17_6_1 like Mac OS X) AppleWebKit/605.1.15 (KHTML, like Gecko) Version/17.6 Mobile/15E148 Safari/604.1"
59.1.161.15 - - [05/Nov/2024:00:14:17 +0900] "GET /wp-content/uploads/kboard_thumbnails/6/202407/669e3c55d399d4937749-96x70.jpg HTTP/1.1" 200 1539 "https://aps.or.kr/?page_id=169" "Mozilla/5.0 (iPhone; CPU iPhone OS 17_6_1 like Mac OS X) AppleWebKit/605.1.15 (KHTML, like Gecko) Version/17.6 Mobile/15E148 Safari/604.1"
59.1.161.15 - - [05/Nov/2024:00:14:17 +0900] "GET /wp-content/uploads/kboard_thumbnails/6/202407/66961d935d4cb9257706-96x70.jpg HTTP/1.1" 200 1261 "https://aps.or.kr/?page_id=169" "Mozilla/5.0 (iPhone; CPU iPhone OS 17_6_1 like Mac OS X) AppleWebKit/605.1.15 (KHTML, like Gecko) Version/17.6 Mobile/15E148 Safari/604.1"
59.1.161.15 - - [05/Nov/2024:00:14:17 +0900] "GET /wp-content/uploads/kboard_thumbnails/6/202407/66961d935d4cb9257706-120x90.jpg HTTP/1.1" 200 1644 "https://aps.or.kr/?page_id=169" "Mozilla/5.0 (iPhone; CPU iPhone OS 17_6_1 like Mac OS X) AppleWebKit/605.1.15 (KHTML, like Gecko) Version/17.6 Mobile/15E148 Safari/604.1"
59.1.161.15 - - [05/Nov/2024:00:14:17 +0900] "GET /wp-content/uploads/kboard_thumbnails/6/202407/669e3cd9cca6b2886575-96x70.png HTTP/1.1" 200 7747 "https://aps.or.kr/?page_id=169" "Mozilla/5.0 (iPhone; CPU iPhone OS 17_6_1 like Mac OS X) AppleWebKit/605.1.15 (KHTML, like Gecko) Version/17.6 Mobile/15E148 Safari/604.1"
59.1.161.15 - - [05/Nov/2024:00:14:17 +0900] "GET /wp-content/uploads/kboard_thumbnails/6/202407/6698aaa9ba07f1158347-120x90.jpg HTTP/1.1" 200 2284 "https://aps.or.kr/?page_id=169" "Mozilla/5.0 (iPhone; CPU iPhone OS 17_6_1 like Mac OS X) AppleWebKit/605.1.15 (KHTML, like Gecko) Version/17.6 Mobile/15E148 Safari/604.1"
59.1.161.15 - - [05/Nov/2024:00:14:17 +0900] "GET /wp-content/uploads/kboard_thumbnails/6/202407/669e3c55d399d4937749-120x90.jpg HTTP/1.1" 200 2156 "https://aps.or.kr/?page_id=169" "Mozilla/5.0 (iPhone; CPU iPhone OS 17_6_1 like Mac OS X) AppleWebKit/605.1.15 (KHTML, like Gecko) Version/17.6 Mobile/15E148 Safari/604.1"
