20.171.206.7 - - [05/Nov/2024:00:25:57 +0900] "GET /?page_id=169&mod=document&uid=1097 HTTP/1.1" 200 121782 "-" "Mozilla/5.0 AppleWebKit/537.36 (KHTML, like Gecko; compatible; GPTBot/1.2; +https://openai.com/gptbot)"
20.171.206.7 - - [05/Nov/2024:00:25:58 +0900] "GET /wp-login.php?redirect_to=https%253A%252F%252Faps.or.kr%252F%253Fpage_id%253D1003%2526board_page%253D4%2526vid%253D6 HTTP/1.1" 200 3388 "-" "Mozilla/5.0 AppleWebKit/537.36 (KHTML, like Gecko; compatible; GPTBot/1.2; +https://openai.com/gptbot)"
20.171.206.7 - - [05/Nov/2024:00:25:59 +0900] "GET /?page_id=1003&board_page=4&vid=54 HTTP/1.1" 200 26345 "-" "Mozilla/5.0 AppleWebKit/537.36 (KHTML, like Gecko; compatible; GPTBot/1.2; +https://openai.com/gptbot)"
20.171.206.203 - - [05/Nov/2024:00:26:00 +0900] "GET /?page_id=1003&board_page=4&vid=5 HTTP/1.1" 200 26987 "-" "Mozilla/5.0 AppleWebKit/537.36 (KHTML, like Gecko; compatible; GPTBot/1.2; +https://openai.com/gptbot)"
20.171.206.203 - - [05/Nov/2024:00:26:01 +0900] "GET /?kboard_content_redirect=707 HTTP/1.1" 301 5 "-" "Mozilla/5.0 AppleWebKit/537.36 (KHTML, like Gecko; compatible; GPTBot/1.2; +https://openai.com/gptbot)"
20.171.206.203 - - [05/Nov/2024:00:26:02 +0900] "GET /?page_id=1003&board_page=5&vid=30 HTTP/1.1" 200 26553 "-" "Mozilla/5.0 AppleWebKit/537.36 (KHTML, like Gecko; compatible; GPTBot/1.2; +https://openai.com/gptbot)"
20.171.206.203 - - [05/Nov/2024:00:26:03 +0900] "GET /?action=kboard_document_print&uid=707 HTTP/1.1" 200 167133 "-" "Mozilla/5.0 AppleWebKit/537.36 (KHTML, like Gecko; compatible; GPTBot/1.2; +https://openai.com/gptbot)"
20.171.206.203 - - [05/Nov/2024:00:26:04 +0900] "GET /?page_id=169&mod=document&category1=2023&pageid=1&uid=706 HTTP/1.1" 200 74697 "-" "Mozilla/5.0 AppleWebKit/537.36 (KHTML, like Gecko; compatible; GPTBot/1.2; +https://openai.com/gptbot)"
20.171.206.203 - - [05/Nov/2024:00:26:14 +0900] "GET /?page_id=169&mod=document&uid=708 HTTP/1.1" 200 92903 "-" "Mozilla/5.0 AppleWebKit/537.36 (KHTML, like Gecko; compatible; GPTBot/1.2; +https://openai.com/gptbot)"
20.171.206.203 - - [05/Nov/2024:00:26:15 +0900] "GET /wp-login.php?redirect_to=https%253A%252F%252Faps.or.kr%252F%253Fpage_id%253D1003%2526board_page%253D5%2526vid%253D29 HTTP/1.1" 200 3390 "-" "Mozilla/5.0 AppleWebKit/537.36 (KHTML, like Gecko; compatible; GPTBot/1.2; +https://openai.com/gptbot)"
20.171.206.203 - - [05/Nov/2024:00:26:17 +0900] "GET /?page_id=169&mod=document&uid=1075&pageid=1 HTTP/1.1" 200 111117 "-" "Mozilla/5.0 AppleWebKit/537.36 (KHTML, like Gecko; compatible; GPTBot/1.2; +https://openai.com/gptbot)"
20.171.206.203 - - [05/Nov/2024:00:26:28 +0900] "GET /?page_id=1003&board_page=2&vid=54 HTTP/1.1" 200 26345 "-" "Mozilla/5.0 AppleWebKit/537.36 (KHTML, like Gecko; compatible; GPTBot/1.2; +https://openai.com/gptbot)"
20.171.206.203 - - [05/Nov/2024:00:26:29 +0900] "GET /?page_id=169&mod=document&uid=1071 HTTP/1.1" 200 264453 "-" "Mozilla/5.0 AppleWebKit/537.36 (KHTML, like Gecko; compatible; GPTBot/1.2; +https://openai.com/gptbot)"
20.171.206.203 - - [05/Nov/2024:00:26:30 +0900] "GET /?page_id=1003&board_page=2&vid=103 HTTP/1.1" 200 26261 "-" "Mozilla/5.0 AppleWebKit/537.36 (KHTML, like Gecko; compatible; GPTBot/1.2; +https://openai.com/gptbot)"
20.171.206.203 - - [05/Nov/2024:00:26:40 +0900] "GET /?action=kboard_document_print&uid=1070 HTTP/1.1" 200 323581 "-" "Mozilla/5.0 AppleWebKit/537.36 (KHTML, like Gecko; compatible; GPTBot/1.2; +https://openai.com/gptbot)"
20.171.206.203 - - [05/Nov/2024:00:26:41 +0900] "GET /?page_id=169&mod=document&category1=2024&pageid=1&uid=1069 HTTP/1.1" 200 246029 "-" "Mozilla/5.0 AppleWebKit/537.36 (KHTML, like Gecko; compatible; GPTBot/1.2; +https://openai.com/gptbot)"
20.171.206.203 - - [05/Nov/2024:00:26:42 +0900] "GET /?kboard_content_redirect=1070 HTTP/1.1" 301 5 "-" "Mozilla/5.0 AppleWebKit/537.36 (KHTML, like Gecko; compatible; GPTBot/1.2; +https://openai.com/gptbot)"
20.171.206.203 - - [05/Nov/2024:00:26:43 +0900] "GET /?page_id=169&mod=document&category1=2022&pageid=1&uid=570 HTTP/1.1" 200 23048 "-" "Mozilla/5.0 AppleWebKit/537.36 (KHTML, like Gecko; compatible; GPTBot/1.2; +https://openai.com/gptbot)"
20.171.206.203 - - [05/Nov/2024:00:26:44 +0900] "GET /wp-login.php?redirect_to=%2F%3Fpageid%3D48%26page_id%3D169%26mod%3Ddocument%26uid%3D529 HTTP/1.1" 200 3375 "-" "Mozilla/5.0 AppleWebKit/537.36 (KHTML, like Gecko; compatible; GPTBot/1.2; +https://openai.com/gptbot)"
20.171.206.203 - - [05/Nov/2024:00:26:54 +0900] "GET /wp-login.php?redirect_to=https%253A%252F%252Faps.or.kr%252F%253Fpageid%253D48%2526page_id%253D169%2526mod%253Ddocument%2526uid%253D529 HTTP/1.1" 200 3396 "-" "Mozilla/5.0 AppleWebKit/537.36 (KHTML, like Gecko; compatible; GPTBot/1.2; +https://openai.com/gptbot)"
192.168.0.1 - - [05/Nov/2024:00:26:55 +0900] "POST /wp-cron.php?doing_wp_cron=1730734015.4133160114288330078125 HTTP/1.1" 200 31 "-" "WordPress/6.6.2; https://aps.or.kr"
20.171.206.203 - - [05/Nov/2024:00:26:56 +0900] "GET /?pageid=48&page_id=169&mod=document&uid=530 HTTP/1.1" 200 310316 "-" "Mozilla/5.0 AppleWebKit/537.36 (KHTML, like Gecko; compatible; GPTBot/1.2; +https://openai.com/gptbot)"
20.171.206.203 - - [05/Nov/2024:00:26:56 +0900] "GET /?pageid=45&page_id=169&uid=527&mod=document HTTP/1.1" 200 54369 "-" "Mozilla/5.0 AppleWebKit/537.36 (KHTML, like Gecko; compatible; GPTBot/1.2; +https://openai.com/gptbot)"
20.171.206.203 - - [05/Nov/2024:00:26:58 +0900] "GET /wp-login.php?redirect_to=%2F%3Fpageid%3D45%26page_id%3D169%26uid%3D528%26mod%3Ddocument HTTP/1.1" 200 3374 "-" "Mozilla/5.0 AppleWebKit/537.36 (KHTML, like Gecko; compatible; GPTBot/1.2; +https://openai.com/gptbot)"
20.171.206.203 - - [05/Nov/2024:00:26:59 +0900] "GET /wp-login.php?redirect_to=https%253A%252F%252Faps.or.kr%252F%253Fpageid%253D45%2526page_id%253D169%2526uid%253D528%2526mod%253Ddocument HTTP/1.1" 200 3396 "-" "Mozilla/5.0 AppleWebKit/537.36 (KHTML, like Gecko; compatible; GPTBot/1.2; +https://openai.com/gptbot)"
20.171.206.129 - - [05/Nov/2024:00:27:01 +0900] "GET /wp-login.php?redirect_to=https%253A%252F%252Faps.or.kr%252F%253Fpageid%253D45%2526page_id%253D169%2526mod%253Ddocument%2526uid%253D606 HTTP/1.1" 200 3395 "-" "Mozilla/5.0 AppleWebKit/537.36 (KHTML, like Gecko; compatible; GPTBot/1.2; +https://openai.com/gptbot)"
20.171.206.129 - - [05/Nov/2024:00:27:01 +0900] "GET /wp-login.php?redirect_to=%2F%3Fpageid%3D45%26page_id%3D169%26mod%3Ddocument%26uid%3D606 HTTP/1.1" 200 3374 "-" "Mozilla/5.0 AppleWebKit/537.36 (KHTML, like Gecko; compatible; GPTBot/1.2; +https://openai.com/gptbot)"
20.171.206.129 - - [05/Nov/2024:00:27:02 +0900] "GET /?pageid=45&page_id=169&mod=document&uid=607 HTTP/1.1" 200 89553 "-" "Mozilla/5.0 AppleWebKit/537.36 (KHTML, like Gecko; compatible; GPTBot/1.2; +https://openai.com/gptbot)"
20.171.206.129 - - [05/Nov/2024:00:27:03 +0900] "GET /wp-login.php?redirect_to=https%253A%252F%252Faps.or.kr%252F%253Fpageid%253D45%2526page_id%253D169%2526uid%253D605%2526mod%253Ddocument HTTP/1.1" 200 3395 "-" "Mozilla/5.0 AppleWebKit/537.36 (KHTML, like Gecko; compatible; GPTBot/1.2; +https://openai.com/gptbot)"
20.171.206.129 - - [05/Nov/2024:00:27:14 +0900] "GET /?pageid=45&page_id=169&mod=document&uid=525 HTTP/1.1" 200 600885 "-" "Mozilla/5.0 AppleWebKit/537.36 (KHTML, like Gecko; compatible; GPTBot/1.2; +https://openai.com/gptbot)"
20.171.206.129 - - [05/Nov/2024:00:27:15 +0900] "GET /?pageid=45&page_id=169&uid=606&mod=document HTTP/1.1" 200 22907 "-" "Mozilla/5.0 AppleWebKit/537.36 (KHTML, like Gecko; compatible; GPTBot/1.2; +https://openai.com/gptbot)"
20.171.206.129 - - [05/Nov/2024:00:27:16 +0900] "GET /?pageid=5&page_id=169&category1=2022&uid=524&mod=document HTTP/1.1" 200 66340 "-" "Mozilla/5.0 AppleWebKit/537.36 (KHTML, like Gecko; compatible; GPTBot/1.2; +https://openai.com/gptbot)"
20.171.206.129 - - [05/Nov/2024:00:27:18 +0900] "GET /wp-login.php?redirect_to=%2F%3Fpageid%3D5%26page_id%3D169%26category1%3D2022%26uid%3D523%26mod%3Ddocument HTTP/1.1" 200 3388 "-" "Mozilla/5.0 AppleWebKit/537.36 (KHTML, like Gecko; compatible; GPTBot/1.2; +https://openai.com/gptbot)"
20.171.206.129 - - [05/Nov/2024:00:27:19 +0900] "GET /wp-login.php?redirect_to=https%253A%252F%252Faps.or.kr%252F%253Fpageid%253D5%2526page_id%253D169%2526category1%253D2022%2526uid%253D523%2526mod%253Ddocument HTTP/1.1" 200 3408 "-" "Mozilla/5.0 AppleWebKit/537.36 (KHTML, like Gecko; compatible; GPTBot/1.2; +https://openai.com/gptbot)"
20.171.206.129 - - [05/Nov/2024:00:27:20 +0900] "GET /wp-login.php?redirect_to=%2F%3Fpageid%3D45%26page_id%3D169%26uid%3D605%26mod%3Ddocument HTTP/1.1" 200 3373 "-" "Mozilla/5.0 AppleWebKit/537.36 (KHTML, like Gecko; compatible; GPTBot/1.2; +https://openai.com/gptbot)"
20.171.206.129 - - [05/Nov/2024:00:27:21 +0900] "GET /?pageid=5&page_id=169&mod=document&category1=2022&uid=527 HTTP/1.1" 200 54455 "-" "Mozilla/5.0 AppleWebKit/537.36 (KHTML, like Gecko; compatible; GPTBot/1.2; +https://openai.com/gptbot)"
20.171.206.129 - - [05/Nov/2024:00:27:22 +0900] "GET /?pageid=1&page_id=169&category1=2022&uid=552&mod=document HTTP/1.1" 200 105476 "-" "Mozilla/5.0 AppleWebKit/537.36 (KHTML, like Gecko; compatible; GPTBot/1.2; +https://openai.com/gptbot)"
20.171.206.129 - - [05/Nov/2024:00:27:23 +0900] "GET /?pageid=2&page_id=169&category1=2022&uid=616&mod=document HTTP/1.1" 200 22854 "-" "Mozilla/5.0 AppleWebKit/537.36 (KHTML, like Gecko; compatible; GPTBot/1.2; +https://openai.com/gptbot)"
20.171.206.129 - - [05/Nov/2024:00:27:24 +0900] "GET /wp-login.php?redirect_to=https%253A%252F%252Faps.or.kr%252F%253Fpageid%253D2%2526page_id%253D169%2526category1%253D2022%2526uid%253D612%2526mod%253Ddocument HTTP/1.1" 200 3407 "-" "Mozilla/5.0 AppleWebKit/537.36 (KHTML, like Gecko; compatible; GPTBot/1.2; +https://openai.com/gptbot)"
20.171.206.129 - - [05/Nov/2024:00:27:25 +0900] "GET /wp-login.php?redirect_to=%2F%3Fpageid%3D2%26page_id%3D169%26category1%3D2022%26uid%3D612%26mod%3Ddocument HTTP/1.1" 200 3387 "-" "Mozilla/5.0 AppleWebKit/537.36 (KHTML, like Gecko; compatible; GPTBot/1.2; +https://openai.com/gptbot)"
20.171.206.129 - - [05/Nov/2024:00:27:26 +0900] "GET /wp-login.php?redirect_to=%2F%3Fpageid%3D2%26page_id%3D169%26category1%3D2022%26uid%3D528%26mod%3Ddocument HTTP/1.1" 200 3388 "-" "Mozilla/5.0 AppleWebKit/537.36 (KHTML, like Gecko; compatible; GPTBot/1.2; +https://openai.com/gptbot)"
20.171.206.129 - - [05/Nov/2024:00:27:28 +0900] "GET /?pageid=2&page_id=169&category1=2022&uid=527&mod=document HTTP/1.1" 200 54461 "-" "Mozilla/5.0 AppleWebKit/537.36 (KHTML, like Gecko; compatible; GPTBot/1.2; +https://openai.com/gptbot)"
20.171.206.129 - - [05/Nov/2024:00:27:29 +0900] "GET /wp-login.php?redirect_to=https%253A%252F%252Faps.or.kr%252F%253Fpageid%253D2%2526page_id%253D169%2526category1%253D2022%2526uid%253D528%2526mod%253Ddocument HTTP/1.1" 200 3408 "-" "Mozilla/5.0 AppleWebKit/537.36 (KHTML, like Gecko; compatible; GPTBot/1.2; +https://openai.com/gptbot)"
20.171.206.129 - - [05/Nov/2024:00:27:30 +0900] "GET /?pageid=2&page_id=169&mod=document&category1=2022&uid=524 HTTP/1.1" 200 66349 "-" "Mozilla/5.0 AppleWebKit/537.36 (KHTML, like Gecko; compatible; GPTBot/1.2; +https://openai.com/gptbot)"
20.171.206.129 - - [05/Nov/2024:00:27:31 +0900] "GET /?pageid=4&page_id=169&category1=2022&uid=552&mod=document HTTP/1.1" 200 105476 "-" "Mozilla/5.0 AppleWebKit/537.36 (KHTML, like Gecko; compatible; GPTBot/1.2; +https://openai.com/gptbot)"
20.171.206.129 - - [05/Nov/2024:00:27:45 +0900] "GET /?pageid=4&page_id=169&mod=document&category1=2022&uid=558 HTTP/1.1" 200 676652 "-" "Mozilla/5.0 AppleWebKit/537.36 (KHTML, like Gecko; compatible; GPTBot/1.2; +https://openai.com/gptbot)"
20.171.206.129 - - [05/Nov/2024:00:27:46 +0900] "GET /?pageid=3&page_id=169&mod=document&category1=2022&uid=476 HTTP/1.1" 200 99698 "-" "Mozilla/5.0 AppleWebKit/537.36 (KHTML, like Gecko; compatible; GPTBot/1.2; +https://openai.com/gptbot)"
20.171.206.129 - - [05/Nov/2024:00:27:50 +0900] "GET /?pageid=3&page_id=169&mod=document&category1=2022&uid=591 HTTP/1.1" 200 597098 "-" "Mozilla/5.0 AppleWebKit/537.36 (KHTML, like Gecko; compatible; GPTBot/1.2; +https://openai.com/gptbot)"
20.171.206.129 - - [05/Nov/2024:00:27:51 +0900] "GET /wp-login.php?redirect_to=%2F%3Fpageid%3D3%26page_id%3D169%26category1%3D2022%26uid%3D499%26mod%3Ddocument HTTP/1.1" 200 3388 "-" "Mozilla/5.0 AppleWebKit/537.36 (KHTML, like Gecko; compatible; GPTBot/1.2; +https://openai.com/gptbot)"
209.141.57.223 - - [05/Nov/2024:00:27:53 +0900] "GET /wp-login.php HTTP/1.1" 200 8844 "-" "Mozilla/5.0 (Macintosh; Intel Mac OS X 10_9_0) AppleWebKit/537.36 (KHTML, like Gecko) Chrome/36.0.1985.125 Safari/537.36"
209.141.57.223 - - [05/Nov/2024:00:27:53 +0900] "POST /wp-login.php HTTP/1.1" 200 9302 "-" "Mozilla/5.0 (Macintosh; Intel Mac OS X 10_9_0) AppleWebKit/537.36 (KHTML, like Gecko) Chrome/36.0.1985.125 Safari/537.36"
20.171.206.129 - - [05/Nov/2024:00:27:54 +0900] "GET /wp-login.php?redirect_to=https%253A%252F%252Faps.or.kr%252F%253Fpageid%253D3%2526page_id%253D169%2526category1%253D2022%2526uid%253D499%2526mod%253Ddocument HTTP/1.1" 200 3407 "-" "Mozilla/5.0 AppleWebKit/537.36 (KHTML, like Gecko; compatible; GPTBot/1.2; +https://openai.com/gptbot)"
192.168.0.1 - - [05/Nov/2024:00:27:57 +0900] "POST /wp-cron.php?doing_wp_cron=1730734077.5270490646362304687500 HTTP/1.1" 200 31 "-" "WordPress/6.6.2; https://aps.or.kr"
20.171.206.129 - - [05/Nov/2024:00:27:57 +0900] "GET /?pageid=1&page_id=169&mod=document&category1=2022&uid=551 HTTP/1.1" 200 22977 "-" "Mozilla/5.0 AppleWebKit/537.36 (KHTML, like Gecko; compatible; GPTBot/1.2; +https://openai.com/gptbot)"
20.171.206.189 - - [05/Nov/2024:00:28:00 +0900] "GET /?pageid=3&page_id=169&category1=2022&uid=481&mod=document HTTP/1.1" 200 57884 "-" "Mozilla/5.0 AppleWebKit/537.36 (KHTML, like Gecko; compatible; GPTBot/1.2; +https://openai.com/gptbot)"
20.171.206.189 - - [05/Nov/2024:00:28:17 +0900] "GET /?pageid=41&page_id=169&mod=document&uid=617 HTTP/1.1" 200 22938 "-" "Mozilla/5.0 AppleWebKit/537.36 (KHTML, like Gecko; compatible; GPTBot/1.2; +https://openai.com/gptbot)"
20.171.206.189 - - [05/Nov/2024:00:28:17 +0900] "GET /wp-login.php?redirect_to=https%253A%252F%252Faps.or.kr%252F%253Fpageid%253D41%2526page_id%253D169%2526mod%253Ddocument%2526uid%253D618 HTTP/1.1" 200 3394 "-" "Mozilla/5.0 AppleWebKit/537.36 (KHTML, like Gecko; compatible; GPTBot/1.2; +https://openai.com/gptbot)"
20.171.206.189 - - [05/Nov/2024:00:28:19 +0900] "GET /wp-login.php?redirect_to=%2F%3Fpageid%3D41%26page_id%3D169%26mod%3Ddocument%26uid%3D618 HTTP/1.1" 200 3372 "-" "Mozilla/5.0 AppleWebKit/537.36 (KHTML, like Gecko; compatible; GPTBot/1.2; +https://openai.com/gptbot)"
20.171.206.189 - - [05/Nov/2024:00:28:21 +0900] "GET /?pageid=3&page_id=169&category1=2022&uid=586&mod=document HTTP/1.1" 200 22936 "-" "Mozilla/5.0 AppleWebKit/537.36 (KHTML, like Gecko; compatible; GPTBot/1.2; +https://openai.com/gptbot)"
20.171.206.189 - - [05/Nov/2024:00:28:22 +0900] "GET /wp-login.php?redirect_to=https%253A%252F%252Faps.or.kr%252F%253Fpageid%253D3%2526page_id%253D169%2526category1%253D2022%2526uid%253D585%2526mod%253Ddocument HTTP/1.1" 200 3408 "-" "Mozilla/5.0 AppleWebKit/537.36 (KHTML, like Gecko; compatible; GPTBot/1.2; +https://openai.com/gptbot)"
20.171.206.189 - - [05/Nov/2024:00:28:23 +0900] "GET /wp-login.php?redirect_to=%2F%3Fpageid%3D3%26page_id%3D169%26category1%3D2022%26uid%3D585%26mod%3Ddocument HTTP/1.1" 200 3389 "-" "Mozilla/5.0 AppleWebKit/537.36 (KHTML, like Gecko; compatible; GPTBot/1.2; +https://openai.com/gptbot)"
20.171.206.189 - - [05/Nov/2024:00:28:25 +0900] "GET /?pageid=41&page_id=169&uid=618&mod=document HTTP/1.1" 200 200156 "-" "Mozilla/5.0 AppleWebKit/537.36 (KHTML, like Gecko; compatible; GPTBot/1.2; +https://openai.com/gptbot)"
20.171.206.189 - - [05/Nov/2024:00:28:26 +0900] "GET /wp-login.php?redirect_to=https%253A%252F%252Faps.or.kr%252F%253Fpageid%253D41%2526page_id%253D169%2526uid%253D619%2526mod%253Ddocument HTTP/1.1" 200 3395 "-" "Mozilla/5.0 AppleWebKit/537.36 (KHTML, like Gecko; compatible; GPTBot/1.2; +https://openai.com/gptbot)"
20.171.206.189 - - [05/Nov/2024:00:28:27 +0900] "GET /wp-login.php?redirect_to=%2F%3Fpageid%3D41%26page_id%3D169%26uid%3D619%26mod%3Ddocument HTTP/1.1" 200 3372 "-" "Mozilla/5.0 AppleWebKit/537.36 (KHTML, like Gecko; compatible; GPTBot/1.2; +https://openai.com/gptbot)"
20.171.206.189 - - [05/Nov/2024:00:28:29 +0900] "GET /?pageid=41&page_id=169&uid=652&mod=document HTTP/1.1" 200 688807 "-" "Mozilla/5.0 AppleWebKit/537.36 (KHTML, like Gecko; compatible; GPTBot/1.2; +https://openai.com/gptbot)"
20.171.206.189 - - [05/Nov/2024:00:28:29 +0900] "GET /wp-login.php?redirect_to=%2F%3Fpageid%3D41%26page_id%3D169%26uid%3D651%26mod%3Ddocument HTTP/1.1" 200 3373 "-" "Mozilla/5.0 AppleWebKit/537.36 (KHTML, like Gecko; compatible; GPTBot/1.2; +https://openai.com/gptbot)"
20.171.206.189 - - [05/Nov/2024:00:28:31 +0900] "GET /?page_id=169&mod=document&uid=651 HTTP/1.1" 200 79188 "-" "Mozilla/5.0 AppleWebKit/537.36 (KHTML, like Gecko; compatible; GPTBot/1.2; +https://openai.com/gptbot)"
20.171.206.189 - - [05/Nov/2024:00:28:32 +0900] "GET /wp-login.php?redirect_to=https%253A%252F%252Faps.or.kr%252F%253Fpageid%253D41%2526page_id%253D169%2526uid%253D651%2526mod%253Ddocument HTTP/1.1" 200 3395 "-" "Mozilla/5.0 AppleWebKit/537.36 (KHTML, like Gecko; compatible; GPTBot/1.2; +https://openai.com/gptbot)"
20.171.206.189 - - [05/Nov/2024:00:28:33 +0900] "GET /wp-login.php?redirect_to=https%253A%252F%252Faps.or.kr%252F%253Fpageid%253D41%2526page_id%253D169%2526mod%253Ddocument%2526uid%253D652 HTTP/1.1" 200 3396 "-" "Mozilla/5.0 AppleWebKit/537.36 (KHTML, like Gecko; compatible; GPTBot/1.2; +https://openai.com/gptbot)"
20.171.206.189 - - [05/Nov/2024:00:28:42 +0900] "GET /wp-login.php?redirect_to=%2F%3Fpageid%3D41%26page_id%3D169%26mod%3Ddocument%26uid%3D652 HTTP/1.1" 200 3375 "-" "Mozilla/5.0 AppleWebKit/537.36 (KHTML, like Gecko; compatible; GPTBot/1.2; +https://openai.com/gptbot)"
20.171.206.189 - - [05/Nov/2024:00:28:42 +0900] "GET /?action=kboard_document_print&uid=652 HTTP/1.1" 200 664916 "-" "Mozilla/5.0 AppleWebKit/537.36 (KHTML, like Gecko; compatible; GPTBot/1.2; +https://openai.com/gptbot)"
20.171.206.189 - - [05/Nov/2024:00:28:43 +0900] "GET /?kboard_content_redirect=652 HTTP/1.1" 301 5 "-" "Mozilla/5.0 AppleWebKit/537.36 (KHTML, like Gecko; compatible; GPTBot/1.2; +https://openai.com/gptbot)"
20.171.206.189 - - [05/Nov/2024:00:28:45 +0900] "GET /?pageid=41&page_id=169&mod=document&uid=655 HTTP/1.1" 200 251773 "-" "Mozilla/5.0 AppleWebKit/537.36 (KHTML, like Gecko; compatible; GPTBot/1.2; +https://openai.com/gptbot)"
20.171.206.189 - - [05/Nov/2024:00:28:55 +0900] "GET /wp-login.php?redirect_to=%2F%3Fpageid%3D44%26page_id%3D169%26uid%3D618%26mod%3Ddocument HTTP/1.1" 200 3373 "-" "Mozilla/5.0 AppleWebKit/537.36 (KHTML, like Gecko; compatible; GPTBot/1.2; +https://openai.com/gptbot)"
20.171.206.189 - - [05/Nov/2024:00:28:57 +0900] "GET /wp-login.php?redirect_to=https%253A%252F%252Faps.or.kr%252F%253Fpageid%253D44%2526page_id%253D169%2526uid%253D618%2526mod%253Ddocument HTTP/1.1" 200 3396 "-" "Mozilla/5.0 AppleWebKit/537.36 (KHTML, like Gecko; compatible; GPTBot/1.2; +https://openai.com/gptbot)"
192.168.0.1 - - [05/Nov/2024:00:28:59 +0900] "POST /wp-cron.php?doing_wp_cron=1730734139.1144850254058837890625 HTTP/1.1" 200 31 "-" "WordPress/6.6.2; https://aps.or.kr"
20.171.206.189 - - [05/Nov/2024:00:28:59 +0900] "GET /?page_id=169&mod=document&uid=743 HTTP/1.1" 200 86342 "-" "Mozilla/5.0 AppleWebKit/537.36 (KHTML, like Gecko; compatible; GPTBot/1.2; +https://openai.com/gptbot)"
59.1.161.15 - - [05/Nov/2024:00:29:07 +0900] "GET /?page_id=38 HTTP/1.1" 200 23940 "https://aps.or.kr/?page_id=1544" "Mozilla/5.0 (iPhone; CPU iPhone OS 17_6_1 like Mac OS X) AppleWebKit/605.1.15 (KHTML, like Gecko) Version/17.6 Mobile/15E148 Safari/604.1"
20.171.206.46 - - [05/Nov/2024:00:29:11 +0900] "GET /wp-login.php?redirect_to=https%253A%252F%252Faps.or.kr%252F%253Fpageid%253D44%2526page_id%253D169%2526mod%253Ddocument%2526uid%253D551 HTTP/1.1" 200 3395 "-" "Mozilla/5.0 AppleWebKit/537.36 (KHTML, like Gecko; compatible; GPTBot/1.2; +https://openai.com/gptbot)"
20.171.206.46 - - [05/Nov/2024:00:29:12 +0900] "GET /?kboard_content_redirect=740 HTTP/1.1" 301 5 "-" "Mozilla/5.0 AppleWebKit/537.36 (KHTML, like Gecko; compatible; GPTBot/1.2; +https://openai.com/gptbot)"
20.171.206.46 - - [05/Nov/2024:00:29:14 +0900] "GET /?pageid=44&page_id=169&uid=619&mod=document HTTP/1.1" 200 85055 "-" "Mozilla/5.0 AppleWebKit/537.36 (KHTML, like Gecko; compatible; GPTBot/1.2; +https://openai.com/gptbot)"
47.128.125.220 - - [05/Nov/2024:00:29:18 +0900] "GET /?mod=document&page_id=169&pageid=35&uid=722 HTTP/1.1" 200 83772 "-" "Mozilla/5.0 (compatible; Bytespider; spider-feedback@bytedance.com) AppleWebKit/537.36 (KHTML, like Gecko) Chrome/70.0.0.0 Safari/537.36"
20.171.206.46 - - [05/Nov/2024:00:29:25 +0900] "GET /wp-login.php?redirect_to=%2F%3Fpageid%3D44%26page_id%3D169%26mod%3Ddocument%26uid%3D551 HTTP/1.1" 200 3374 "-" "Mozilla/5.0 AppleWebKit/537.36 (KHTML, like Gecko; compatible; GPTBot/1.2; +https://openai.com/gptbot)"
172.168.40.182 - - [05/Nov/2024:00:29:26 +0900] "GET /autodiscover/autodiscover.json?@zdi/Powershell HTTP/1.1" 404 134 "-" "Mozilla/5.0 zgrab/0.x"
199.45.155.82 - - [05/Nov/2024:00:29:31 +0900] "GET / HTTP/1.1" 301 5 "-" "-"
20.171.206.46 - - [05/Nov/2024:00:29:37 +0900] "GET /?pageid=44&page_id=169&mod=document&uid=550 HTTP/1.1" 200 108658 "-" "Mozilla/5.0 AppleWebKit/537.36 (KHTML, like Gecko; compatible; GPTBot/1.2; +https://openai.com/gptbot)"
20.171.206.46 - - [05/Nov/2024:00:29:38 +0900] "GET /wp-login.php?redirect_to=%2F%3Fpageid%3D44%26page_id%3D169%26uid%3D552%26mod%3Ddocument HTTP/1.1" 200 3374 "-" "Mozilla/5.0 AppleWebKit/537.36 (KHTML, like Gecko; compatible; GPTBot/1.2; +https://openai.com/gptbot)"
20.171.206.46 - - [05/Nov/2024:00:29:39 +0900] "GET /wp-login.php?redirect_to=https%253A%252F%252Faps.or.kr%252F%253Fpageid%253D44%2526page_id%253D169%2526mod%253Ddocument%2526uid%253D619 HTTP/1.1" 200 3396 "-" "Mozilla/5.0 AppleWebKit/537.36 (KHTML, like Gecko; compatible; GPTBot/1.2; +https://openai.com/gptbot)"
20.171.206.46 - - [05/Nov/2024:00:29:40 +0900] "GET /wp-login.php?redirect_to=https%253A%252F%252Faps.or.kr%252F%253Fpageid%253D44%2526page_id%253D169%2526uid%253D552%2526mod%253Ddocument HTTP/1.1" 200 3396 "-" "Mozilla/5.0 AppleWebKit/537.36 (KHTML, like Gecko; compatible; GPTBot/1.2; +https://openai.com/gptbot)"
20.171.206.46 - - [05/Nov/2024:00:29:41 +0900] "GET /wp-login.php?redirect_to=%2F%3Fpage_id%3D254%26category1%3D2023%26pageid%3D1%26mod%3Deditor%26parent_uid%3D661%26kboard_id%3D7%26view_iframe%3D1%26iframe_id%3D6728e515167d0 HTTP/1.1" 200 3437 "-" "Mozilla/5.0 AppleWebKit/537.36 (KHTML, like Gecko; compatible; GPTBot/1.2; +https://openai.com/gptbot)"
20.171.206.46 - - [05/Nov/2024:00:29:42 +0900] "GET /?action=kboard_document_print&uid=740 HTTP/1.1" 200 80181 "-" "Mozilla/5.0 AppleWebKit/537.36 (KHTML, like Gecko; compatible; GPTBot/1.2; +https://openai.com/gptbot)"
20.171.206.46 - - [05/Nov/2024:00:29:43 +0900] "GET /wp-content/uploads/kboard_captcha/captcha_6728e72000a15.png HTTP/1.1" 200 181 "-" "Mozilla/5.0 AppleWebKit/537.36 (KHTML, like Gecko; compatible; GPTBot/1.2; +https://openai.com/gptbot)"
199.45.155.82 - - [05/Nov/2024:00:29:44 +0900] "GET / HTTP/1.1" 200 21923 "-" "Mozilla/5.0 (compatible; CensysInspect/1.1; +https://about.censys.io/)"
20.171.206.46 - - [05/Nov/2024:00:29:44 +0900] "GET /?pageid=44&page_id=169&uid=551&mod=document HTTP/1.1" 200 22922 "-" "Mozilla/5.0 AppleWebKit/537.36 (KHTML, like Gecko; compatible; GPTBot/1.2; +https://openai.com/gptbot)"
20.171.206.46 - - [05/Nov/2024:00:29:46 +0900] "GET /?pageid=44&page_id=169&mod=document&uid=620 HTTP/1.1" 200 22988 "-" "Mozilla/5.0 AppleWebKit/537.36 (KHTML, like Gecko; compatible; GPTBot/1.2; +https://openai.com/gptbot)"
20.171.206.46 - - [05/Nov/2024:00:29:46 +0900] "GET /wp-login.php?redirect_to=%2F%3Fpageid%3D44%26page_id%3D169%26mod%3Ddocument%26uid%3D619 HTTP/1.1" 200 3375 "-" "Mozilla/5.0 AppleWebKit/537.36 (KHTML, like Gecko; compatible; GPTBot/1.2; +https://openai.com/gptbot)"
20.171.206.46 - - [05/Nov/2024:00:29:48 +0900] "GET /wp-login.php?redirect_to=https%253A%252F%252Faps.or.kr%252F%253Fpage_id%253D254%2526category1%253D2023%2526pageid%253D1%2526mod%253Deditor%2526parent_uid%253D661%2526kboard_id%253D7%2526view_iframe%253D1%2526iframe_id%253D6728e515167d0 HTTP/1.1" 200 3448 "-" "Mozilla/5.0 AppleWebKit/537.36 (KHTML, like Gecko; compatible; GPTBot/1.2; +https://openai.com/gptbot)"
199.45.155.82 - - [05/Nov/2024:00:29:48 +0900] "GET /wp-content/uploads/2021/03/cropped-aps_favicon2-2-32x32.png HTTP/1.1" 200 509 "-" "Mozilla/5.0 (compatible; CensysInspect/1.1; +https://about.censys.io/)"
20.171.206.46 - - [05/Nov/2024:00:29:49 +0900] "GET /?page_id=254&pageid=1&category1=2023&mod=document&uid=661 HTTP/1.1" 200 24218 "-" "Mozilla/5.0 AppleWebKit/537.36 (KHTML, like Gecko; compatible; GPTBot/1.2; +https://openai.com/gptbot)"
20.171.206.46 - - [05/Nov/2024:00:29:50 +0900] "GET /wp-login.php?redirect_to=https%253A%252F%252Faps.or.kr%252F%253Fpage_id%253D254%2526pageid%253D1%2526category1%253D2023%2526mod%253Ddocument%2526uid%253D674 HTTP/1.1" 200 3408 "-" "Mozilla/5.0 AppleWebKit/537.36 (KHTML, like Gecko; compatible; GPTBot/1.2; +https://openai.com/gptbot)"
20.171.206.46 - - [05/Nov/2024:00:29:51 +0900] "GET /wp-content/uploads/kboard_captcha/captcha_6728e7236c766.png HTTP/1.1" 200 194 "-" "Mozilla/5.0 AppleWebKit/537.36 (KHTML, like Gecko; compatible; GPTBot/1.2; +https://openai.com/gptbot)"
20.171.206.46 - - [05/Nov/2024:00:29:52 +0900] "GET /wp-login.php?redirect_to=https%253A%252F%252Faps.or.kr%252F%253Fpage_id%253D254%2526pageid%253D1%2526category1%253D2022%2526mod%253Ddocument%2526uid%253D565 HTTP/1.1" 200 3408 "-" "Mozilla/5.0 AppleWebKit/537.36 (KHTML, like Gecko; compatible; GPTBot/1.2; +https://openai.com/gptbot)"
199.45.155.82 - - [05/Nov/2024:00:29:53 +0900] "GET /wp-content/uploads/2021/03/cropped-aps_favicon2-2-192x192.png HTTP/1.1" 200 4024 "-" "Mozilla/5.0 (compatible; CensysInspect/1.1; +https://about.censys.io/)"
20.171.206.46 - - [05/Nov/2024:00:29:53 +0900] "GET /?page_id=254&pageid=1&category1=2022&mod=document&uid=564 HTTP/1.1" 200 26390 "-" "Mozilla/5.0 AppleWebKit/537.36 (KHTML, like Gecko; compatible; GPTBot/1.2; +https://openai.com/gptbot)"
20.171.206.46 - - [05/Nov/2024:00:29:54 +0900] "GET /?page_id=254&pageid=1&category1=2022&mod=editor&parent_uid=564 HTTP/1.1" 200 21234 "-" "Mozilla/5.0 AppleWebKit/537.36 (KHTML, like Gecko; compatible; GPTBot/1.2; +https://openai.com/gptbot)"
20.171.206.46 - - [05/Nov/2024:00:29:55 +0900] "GET /wp-login.php?redirect_to=https%253A%252F%252Faps.or.kr%252F%253Fpage_id%253D254%2526pageid%253D1%2526category1%253D2022%2526uid%253D564%2526mod%253Ddocument HTTP/1.1" 200 3408 "-" "Mozilla/5.0 AppleWebKit/537.36 (KHTML, like Gecko; compatible; GPTBot/1.2; +https://openai.com/gptbot)"
20.171.206.46 - - [05/Nov/2024:00:29:56 +0900] "GET /wp-content/uploads/kboard_captcha/captcha_6728e728e3d31.png HTTP/1.1" 200 185 "-" "Mozilla/5.0 AppleWebKit/537.36 (KHTML, like Gecko; compatible; GPTBot/1.2; +https://openai.com/gptbot)"
199.45.155.82 - - [05/Nov/2024:00:29:59 +0900] "GET /wp-content/uploads/2021/03/cropped-aps_favicon2-2-180x180.png HTTP/1.1" 200 13900 "-" "Mozilla/5.0 (compatible; CensysInspect/1.1; +https://about.censys.io/)"
199.45.155.82 - - [05/Nov/2024:00:30:02 +0900] "GET /favicon.ico HTTP/1.1" 404 134 "-" "Mozilla/5.0 (compatible; CensysInspect/1.1; +https://about.censys.io/)"
199.45.155.82 - - [05/Nov/2024:00:30:07 +0900] "PRI * HTTP/2.0" 400 166 "-" "-"
192.168.0.1 - - [05/Nov/2024:00:30:10 +0900] "POST /wp-cron.php?doing_wp_cron=1730734210.4060060977935791015625 HTTP/1.1" 200 31 "-" "WordPress/6.6.2; https://aps.or.kr"
20.171.206.215 - - [05/Nov/2024:00:30:10 +0900] "GET /?page_id=254&pageid=1&category1=2022&uid=563&mod=document HTTP/1.1" 200 25938 "-" "Mozilla/5.0 AppleWebKit/537.36 (KHTML, like Gecko; compatible; GPTBot/1.2; +https://openai.com/gptbot)"
20.171.206.215 - - [05/Nov/2024:00:30:11 +0900] "GET /?page_id=254&pageid=1&category1=2022&mod=editor&parent_uid=565&kboard_id=7&view_iframe=1&iframe_id=6728e729ee207 HTTP/1.1" 200 16243 "-" "Mozilla/5.0 AppleWebKit/537.36 (KHTML, like Gecko; compatible; GPTBot/1.2; +https://openai.com/gptbot)"
20.171.206.215 - - [05/Nov/2024:00:30:12 +0900] "GET /wp-login.php?redirect_to=https%253A%252F%252Faps.or.kr%252F%253Fpage_id%253D254%2526pageid%253D1%2526category1%253D2022%2526mod%253Deditor%2526parent_uid%253D565 HTTP/1.1" 200 3411 "-" "Mozilla/5.0 AppleWebKit/537.36 (KHTML, like Gecko; compatible; GPTBot/1.2; +https://openai.com/gptbot)"
20.171.206.215 - - [05/Nov/2024:00:30:13 +0900] "GET /wp-login.php?redirect_to=https%253A%252F%252Faps.or.kr%252F%253Fpage_id%253D254%2526pageid%253D1%2526category1%253D2022%2526mod%253Deditor%2526parent_uid%253D566%2526kboard_id%253D7%2526view_iframe%253D1%2526iframe_id%253D6728e5672e916 HTTP/1.1" 200 3444 "-" "Mozilla/5.0 AppleWebKit/537.36 (KHTML, like Gecko; compatible; GPTBot/1.2; +https://openai.com/gptbot)"
20.171.206.215 - - [05/Nov/2024:00:30:14 +0900] "GET /wp-login.php?redirect_to=%2F%3Fpage_id%3D254%26pageid%3D1%26category1%3D2022%26mod%3Deditor%26parent_uid%3D566%26kboard_id%3D7%26view_iframe%3D1%26iframe_id%3D6728e5672e916 HTTP/1.1" 200 3432 "-" "Mozilla/5.0 AppleWebKit/537.36 (KHTML, like Gecko; compatible; GPTBot/1.2; +https://openai.com/gptbot)"
20.171.206.215 - - [05/Nov/2024:00:30:15 +0900] "GET /?page_id=254&pageid=1&mod=editor&category1=2022&parent_uid=563 HTTP/1.1" 200 21234 "-" "Mozilla/5.0 AppleWebKit/537.36 (KHTML, like Gecko; compatible; GPTBot/1.2; +https://openai.com/gptbot)"
20.171.206.215 - - [05/Nov/2024:00:30:17 +0900] "GET /?page_id=254&pageid=1&mod=document&category1=2022&uid=561 HTTP/1.1" 200 16233 "-" "Mozilla/5.0 AppleWebKit/537.36 (KHTML, like Gecko; compatible; GPTBot/1.2; +https://openai.com/gptbot)"
20.171.206.215 - - [05/Nov/2024:00:30:18 +0900] "GET /wp-login.php?redirect_to=https%253A%252F%252Faps.or.kr%252F%253Fpage_id%253D254%2526pageid%253D1%2526mod%253Deditor%2526category1%253D2022%2526parent_uid%253D564 HTTP/1.1" 200 3411 "-" "Mozilla/5.0 AppleWebKit/537.36 (KHTML, like Gecko; compatible; GPTBot/1.2; +https://openai.com/gptbot)"
20.171.206.215 - - [05/Nov/2024:00:30:19 +0900] "GET /wp-login.php?redirect_to=https%253A%252F%252Faps.or.kr%252F%253Fpage_id%253D254%2526pageid%253D1%2526mod%253Ddocument%2526category1%253D2022%2526uid%253D563 HTTP/1.1" 200 3408 "-" "Mozilla/5.0 AppleWebKit/537.36 (KHTML, like Gecko; compatible; GPTBot/1.2; +https://openai.com/gptbot)"
20.171.206.215 - - [05/Nov/2024:00:30:20 +0900] "GET /wp-login.php?redirect_to=https%253A%252F%252Faps.or.kr%252F%253Fpage_id%253D254%2526pageid%253D1%2526mod%253Deditor%2526category1%253D2022%2526parent_uid%253D565%2526kboard_id%253D7%2526view_iframe%253D1%2526iframe_id%253D6728e56f86000 HTTP/1.1" 200 3449 "-" "Mozilla/5.0 AppleWebKit/537.36 (KHTML, like Gecko; compatible; GPTBot/1.2; +https://openai.com/gptbot)"
20.171.206.215 - - [05/Nov/2024:00:30:21 +0900] "GET /wp-login.php?redirect_to=%2F%3Fpage_id%3D254%26pageid%3D1%26mod%3Deditor%26category1%3D2022%26parent_uid%3D565%26kboard_id%3D7%26view_iframe%3D1%26iframe_id%3D6728e56f86000 HTTP/1.1" 200 3438 "-" "Mozilla/5.0 AppleWebKit/537.36 (KHTML, like Gecko; compatible; GPTBot/1.2; +https://openai.com/gptbot)"
20.171.206.215 - - [05/Nov/2024:00:30:22 +0900] "GET /?page_id=254&pageid=1&mod=editor&category1=2022&parent_uid=564&kboard_id=7&view_iframe=1&iframe_id=6728e730906b8 HTTP/1.1" 200 16242 "-" "Mozilla/5.0 AppleWebKit/537.36 (KHTML, like Gecko; compatible; GPTBot/1.2; +https://openai.com/gptbot)"
20.171.206.215 - - [05/Nov/2024:00:30:23 +0900] "GET /wp-content/uploads/kboard_captcha/captcha_6728e72e66fab.png HTTP/1.1" 200 188 "-" "Mozilla/5.0 AppleWebKit/537.36 (KHTML, like Gecko; compatible; GPTBot/1.2; +https://openai.com/gptbot)"
20.171.206.215 - - [05/Nov/2024:00:30:24 +0900] "GET /wp-login.php?redirect_to=https%253A%252F%252Faps.or.kr%252F%253Fpage_id%253D254%2526pageid%253D1%2526category1%253D2023%2526uid%253D661%2526mod%253Ddocument HTTP/1.1" 200 3407 "-" "Mozilla/5.0 AppleWebKit/537.36 (KHTML, like Gecko; compatible; GPTBot/1.2; +https://openai.com/gptbot)"
20.171.206.215 - - [05/Nov/2024:00:30:25 +0900] "GET /wp-content/uploads/kboard_captcha/captcha_6728e7396dca1.png HTTP/1.1" 200 197 "-" "Mozilla/5.0 AppleWebKit/537.36 (KHTML, like Gecko; compatible; GPTBot/1.2; +https://openai.com/gptbot)"
20.171.206.215 - - [05/Nov/2024:00:30:27 +0900] "GET /?page_id=254&pageid=1&category1=2023&mod=editor&parent_uid=661 HTTP/1.1" 200 21233 "-" "Mozilla/5.0 AppleWebKit/537.36 (KHTML, like Gecko; compatible; GPTBot/1.2; +https://openai.com/gptbot)"
20.171.206.215 - - [05/Nov/2024:00:30:28 +0900] "GET /wp-login.php?redirect_to=https%253A%252F%252Faps.or.kr%252F%253Fpage_id%253D254%2526pageid%253D1%2526category1%253D2023%2526mod%253Deditor%2526parent_uid%253D674 HTTP/1.1" 200 3411 "-" "Mozilla/5.0 AppleWebKit/537.36 (KHTML, like Gecko; compatible; GPTBot/1.2; +https://openai.com/gptbot)"
20.171.206.215 - - [05/Nov/2024:00:30:29 +0900] "GET /?page_id=254&pageid=1&category1=2023&mod=editor&parent_uid=674&kboard_id=7&view_iframe=1&iframe_id=6728e73b900fb HTTP/1.1" 200 16247 "-" "Mozilla/5.0 AppleWebKit/537.36 (KHTML, like Gecko; compatible; GPTBot/1.2; +https://openai.com/gptbot)"
20.171.206.215 - - [05/Nov/2024:00:30:30 +0900] "GET /wp-login.php?redirect_to=%2F%3Fpage_id%3D254%26pageid%3D1%26category1%3D2023%26mod%3Deditor%26parent_uid%3D675%26kboard_id%3D7%26view_iframe%3D1%26iframe_id%3D6728e5a8a0845 HTTP/1.1" 200 3434 "-" "Mozilla/5.0 AppleWebKit/537.36 (KHTML, like Gecko; compatible; GPTBot/1.2; +https://openai.com/gptbot)"
20.171.206.215 - - [05/Nov/2024:00:30:31 +0900] "GET /wp-login.php?redirect_to=https%253A%252F%252Faps.or.kr%252F%253Fpage_id%253D254%2526pageid%253D1%2526category1%253D2023%2526mod%253Deditor%2526parent_uid%253D675%2526kboard_id%253D7%2526view_iframe%253D1%2526iframe_id%253D6728e5a8a0845 HTTP/1.1" 200 3445 "-" "Mozilla/5.0 AppleWebKit/537.36 (KHTML, like Gecko; compatible; GPTBot/1.2; +https://openai.com/gptbot)"
20.171.206.215 - - [05/Nov/2024:00:30:32 +0900] "GET /wp-login.php?redirect_to=%2F%3Fpage_id%3D254%26pageid%3D1%26mod%3Deditor%26category1%3D2023%26parent_uid%3D674%26kboard_id%3D7%26view_iframe%3D1%26iframe_id%3D6728e5ce28739 HTTP/1.1" 200 3433 "-" "Mozilla/5.0 AppleWebKit/537.36 (KHTML, like Gecko; compatible; GPTBot/1.2; +https://openai.com/gptbot)"
20.171.206.215 - - [05/Nov/2024:00:30:42 +0900] "GET /wp-login.php?redirect_to=https%253A%252F%252Faps.or.kr%252F%253Fpage_id%253D254%2526pageid%253D1%2526mod%253Deditor%2526category1%253D2023%2526parent_uid%253D674%2526kboard_id%253D7%2526view_iframe%253D1%2526iframe_id%253D6728e5ce28739 HTTP/1.1" 200 3445 "-" "Mozilla/5.0 AppleWebKit/537.36 (KHTML, like Gecko; compatible; GPTBot/1.2; +https://openai.com/gptbot)"
20.171.206.215 - - [05/Nov/2024:00:30:45 +0900] "GET /wp-login.php?redirect_to=https%253A%252F%252Faps.or.kr%252F%253Fpage_id%253D254%2526pageid%253D1%2526mod%253Deditor%2526category1%253D2023%2526parent_uid%253D661 HTTP/1.1" 200 3410 "-" "Mozilla/5.0 AppleWebKit/537.36 (KHTML, like Gecko; compatible; GPTBot/1.2; +https://openai.com/gptbot)"
20.171.206.215 - - [05/Nov/2024:00:30:45 +0900] "GET /?page_id=254&pageid=1&mod=editor&category1=2023&parent_uid=661&kboard_id=7&view_iframe=1&iframe_id=6728e74b10c3f HTTP/1.1" 200 16246 "-" "Mozilla/5.0 AppleWebKit/537.36 (KHTML, like Gecko; compatible; GPTBot/1.2; +https://openai.com/gptbot)"
20.171.206.215 - - [05/Nov/2024:00:30:46 +0900] "GET /wp-login.php?redirect_to=https%253A%252F%252Faps.or.kr%252F%253Fpage_id%253D254%2526category1%253D2022%2526pageid%253D1%2526mod%253Ddocument%2526uid%253D561 HTTP/1.1" 200 3407 "-" "Mozilla/5.0 AppleWebKit/537.36 (KHTML, like Gecko; compatible; GPTBot/1.2; +https://openai.com/gptbot)"
20.171.206.215 - - [05/Nov/2024:00:30:47 +0900] "GET /wp-login.php?redirect_to=https%253A%252F%252Faps.or.kr%252F%253Fpage_id%253D254%2526category1%253D2022%2526pageid%253D1%2526mod%253Deditor%2526parent_uid%253D563 HTTP/1.1" 200 3411 "-" "Mozilla/5.0 AppleWebKit/537.36 (KHTML, like Gecko; compatible; GPTBot/1.2; +https://openai.com/gptbot)"
20.171.206.215 - - [05/Nov/2024:00:30:48 +0900] "GET /?page_id=254&category1=2022&pageid=1&mod=editor&parent_uid=563&kboard_id=7&view_iframe=1&iframe_id=6728e75e6d153 HTTP/1.1" 200 16244 "-" "Mozilla/5.0 AppleWebKit/537.36 (KHTML, like Gecko; compatible; GPTBot/1.2; +https://openai.com/gptbot)"
20.171.206.215 - - [05/Nov/2024:00:30:59 +0900] "GET /wp-login.php?redirect_to=https%253A%252F%252Faps.or.kr%252F%253Fpage_id%253D254%2526category1%253D2022%2526pageid%253D1%2526mod%253Deditor%2526parent_uid%253D564%2526kboard_id%253D7%2526view_iframe%253D1%2526iframe_id%253D6728e5ecc8400 HTTP/1.1" 200 3448 "-" "Mozilla/5.0 AppleWebKit/537.36 (KHTML, like Gecko; compatible; GPTBot/1.2; +https://openai.com/gptbot)"
20.171.206.56 - - [05/Nov/2024:00:31:00 +0900] "GET /?page_id=254&mod=editor&parent_uid=563&kboard_id=7&view_iframe=1&iframe_id=6728e76b6fc34 HTTP/1.1" 200 16190 "-" "Mozilla/5.0 AppleWebKit/537.36 (KHTML, like Gecko; compatible; GPTBot/1.2; +https://openai.com/gptbot)"
192.168.0.1 - - [05/Nov/2024:00:31:23 +0900] "POST /wp-cron.php?doing_wp_cron=1730734283.0333321094512939453125 HTTP/1.1" 200 31 "-" "WordPress/6.6.2; https://aps.or.kr"
20.171.206.56 - - [05/Nov/2024:00:31:23 +0900] "GET /wp-login.php?redirect_to=%2F%3Fpage_id%3D254%26mod%3Deditor%26parent_uid%3D564%26kboard_id%3D7%26view_iframe%3D1%26iframe_id%3D6728e5f47322f HTTP/1.1" 200 3417 "-" "Mozilla/5.0 AppleWebKit/537.36 (KHTML, like Gecko; compatible; GPTBot/1.2; +https://openai.com/gptbot)"
20.171.206.56 - - [05/Nov/2024:00:31:23 +0900] "GET /wp-login.php?redirect_to=https%253A%252F%252Faps.or.kr%252F%253Fpage_id%253D254%2526mod%253Deditor%2526parent_uid%253D564%2526kboard_id%253D7%2526view_iframe%253D1%2526iframe_id%253D6728e5f47322f HTTP/1.1" 200 3433 "-" "Mozilla/5.0 AppleWebKit/537.36 (KHTML, like Gecko; compatible; GPTBot/1.2; +https://openai.com/gptbot)"
20.171.206.56 - - [05/Nov/2024:00:31:24 +0900] "GET /wp-login.php?redirect_to=%2F%3Fpage_id%3D254%26category1%3D2022%26pageid%3D1%26mod%3Deditor%26parent_uid%3D564%26kboard_id%3D7%26view_iframe%3D1%26iframe_id%3D6728e5ecc8400 HTTP/1.1" 200 3438 "-" "Mozilla/5.0 AppleWebKit/537.36 (KHTML, like Gecko; compatible; GPTBot/1.2; +https://openai.com/gptbot)"
20.171.206.56 - - [05/Nov/2024:00:31:25 +0900] "GET /wp-login.php?redirect_to=https%253A%252F%252Faps.or.kr%252F%253Fpageid%253D1%2526page_id%253D254%2526mod%253Deditor%2526category1%253D2022%2526parent_uid%253D563%2526kboard_id%253D7%2526view_iframe%253D1%2526iframe_id%253D6728e60c67825 HTTP/1.1" 200 3444 "-" "Mozilla/5.0 AppleWebKit/537.36 (KHTML, like Gecko; compatible; GPTBot/1.2; +https://openai.com/gptbot)"
20.171.206.56 - - [05/Nov/2024:00:31:26 +0900] "GET /?pageid=1&page_id=254&category1=2022&mod=editor&parent_uid=563&kboard_id=7&view_iframe=1&iframe_id=6728e778ce0da HTTP/1.1" 200 16258 "-" "Mozilla/5.0 AppleWebKit/537.36 (KHTML, like Gecko; compatible; GPTBot/1.2; +https://openai.com/gptbot)"
20.171.206.56 - - [05/Nov/2024:00:31:27 +0900] "GET /wp-login.php?redirect_to=https%253A%252F%252Faps.or.kr%252F%253Fpageid%253D2%2526page_id%253D254%2526category1%253D2022%2526mod%253Deditor%2526parent_uid%253D532%2526kboard_id%253D7%2526view_iframe%253D1%2526iframe_id%253D6728e630acf45 HTTP/1.1" 200 3443 "-" "Mozilla/5.0 AppleWebKit/537.36 (KHTML, like Gecko; compatible; GPTBot/1.2; +https://openai.com/gptbot)"
20.171.206.56 - - [05/Nov/2024:00:31:28 +0900] "GET /wp-login.php?redirect_to=%2F%3Fpageid%3D2%26page_id%3D254%26category1%3D2022%26mod%3Deditor%26parent_uid%3D532%26kboard_id%3D7%26view_iframe%3D1%26iframe_id%3D6728e630acf45 HTTP/1.1" 200 3432 "-" "Mozilla/5.0 AppleWebKit/537.36 (KHTML, like Gecko; compatible; GPTBot/1.2; +https://openai.com/gptbot)"
20.171.206.56 - - [05/Nov/2024:00:31:29 +0900] "GET /wp-login.php?redirect_to=%2F%3Fpageid%3D1%26page_id%3D254%26mod%3Deditor%26category1%3D2022%26parent_uid%3D563%26kboard_id%3D7%26view_iframe%3D1%26iframe_id%3D6728e60c67825 HTTP/1.1" 200 3435 "-" "Mozilla/5.0 AppleWebKit/537.36 (KHTML, like Gecko; compatible; GPTBot/1.2; +https://openai.com/gptbot)"
20.171.206.56 - - [05/Nov/2024:00:31:31 +0900] "GET /wp-login.php?redirect_to=https%253A%252F%252Faps.or.kr%252F%253Fpageid%253D1%2526page_id%253D254%2526category1%253D2022%2526mod%253Deditor%2526parent_uid%253D564%2526kboard_id%253D7%2526view_iframe%253D1%2526iframe_id%253D6728e62dc64d1 HTTP/1.1" 200 3443 "-" "Mozilla/5.0 AppleWebKit/537.36 (KHTML, like Gecko; compatible; GPTBot/1.2; +https://openai.com/gptbot)"
20.171.206.56 - - [05/Nov/2024:00:31:32 +0900] "GET /wp-login.php?redirect_to=%2F%3Fpageid%3D1%26page_id%3D254%26category1%3D2022%26mod%3Deditor%26parent_uid%3D564%26kboard_id%3D7%26view_iframe%3D1%26iframe_id%3D6728e62dc64d1 HTTP/1.1" 200 3433 "-" "Mozilla/5.0 AppleWebKit/537.36 (KHTML, like Gecko; compatible; GPTBot/1.2; +https://openai.com/gptbot)"
20.171.206.56 - - [05/Nov/2024:00:31:33 +0900] "GET /?page_id=1003&board_page=3&vid=28 HTTP/1.1" 200 26518 "-" "Mozilla/5.0 AppleWebKit/537.36 (KHTML, like Gecko; compatible; GPTBot/1.2; +https://openai.com/gptbot)"
20.171.206.56 - - [05/Nov/2024:00:31:34 +0900] "GET /?page_id=1003&board_page=4&vid=55 HTTP/1.1" 200 26664 "-" "Mozilla/5.0 AppleWebKit/537.36 (KHTML, like Gecko; compatible; GPTBot/1.2; +https://openai.com/gptbot)"
20.171.206.56 - - [05/Nov/2024:00:31:35 +0900] "GET /?page_id=1003&board_page=4&vid=3 HTTP/1.1" 200 25929 "-" "Mozilla/5.0 AppleWebKit/537.36 (KHTML, like Gecko; compatible; GPTBot/1.2; +https://openai.com/gptbot)"
20.171.206.56 - - [05/Nov/2024:00:31:46 +0900] "GET /?page_id=1003&board_page=3&vid=80 HTTP/1.1" 200 26107 "-" "Mozilla/5.0 AppleWebKit/537.36 (KHTML, like Gecko; compatible; GPTBot/1.2; +https://openai.com/gptbot)"
20.171.206.56 - - [05/Nov/2024:00:31:48 +0900] "GET /?page_id=169&mod=document&uid=1098 HTTP/1.1" 200 176419 "-" "Mozilla/5.0 AppleWebKit/537.36 (KHTML, like Gecko; compatible; GPTBot/1.2; +https://openai.com/gptbot)"
20.171.206.56 - - [05/Nov/2024:00:31:48 +0900] "GET /wp-login.php?redirect_to=https%253A%252F%252Faps.or.kr%252F%253Fpage_id%253D1003%2526board_page%253D4%2526vid%253D54 HTTP/1.1" 200 3390 "-" "Mozilla/5.0 AppleWebKit/537.36 (KHTML, like Gecko; compatible; GPTBot/1.2; +https://openai.com/gptbot)"
20.171.206.56 - - [05/Nov/2024:00:31:50 +0900] "GET /wp-login.php?redirect_to=https%253A%252F%252Faps.or.kr%252F%253Fpage_id%253D1003%2526board_page%253D4%2526vid%253D5 HTTP/1.1" 200 3389 "-" "Mozilla/5.0 AppleWebKit/537.36 (KHTML, like Gecko; compatible; GPTBot/1.2; +https://openai.com/gptbot)"
20.171.206.56 - - [05/Nov/2024:00:31:51 +0900] "GET /?page_id=1003&board_page=5&vid=31 HTTP/1.1" 200 26805 "-" "Mozilla/5.0 AppleWebKit/537.36 (KHTML, like Gecko; compatible; GPTBot/1.2; +https://openai.com/gptbot)"
20.171.206.56 - - [05/Nov/2024:00:31:52 +0900] "GET /wp-login.php?redirect_to=https%253A%252F%252Faps.or.kr%252F%253Fpage_id%253D1003%2526board_page%253D5%2526vid%253D30 HTTP/1.1" 200 3394 "-" "Mozilla/5.0 AppleWebKit/537.36 (KHTML, like Gecko; compatible; GPTBot/1.2; +https://openai.com/gptbot)"
20.171.206.56 - - [05/Nov/2024:00:31:53 +0900] "GET /?action=kboard_document_print&uid=706 HTTP/1.1" 200 50437 "-" "Mozilla/5.0 AppleWebKit/537.36 (KHTML, like Gecko; compatible; GPTBot/1.2; +https://openai.com/gptbot)"
20.171.206.56 - - [05/Nov/2024:00:31:54 +0900] "GET /?page_id=169&mod=document&category1=2023&pageid=1&uid=704 HTTP/1.1" 200 85566 "-" "Mozilla/5.0 AppleWebKit/537.36 (KHTML, like Gecko; compatible; GPTBot/1.2; +https://openai.com/gptbot)"
20.171.206.56 - - [05/Nov/2024:00:31:55 +0900] "GET /?page_id=169&mod=document&uid=707 HTTP/1.1" 200 191449 "-" "Mozilla/5.0 AppleWebKit/537.36 (KHTML, like Gecko; compatible; GPTBot/1.2; +https://openai.com/gptbot)"
20.171.206.56 - - [05/Nov/2024:00:31:56 +0900] "GET /?page_id=1003&board_page=2&vid=53 HTTP/1.1" 200 26501 "-" "Mozilla/5.0 AppleWebKit/537.36 (KHTML, like Gecko; compatible; GPTBot/1.2; +https://openai.com/gptbot)"
20.171.206.56 - - [05/Nov/2024:00:31:57 +0900] "GET /?kboard_content_redirect=706 HTTP/1.1" 301 5 "-" "Mozilla/5.0 AppleWebKit/537.36 (KHTML, like Gecko; compatible; GPTBot/1.2; +https://openai.com/gptbot)"
20.171.206.231 - - [05/Nov/2024:00:32:08 +0900] "GET /?page_id=169&mod=document&uid=1070 HTTP/1.1" 200 347600 "-" "Mozilla/5.0 AppleWebKit/537.36 (KHTML, like Gecko; compatible; GPTBot/1.2; +https://openai.com/gptbot)"
20.171.206.231 - - [05/Nov/2024:00:32:09 +0900] "GET /?page_id=169&mod=document&uid=1074&pageid=1 HTTP/1.1" 200 279482 "-" "Mozilla/5.0 AppleWebKit/537.36 (KHTML, like Gecko; compatible; GPTBot/1.2; +https://openai.com/gptbot)"
20.171.206.231 - - [05/Nov/2024:00:32:20 +0900] "GET /?page_id=1003&board_page=2&vid=104 HTTP/1.1" 200 26700 "-" "Mozilla/5.0 AppleWebKit/537.36 (KHTML, like Gecko; compatible; GPTBot/1.2; +https://openai.com/gptbot)"
20.171.206.231 - - [05/Nov/2024:00:32:32 +0900] "GET /?action=kboard_document_print&uid=1069 HTTP/1.1" 200 221453 "-" "Mozilla/5.0 AppleWebKit/537.36 (KHTML, like Gecko; compatible; GPTBot/1.2; +https://openai.com/gptbot)"
192.168.0.1 - - [05/Nov/2024:00:32:33 +0900] "POST /wp-cron.php?doing_wp_cron=1730734353.0374710559844970703125 HTTP/1.1" 200 31 "-" "WordPress/6.6.2; https://aps.or.kr"
20.171.206.231 - - [05/Nov/2024:00:32:33 +0900] "GET /?page_id=169&mod=document&category1=2024&pageid=1&uid=1068 HTTP/1.1" 200 82290 "-" "Mozilla/5.0 AppleWebKit/537.36 (KHTML, like Gecko; compatible; GPTBot/1.2; +https://openai.com/gptbot)"
20.171.206.231 - - [05/Nov/2024:00:32:34 +0900] "GET /?page_id=169&mod=document&category1=2022&pageid=1&uid=559 HTTP/1.1" 200 23067 "-" "Mozilla/5.0 AppleWebKit/537.36 (KHTML, like Gecko; compatible; GPTBot/1.2; +https://openai.com/gptbot)"
20.171.206.231 - - [05/Nov/2024:00:32:35 +0900] "GET /?kboard_content_redirect=1069 HTTP/1.1" 301 5 "-" "Mozilla/5.0 AppleWebKit/537.36 (KHTML, like Gecko; compatible; GPTBot/1.2; +https://openai.com/gptbot)"
20.171.206.231 - - [05/Nov/2024:00:32:36 +0900] "GET /?pageid=48&page_id=169&mod=document&uid=531 HTTP/1.1" 200 505099 "-" "Mozilla/5.0 AppleWebKit/537.36 (KHTML, like Gecko; compatible; GPTBot/1.2; +https://openai.com/gptbot)"
20.171.206.231 - - [05/Nov/2024:00:32:37 +0900] "GET /wp-login.php?redirect_to=https%253A%252F%252Faps.or.kr%252F%253Fpageid%253D48%2526page_id%253D169%2526mod%253Ddocument%2526uid%253D530 HTTP/1.1" 200 3399 "-" "Mozilla/5.0 AppleWebKit/537.36 (KHTML, like Gecko; compatible; GPTBot/1.2; +https://openai.com/gptbot)"
20.171.206.231 - - [05/Nov/2024:00:32:39 +0900] "GET /?pageid=45&page_id=169&uid=525&mod=document HTTP/1.1" 200 600961 "-" "Mozilla/5.0 AppleWebKit/537.36 (KHTML, like Gecko; compatible; GPTBot/1.2; +https://openai.com/gptbot)"
20.171.206.231 - - [05/Nov/2024:00:32:40 +0900] "GET /wp-login.php?redirect_to=%2F%3Fpageid%3D48%26page_id%3D169%26mod%3Ddocument%26uid%3D530 HTTP/1.1" 200 3378 "-" "Mozilla/5.0 AppleWebKit/537.36 (KHTML, like Gecko; compatible; GPTBot/1.2; +https://openai.com/gptbot)"
20.171.206.231 - - [05/Nov/2024:00:32:42 +0900] "GET /wp-login.php?redirect_to=https%253A%252F%252Faps.or.kr%252F%253Fpageid%253D45%2526page_id%253D169%2526uid%253D527%2526mod%253Ddocument HTTP/1.1" 200 3395 "-" "Mozilla/5.0 AppleWebKit/537.36 (KHTML, like Gecko; compatible; GPTBot/1.2; +https://openai.com/gptbot)"
20.171.206.231 - - [05/Nov/2024:00:32:43 +0900] "GET /wp-login.php?redirect_to=%2F%3Fpageid%3D45%26page_id%3D169%26uid%3D527%26mod%3Ddocument HTTP/1.1" 200 3374 "-" "Mozilla/5.0 AppleWebKit/537.36 (KHTML, like Gecko; compatible; GPTBot/1.2; +https://openai.com/gptbot)"
20.171.206.231 - - [05/Nov/2024:00:32:55 +0900] "GET /?pageid=45&page_id=169&mod=document&uid=608 HTTP/1.1" 200 22904 "-" "Mozilla/5.0 AppleWebKit/537.36 (KHTML, like Gecko; compatible; GPTBot/1.2; +https://openai.com/gptbot)"
20.171.206.18 - - [05/Nov/2024:00:33:07 +0900] "GET /wp-login.php?redirect_to=%2F%3Fpageid%3D45%26page_id%3D169%26mod%3Ddocument%26uid%3D607 HTTP/1.1" 200 3374 "-" "Mozilla/5.0 AppleWebKit/537.36 (KHTML, like Gecko; compatible; GPTBot/1.2; +https://openai.com/gptbot)"
20.171.206.18 - - [05/Nov/2024:00:33:08 +0900] "GET /wp-login.php?redirect_to=https%253A%252F%252Faps.or.kr%252F%253Fpageid%253D45%2526page_id%253D169%2526mod%253Ddocument%2526uid%253D607 HTTP/1.1" 200 3395 "-" "Mozilla/5.0 AppleWebKit/537.36 (KHTML, like Gecko; compatible; GPTBot/1.2; +https://openai.com/gptbot)"
20.171.206.18 - - [05/Nov/2024:00:33:09 +0900] "GET /?pageid=45&page_id=169&uid=607&mod=document HTTP/1.1" 200 89559 "-" "Mozilla/5.0 AppleWebKit/537.36 (KHTML, like Gecko; compatible; GPTBot/1.2; +https://openai.com/gptbot)"
20.171.206.18 - - [05/Nov/2024:00:33:10 +0900] "GET /wp-login.php?redirect_to=https%253A%252F%252Faps.or.kr%252F%253Fpageid%253D45%2526page_id%253D169%2526uid%253D606%2526mod%253Ddocument HTTP/1.1" 200 3396 "-" "Mozilla/5.0 AppleWebKit/537.36 (KHTML, like Gecko; compatible; GPTBot/1.2; +https://openai.com/gptbot)"
20.171.206.18 - - [05/Nov/2024:00:33:11 +0900] "GET /?pageid=45&page_id=169&mod=document&uid=524 HTTP/1.1" 200 66284 "-" "Mozilla/5.0 AppleWebKit/537.36 (KHTML, like Gecko; compatible; GPTBot/1.2; +https://openai.com/gptbot)"
20.171.206.18 - - [05/Nov/2024:00:33:12 +0900] "GET /wp-login.php?redirect_to=%2F%3Fpageid%3D45%26page_id%3D169%26uid%3D606%26mod%3Ddocument HTTP/1.1" 200 3374 "-" "Mozilla/5.0 AppleWebKit/537.36 (KHTML, like Gecko; compatible; GPTBot/1.2; +https://openai.com/gptbot)"
59.1.161.15 - - [05/Nov/2024:00:33:12 +0900] "GET /?page_id=126 HTTP/1.1" 200 21251 "https://aps.or.kr/?page_id=38" "Mozilla/5.0 (iPhone; CPU iPhone OS 17_6_1 like Mac OS X) AppleWebKit/605.1.15 (KHTML, like Gecko) Version/17.6 Mobile/15E148 Safari/604.1"
