20.171.206.239 - - [05/Nov/2024:00:17:34 +0900] "GET /wp-login.php?redirect_to=https%253A%252F%252Faps.or.kr%252F%253Fpage_id%253D254%2526pageid%253D1%2526category1%253D2023%2526mod%253Deditor%2526parent_uid%253D689%2526kboard_id%253D7%2526view_iframe%253D1%2526iframe_id%253D6728e0af6bb80 HTTP/1.1" 200 3449 "-" "Mozilla/5.0 AppleWebKit/537.36 (KHTML, like Gecko; compatible; GPTBot/1.2; +https://openai.com/gptbot)"
20.171.206.239 - - [05/Nov/2024:00:17:36 +0900] "GET /wp-login.php?redirect_to=%2F%3Fpage_id%3D254%26pageid%3D1%26category1%3D2023%26mod%3Deditor%26parent_uid%3D689%26kboard_id%3D7%26view_iframe%3D1%26iframe_id%3D6728e0af6bb80 HTTP/1.1" 200 3439 "-" "Mozilla/5.0 AppleWebKit/537.36 (KHTML, like Gecko; compatible; GPTBot/1.2; +https://openai.com/gptbot)"
20.171.206.239 - - [05/Nov/2024:00:17:37 +0900] "GET /wp-login.php?redirect_to=%2F%3Fpage_id%3D254%26pageid%3D1%26category1%3D2023%26mod%3Deditor%26parent_uid%3D701%26kboard_id%3D7%26view_iframe%3D1%26iframe_id%3D6728e0b826f57 HTTP/1.1" 200 3435 "-" "Mozilla/5.0 AppleWebKit/537.36 (KHTML, like Gecko; compatible; GPTBot/1.2; +https://openai.com/gptbot)"
20.171.206.239 - - [05/Nov/2024:00:17:38 +0900] "GET /wp-login.php?redirect_to=https%253A%252F%252Faps.or.kr%252F%253Fpage_id%253D254%2526pageid%253D1%2526category1%253D2023%2526mod%253Deditor%2526parent_uid%253D701%2526kboard_id%253D7%2526view_iframe%253D1%2526iframe_id%253D6728e0b826f57 HTTP/1.1" 200 3444 "-" "Mozilla/5.0 AppleWebKit/537.36 (KHTML, like Gecko; compatible; GPTBot/1.2; +https://openai.com/gptbot)"
20.171.206.239 - - [05/Nov/2024:00:17:39 +0900] "GET /wp-login.php?redirect_to=%2F%3Fpage_id%3D254%26pageid%3D1%26category1%3D2023%26mod%3Deditor%26parent_uid%3D682%26kboard_id%3D7%26view_iframe%3D1%26iframe_id%3D6728e0b3d1033 HTTP/1.1" 200 3435 "-" "Mozilla/5.0 AppleWebKit/537.36 (KHTML, like Gecko; compatible; GPTBot/1.2; +https://openai.com/gptbot)"
20.171.206.239 - - [05/Nov/2024:00:17:52 +0900] "GET /wp-login.php?redirect_to=https%253A%252F%252Faps.or.kr%252F%253Fpage_id%253D254%2526pageid%253D1%2526category1%253D2023%2526mod%253Deditor%2526parent_uid%253D680%2526kboard_id%253D7%2526view_iframe%253D1%2526iframe_id%253D6728e0b9b7962 HTTP/1.1" 200 3445 "-" "Mozilla/5.0 AppleWebKit/537.36 (KHTML, like Gecko; compatible; GPTBot/1.2; +https://openai.com/gptbot)"
20.171.206.239 - - [05/Nov/2024:00:17:53 +0900] "GET /wp-login.php?redirect_to=https%253A%252F%252Faps.or.kr%252F%253Fpage_id%253D254%2526pageid%253D1%2526category1%253D2023%2526mod%253Deditor%2526parent_uid%253D682%2526kboard_id%253D7%2526view_iframe%253D1%2526iframe_id%253D6728e0b3d1033 HTTP/1.1" 200 3445 "-" "Mozilla/5.0 AppleWebKit/537.36 (KHTML, like Gecko; compatible; GPTBot/1.2; +https://openai.com/gptbot)"
20.171.206.239 - - [05/Nov/2024:00:17:54 +0900] "GET /wp-login.php?redirect_to=%2F%3Fpage_id%3D254%26pageid%3D1%26category1%3D2023%26mod%3Deditor%26parent_uid%3D680%26kboard_id%3D7%26view_iframe%3D1%26iframe_id%3D6728e0b9b7962 HTTP/1.1" 200 3436 "-" "Mozilla/5.0 AppleWebKit/537.36 (KHTML, like Gecko; compatible; GPTBot/1.2; +https://openai.com/gptbot)"
20.171.206.239 - - [05/Nov/2024:00:17:55 +0900] "GET /wp-login.php?redirect_to=https%253A%252F%252Faps.or.kr%252F%253Fpage_id%253D254%2526pageid%253D1%2526category1%253D2023%2526mod%253Deditor%2526parent_uid%253D676 HTTP/1.1" 200 3411 "-" "Mozilla/5.0 AppleWebKit/537.36 (KHTML, like Gecko; compatible; GPTBot/1.2; +https://openai.com/gptbot)"
20.171.206.239 - - [05/Nov/2024:00:17:56 +0900] "GET /?page_id=254&pageid=1&category1=2023&mod=editor&parent_uid=676&kboard_id=7&view_iframe=1&iframe_id=6728e39fbd353 HTTP/1.1" 200 16248 "-" "Mozilla/5.0 AppleWebKit/537.36 (KHTML, like Gecko; compatible; GPTBot/1.2; +https://openai.com/gptbot)"
20.171.206.239 - - [05/Nov/2024:00:17:58 +0900] "GET /?page_id=254&pageid=1&category1=2023&uid=674&mod=document HTTP/1.1" 200 772728 "-" "Mozilla/5.0 AppleWebKit/537.36 (KHTML, like Gecko; compatible; GPTBot/1.2; +https://openai.com/gptbot)"
20.171.206.239 - - [05/Nov/2024:00:17:58 +0900] "GET /wp-content/uploads/kboard_captcha/captcha_6728e3a0de640.png HTTP/1.1" 200 184 "-" "Mozilla/5.0 AppleWebKit/537.36 (KHTML, like Gecko; compatible; GPTBot/1.2; +https://openai.com/gptbot)"
20.171.206.185 - - [05/Nov/2024:00:18:00 +0900] "GET /?page_id=254&pageid=1&category1=2023&mod=editor&parent_uid=675 HTTP/1.1" 200 21235 "-" "Mozilla/5.0 AppleWebKit/537.36 (KHTML, like Gecko; compatible; GPTBot/1.2; +https://openai.com/gptbot)"
20.171.206.185 - - [05/Nov/2024:00:18:07 +0900] "GET /wp-login.php?redirect_to=https%253A%252F%252Faps.or.kr%252F%253Fpage_id%253D254%2526pageid%253D1%2526category1%253D2023%2526uid%253D675%2526mod%253Ddocument HTTP/1.1" 200 3408 "-" "Mozilla/5.0 AppleWebKit/537.36 (KHTML, like Gecko; compatible; GPTBot/1.2; +https://openai.com/gptbot)"
192.168.0.1 - - [05/Nov/2024:00:18:33 +0900] "POST /wp-cron.php?doing_wp_cron=1730733513.3265440464019775390625 HTTP/1.1" 200 31 "-" "WordPress/6.6.2; https://aps.or.kr"
20.171.206.185 - - [05/Nov/2024:00:18:33 +0900] "GET /wp-login.php?redirect_to=%2F%3Fpage_id%3D254%26pageid%3D1%26category1%3D2023%26mod%3Deditor%26parent_uid%3D687%26kboard_id%3D7%26view_iframe%3D1%26iframe_id%3D6728e0bfcadc0 HTTP/1.1" 200 3437 "-" "Mozilla/5.0 AppleWebKit/537.36 (KHTML, like Gecko; compatible; GPTBot/1.2; +https://openai.com/gptbot)"
20.171.206.185 - - [05/Nov/2024:00:18:33 +0900] "GET /wp-login.php?redirect_to=https%253A%252F%252Faps.or.kr%252F%253Fpage_id%253D254%2526pageid%253D1%2526category1%253D2023%2526mod%253Deditor%2526parent_uid%253D687%2526kboard_id%253D7%2526view_iframe%253D1%2526iframe_id%253D6728e0bfcadc0 HTTP/1.1" 200 3448 "-" "Mozilla/5.0 AppleWebKit/537.36 (KHTML, like Gecko; compatible; GPTBot/1.2; +https://openai.com/gptbot)"
20.171.206.185 - - [05/Nov/2024:00:18:34 +0900] "GET /wp-login.php?redirect_to=https%253A%252F%252Faps.or.kr%252F%253Fpage_id%253D254%2526pageid%253D1%2526mod%253Deditor%2526category1%253D2023%2526parent_uid%253D675 HTTP/1.1" 200 3411 "-" "Mozilla/5.0 AppleWebKit/537.36 (KHTML, like Gecko; compatible; GPTBot/1.2; +https://openai.com/gptbot)"
20.171.206.185 - - [05/Nov/2024:00:18:35 +0900] "GET /?page_id=254&pageid=1&mod=editor&category1=2023&parent_uid=675&kboard_id=7&view_iframe=1&iframe_id=6728e3aa6d996 HTTP/1.1" 200 16249 "-" "Mozilla/5.0 AppleWebKit/537.36 (KHTML, like Gecko; compatible; GPTBot/1.2; +https://openai.com/gptbot)"
20.171.206.185 - - [05/Nov/2024:00:18:36 +0900] "GET /wp-login.php?redirect_to=https%253A%252F%252Faps.or.kr%252F%253Fpage_id%253D254%2526pageid%253D1%2526mod%253Ddocument%2526category1%253D2023%2526uid%253D674 HTTP/1.1" 200 3408 "-" "Mozilla/5.0 AppleWebKit/537.36 (KHTML, like Gecko; compatible; GPTBot/1.2; +https://openai.com/gptbot)"
20.171.206.185 - - [05/Nov/2024:00:18:38 +0900] "GET /?page_id=254&pageid=1&mod=editor&category1=2023&parent_uid=674 HTTP/1.1" 200 21235 "-" "Mozilla/5.0 AppleWebKit/537.36 (KHTML, like Gecko; compatible; GPTBot/1.2; +https://openai.com/gptbot)"
20.171.206.185 - - [05/Nov/2024:00:18:39 +0900] "GET /wp-content/uploads/kboard_captcha/captcha_6728e3ad1558e.png HTTP/1.1" 200 183 "-" "Mozilla/5.0 AppleWebKit/537.36 (KHTML, like Gecko; compatible; GPTBot/1.2; +https://openai.com/gptbot)"
20.171.206.185 - - [05/Nov/2024:00:18:40 +0900] "GET /?page_id=254&pageid=1&mod=document&category1=2023&uid=661 HTTP/1.1" 200 24227 "-" "Mozilla/5.0 AppleWebKit/537.36 (KHTML, like Gecko; compatible; GPTBot/1.2; +https://openai.com/gptbot)"
20.171.206.185 - - [05/Nov/2024:00:18:41 +0900] "GET /wp-login.php?redirect_to=%2F%3Fpage_id%3D254%26pageid%3D1%26mod%3Deditor%26category1%3D2023%26parent_uid%3D676%26kboard_id%3D7%26view_iframe%3D1%26iframe_id%3D6728e0d284948 HTTP/1.1" 200 3433 "-" "Mozilla/5.0 AppleWebKit/537.36 (KHTML, like Gecko; compatible; GPTBot/1.2; +https://openai.com/gptbot)"
20.171.206.185 - - [05/Nov/2024:00:18:42 +0900] "GET /wp-login.php?redirect_to=https%253A%252F%252Faps.or.kr%252F%253Fpage_id%253D254%2526pageid%253D1%2526mod%253Deditor%2526category1%253D2023%2526parent_uid%253D676%2526kboard_id%253D7%2526view_iframe%253D1%2526iframe_id%253D6728e0d284948 HTTP/1.1" 200 3445 "-" "Mozilla/5.0 AppleWebKit/537.36 (KHTML, like Gecko; compatible; GPTBot/1.2; +https://openai.com/gptbot)"
20.171.206.185 - - [05/Nov/2024:00:18:43 +0900] "GET /wp-login.php?redirect_to=https%253A%252F%252Faps.or.kr%252F%253Fpage_id%253D254%2526category1%253D2022%2526pageid%253D1%2526mod%253Deditor%2526parent_uid%253D565 HTTP/1.1" 200 3411 "-" "Mozilla/5.0 AppleWebKit/537.36 (KHTML, like Gecko; compatible; GPTBot/1.2; +https://openai.com/gptbot)"
20.171.206.185 - - [05/Nov/2024:00:18:44 +0900] "GET /?page_id=254&category1=2022&pageid=1&mod=editor&parent_uid=565&kboard_id=7&view_iframe=1&iframe_id=6728e3c7990db HTTP/1.1" 200 16246 "-" "Mozilla/5.0 AppleWebKit/537.36 (KHTML, like Gecko; compatible; GPTBot/1.2; +https://openai.com/gptbot)"
20.171.206.185 - - [05/Nov/2024:00:18:54 +0900] "GET /wp-content/uploads/kboard_captcha/captcha_6728e3c978e4e.png HTTP/1.1" 200 191 "-" "Mozilla/5.0 AppleWebKit/537.36 (KHTML, like Gecko; compatible; GPTBot/1.2; +https://openai.com/gptbot)"
20.171.206.19 - - [05/Nov/2024:00:19:08 +0900] "GET /?page_id=254&category1=2022&pageid=1&mod=document&uid=563 HTTP/1.1" 200 25938 "-" "Mozilla/5.0 AppleWebKit/537.36 (KHTML, like Gecko; compatible; GPTBot/1.2; +https://openai.com/gptbot)"
20.171.206.19 - - [05/Nov/2024:00:19:08 +0900] "GET /?page_id=254&category1=2022&pageid=1&mod=editor&parent_uid=564 HTTP/1.1" 200 21235 "-" "Mozilla/5.0 AppleWebKit/537.36 (KHTML, like Gecko; compatible; GPTBot/1.2; +https://openai.com/gptbot)"
20.171.206.19 - - [05/Nov/2024:00:19:09 +0900] "GET /wp-login.php?redirect_to=https%253A%252F%252Faps.or.kr%252F%253Fpage_id%253D254%2526category1%253D2022%2526pageid%253D1%2526mod%253Ddocument%2526uid%253D564 HTTP/1.1" 200 3408 "-" "Mozilla/5.0 AppleWebKit/537.36 (KHTML, like Gecko; compatible; GPTBot/1.2; +https://openai.com/gptbot)"
20.171.206.19 - - [05/Nov/2024:00:19:10 +0900] "GET /wp-login.php?redirect_to=%2F%3Fpage_id%3D254%26category1%3D2022%26pageid%3D1%26mod%3Deditor%26parent_uid%3D566%26kboard_id%3D7%26view_iframe%3D1%26iframe_id%3D6728e0f945b3c HTTP/1.1" 200 3434 "-" "Mozilla/5.0 AppleWebKit/537.36 (KHTML, like Gecko; compatible; GPTBot/1.2; +https://openai.com/gptbot)"
20.171.206.19 - - [05/Nov/2024:00:19:12 +0900] "GET /wp-login.php?redirect_to=https%253A%252F%252Faps.or.kr%252F%253Fpage_id%253D254%2526category1%253D2022%2526pageid%253D1%2526mod%253Deditor%2526parent_uid%253D566%2526kboard_id%253D7%2526view_iframe%253D1%2526iframe_id%253D6728e0f945b3c HTTP/1.1" 200 3445 "-" "Mozilla/5.0 AppleWebKit/537.36 (KHTML, like Gecko; compatible; GPTBot/1.2; +https://openai.com/gptbot)"
20.171.206.19 - - [05/Nov/2024:00:19:12 +0900] "GET /wp-content/uploads/kboard_captcha/captcha_6728e3cfa9c24.png HTTP/1.1" 200 186 "-" "Mozilla/5.0 AppleWebKit/537.36 (KHTML, like Gecko; compatible; GPTBot/1.2; +https://openai.com/gptbot)"
20.171.206.19 - - [05/Nov/2024:00:19:14 +0900] "GET /?page_id=254&mod=document&uid=563 HTTP/1.1" 200 25809 "-" "Mozilla/5.0 AppleWebKit/537.36 (KHTML, like Gecko; compatible; GPTBot/1.2; +https://openai.com/gptbot)"
20.171.206.19 - - [05/Nov/2024:00:19:15 +0900] "GET /?page_id=254&mod=editor&parent_uid=565&kboard_id=7&view_iframe=1&iframe_id=6728e3d1d5f3c HTTP/1.1" 200 16190 "-" "Mozilla/5.0 AppleWebKit/537.36 (KHTML, like Gecko; compatible; GPTBot/1.2; +https://openai.com/gptbot)"
20.171.206.19 - - [05/Nov/2024:00:19:16 +0900] "GET /?page_id=254&mod=editor&parent_uid=564 HTTP/1.1" 200 21189 "-" "Mozilla/5.0 AppleWebKit/537.36 (KHTML, like Gecko; compatible; GPTBot/1.2; +https://openai.com/gptbot)"
20.171.206.19 - - [05/Nov/2024:00:19:30 +0900] "GET /wp-login.php?redirect_to=https%253A%252F%252Faps.or.kr%252F%253Fpage_id%253D254%2526mod%253Deditor%2526parent_uid%253D566%2526kboard_id%253D7%2526view_iframe%253D1%2526iframe_id%253D6728e107015a2 HTTP/1.1" 200 3429 "-" "Mozilla/5.0 AppleWebKit/537.36 (KHTML, like Gecko; compatible; GPTBot/1.2; +https://openai.com/gptbot)"
20.171.206.19 - - [05/Nov/2024:00:19:31 +0900] "GET /wp-login.php?redirect_to=%2F%3Fpage_id%3D254%26mod%3Deditor%26parent_uid%3D566%26kboard_id%3D7%26view_iframe%3D1%26iframe_id%3D6728e107015a2 HTTP/1.1" 200 3412 "-" "Mozilla/5.0 AppleWebKit/537.36 (KHTML, like Gecko; compatible; GPTBot/1.2; +https://openai.com/gptbot)"
20.171.206.19 - - [05/Nov/2024:00:19:32 +0900] "GET /wp-login.php?redirect_to=%2F%3Fpage_id%3D254%26mod%3Deditor%26category1%3D2022%26pageid%3D1%26parent_uid%3D564%26kboard_id%3D7%26view_iframe%3D1%26iframe_id%3D6728e1131b439 HTTP/1.1" 200 3433 "-" "Mozilla/5.0 AppleWebKit/537.36 (KHTML, like Gecko; compatible; GPTBot/1.2; +https://openai.com/gptbot)"
192.168.0.1 - - [05/Nov/2024:00:19:33 +0900] "POST /wp-cron.php?doing_wp_cron=1730733573.7091300487518310546875 HTTP/1.1" 200 31 "-" "WordPress/6.6.2; https://aps.or.kr"
20.171.206.19 - - [05/Nov/2024:00:19:33 +0900] "GET /wp-login.php?redirect_to=https%253A%252F%252Faps.or.kr%252F%253Fpage_id%253D254%2526mod%253Deditor%2526category1%253D2022%2526pageid%253D1%2526parent_uid%253D564%2526kboard_id%253D7%2526view_iframe%253D1%2526iframe_id%253D6728e1131b439 HTTP/1.1" 200 3445 "-" "Mozilla/5.0 AppleWebKit/537.36 (KHTML, like Gecko; compatible; GPTBot/1.2; +https://openai.com/gptbot)"
20.171.206.19 - - [05/Nov/2024:00:19:34 +0900] "GET /?page_id=254&mod=editor&category1=2022&pageid=1&parent_uid=563&kboard_id=7&view_iframe=1&iframe_id=6728e3d9890dc HTTP/1.1" 200 16253 "-" "Mozilla/5.0 AppleWebKit/537.36 (KHTML, like Gecko; compatible; GPTBot/1.2; +https://openai.com/gptbot)"
20.171.206.19 - - [05/Nov/2024:00:19:35 +0900] "GET /wp-login.php?redirect_to=https%253A%252F%252Faps.or.kr%252F%253Fpageid%253D1%2526page_id%253D254%2526mod%253Deditor%2526category1%253D2022%2526parent_uid%253D565%2526kboard_id%253D7%2526view_iframe%253D1%2526iframe_id%253D6728e12dc95a2 HTTP/1.1" 200 3444 "-" "Mozilla/5.0 AppleWebKit/537.36 (KHTML, like Gecko; compatible; GPTBot/1.2; +https://openai.com/gptbot)"
20.171.206.19 - - [05/Nov/2024:00:19:37 +0900] "GET /wp-login.php?redirect_to=%2F%3Fpageid%3D1%26page_id%3D254%26mod%3Deditor%26category1%3D2022%26parent_uid%3D565%26kboard_id%3D7%26view_iframe%3D1%26iframe_id%3D6728e12dc95a2 HTTP/1.1" 200 3434 "-" "Mozilla/5.0 AppleWebKit/537.36 (KHTML, like Gecko; compatible; GPTBot/1.2; +https://openai.com/gptbot)"
20.171.206.19 - - [05/Nov/2024:00:19:38 +0900] "GET /?pageid=1&page_id=254&mod=editor&category1=2022&parent_uid=564&kboard_id=7&view_iframe=1&iframe_id=6728e3fa12412 HTTP/1.1" 200 16254 "-" "Mozilla/5.0 AppleWebKit/537.36 (KHTML, like Gecko; compatible; GPTBot/1.2; +https://openai.com/gptbot)"
20.171.206.19 - - [05/Nov/2024:00:19:39 +0900] "GET /wp-content/uploads/kboard_captcha/captcha_6728e3fd636b6.png HTTP/1.1" 200 189 "-" "Mozilla/5.0 AppleWebKit/537.36 (KHTML, like Gecko; compatible; GPTBot/1.2; +https://openai.com/gptbot)"
20.171.206.19 - - [05/Nov/2024:00:19:40 +0900] "GET /?pageid=1&page_id=254&mod=editor&category1=2022&parent_uid=563 HTTP/1.1" 200 21248 "-" "Mozilla/5.0 AppleWebKit/537.36 (KHTML, like Gecko; compatible; GPTBot/1.2; +https://openai.com/gptbot)"
59.1.161.15 - - [05/Nov/2024:00:19:59 +0900] "GET / HTTP/1.1" 200 21869 "https://aps.or.kr/?page_id=169" "Mozilla/5.0 (iPhone; CPU iPhone OS 17_6_1 like Mac OS X) AppleWebKit/605.1.15 (KHTML, like Gecko) Version/17.6 Mobile/15E148 Safari/604.1"
20.171.206.185 - - [05/Nov/2024:00:20:07 +0900] "GET /wp-login.php?redirect_to=%2F%3Fpageid%3D1%26page_id%3D254%26category1%3D2022%26mod%3Deditor%26parent_uid%3D566%26kboard_id%3D7%26view_iframe%3D1%26iframe_id%3D6728e136a7119 HTTP/1.1" 200 3434 "-" "Mozilla/5.0 AppleWebKit/537.36 (KHTML, like Gecko; compatible; GPTBot/1.2; +https://openai.com/gptbot)"
20.171.206.185 - - [05/Nov/2024:00:20:08 +0900] "GET /?pageid=1&page_id=254&mod=document&category1=2022&uid=561 HTTP/1.1" 200 16242 "-" "Mozilla/5.0 AppleWebKit/537.36 (KHTML, like Gecko; compatible; GPTBot/1.2; +https://openai.com/gptbot)"
20.171.206.185 - - [05/Nov/2024:00:20:08 +0900] "GET /wp-login.php?redirect_to=https%253A%252F%252Faps.or.kr%252F%253Fpageid%253D1%2526page_id%253D254%2526category1%253D2022%2526mod%253Deditor%2526parent_uid%253D566%2526kboard_id%253D7%2526view_iframe%253D1%2526iframe_id%253D6728e136a7119 HTTP/1.1" 200 3444 "-" "Mozilla/5.0 AppleWebKit/537.36 (KHTML, like Gecko; compatible; GPTBot/1.2; +https://openai.com/gptbot)"
20.171.206.185 - - [05/Nov/2024:00:20:09 +0900] "GET /wp-content/uploads/kboard_captcha/captcha_6728e40485287.png HTTP/1.1" 200 187 "-" "Mozilla/5.0 AppleWebKit/537.36 (KHTML, like Gecko; compatible; GPTBot/1.2; +https://openai.com/gptbot)"
20.171.206.185 - - [05/Nov/2024:00:20:11 +0900] "GET /?pageid=1&page_id=254&category1=2022&mod=editor&parent_uid=565&kboard_id=7&view_iframe=1&iframe_id=6728e402d667d HTTP/1.1" 200 16258 "-" "Mozilla/5.0 AppleWebKit/537.36 (KHTML, like Gecko; compatible; GPTBot/1.2; +https://openai.com/gptbot)"
20.171.206.185 - - [05/Nov/2024:00:20:12 +0900] "GET /?pageid=1&page_id=254&category1=2022&uid=563&mod=document HTTP/1.1" 200 25941 "-" "Mozilla/5.0 AppleWebKit/537.36 (KHTML, like Gecko; compatible; GPTBot/1.2; +https://openai.com/gptbot)"
20.171.206.185 - - [05/Nov/2024:00:20:13 +0900] "GET /?pageid=1&page_id=254&category1=2022&mod=editor&parent_uid=564 HTTP/1.1" 200 21246 "-" "Mozilla/5.0 AppleWebKit/537.36 (KHTML, like Gecko; compatible; GPTBot/1.2; +https://openai.com/gptbot)"
20.171.206.185 - - [05/Nov/2024:00:20:14 +0900] "GET /wp-content/uploads/kboard_captcha/captcha_6728e4197cb30.png HTTP/1.1" 200 193 "-" "Mozilla/5.0 AppleWebKit/537.36 (KHTML, like Gecko; compatible; GPTBot/1.2; +https://openai.com/gptbot)"
20.171.206.185 - - [05/Nov/2024:00:20:15 +0900] "GET /wp-login.php?redirect_to=https%253A%252F%252Faps.or.kr%252F%253Fpageid%253D2%2526page_id%253D254%2526category1%253D2022%2526mod%253Ddocument%2526uid%253D532 HTTP/1.1" 200 3407 "-" "Mozilla/5.0 AppleWebKit/537.36 (KHTML, like Gecko; compatible; GPTBot/1.2; +https://openai.com/gptbot)"
20.171.206.185 - - [05/Nov/2024:00:20:16 +0900] "GET /?pageid=2&page_id=254&category1=2022&mod=editor&parent_uid=532 HTTP/1.1" 200 21240 "-" "Mozilla/5.0 AppleWebKit/537.36 (KHTML, like Gecko; compatible; GPTBot/1.2; +https://openai.com/gptbot)"
20.171.206.185 - - [05/Nov/2024:00:20:17 +0900] "GET /?pageid=2&page_id=254&category1=2022&mod=editor&parent_uid=533&kboard_id=7&view_iframe=1&iframe_id=6728e41a7d5e0 HTTP/1.1" 200 16256 "-" "Mozilla/5.0 AppleWebKit/537.36 (KHTML, like Gecko; compatible; GPTBot/1.2; +https://openai.com/gptbot)"
59.1.161.15 - - [05/Nov/2024:00:20:22 +0900] "GET /?p=506 HTTP/1.1" 200 23078 "https://aps.or.kr/" "Mozilla/5.0 (iPhone; CPU iPhone OS 17_6_1 like Mac OS X) AppleWebKit/605.1.15 (KHTML, like Gecko) Version/17.6 Mobile/15E148 Safari/604.1"
20.171.206.185 - - [05/Nov/2024:00:20:27 +0900] "GET /wp-login.php?redirect_to=%2F%3Fpageid%3D2%26page_id%3D254%26category1%3D2022%26mod%3Deditor%26parent_uid%3D534%26kboard_id%3D7%26view_iframe%3D1%26iframe_id%3D6728e1500a16f HTTP/1.1" 200 3437 "-" "Mozilla/5.0 AppleWebKit/537.36 (KHTML, like Gecko; compatible; GPTBot/1.2; +https://openai.com/gptbot)"
20.171.206.185 - - [05/Nov/2024:00:20:29 +0900] "GET /wp-login.php?redirect_to=https%253A%252F%252Faps.or.kr%252F%253Fpageid%253D2%2526page_id%253D254%2526category1%253D2022%2526mod%253Deditor%2526parent_uid%253D534%2526kboard_id%253D7%2526view_iframe%253D1%2526iframe_id%253D6728e1500a16f HTTP/1.1" 200 3448 "-" "Mozilla/5.0 AppleWebKit/537.36 (KHTML, like Gecko; compatible; GPTBot/1.2; +https://openai.com/gptbot)"
59.1.161.15 - - [05/Nov/2024:00:20:29 +0900] "GET /wp-content/uploads/2022/05/2018.jpg HTTP/1.1" 200 498490 "https://aps.or.kr/?p=506" "Mozilla/5.0 (iPhone; CPU iPhone OS 17_6_1 like Mac OS X) AppleWebKit/605.1.15 (KHTML, like Gecko) Version/17.6 Mobile/15E148 Safari/604.1"
59.1.161.15 - - [05/Nov/2024:00:20:30 +0900] "GET /wp-content/uploads/2021/11/aps-2019-%EB%8B%A8%EC%B2%B4.jpg HTTP/1.1" 200 210873 "https://aps.or.kr/?p=506" "Mozilla/5.0 (iPhone; CPU iPhone OS 17_6_1 like Mac OS X) AppleWebKit/605.1.15 (KHTML, like Gecko) Version/17.6 Mobile/15E148 Safari/604.1"
20.171.206.185 - - [05/Nov/2024:00:20:30 +0900] "GET /?page_id=1003&board_page=3&vid=78 HTTP/1.1" 200 26296 "-" "Mozilla/5.0 AppleWebKit/537.36 (KHTML, like Gecko; compatible; GPTBot/1.2; +https://openai.com/gptbot)"
20.171.206.185 - - [05/Nov/2024:00:20:31 +0900] "GET /?page_id=1003&board_page=3&vid=30 HTTP/1.1" 200 26552 "-" "Mozilla/5.0 AppleWebKit/537.36 (KHTML, like Gecko; compatible; GPTBot/1.2; +https://openai.com/gptbot)"
192.168.0.1 - - [05/Nov/2024:00:20:34 +0900] "POST /wp-cron.php?doing_wp_cron=1730733634.2555329799652099609375 HTTP/1.1" 200 31 "-" "WordPress/6.6.2; https://aps.or.kr"
59.1.161.15 - - [05/Nov/2024:00:20:34 +0900] "GET /?p=506 HTTP/1.1" 200 23078 "https://aps.or.kr/" "Mozilla/5.0 (iPhone; CPU iPhone OS 17_6_1 like Mac OS X) AppleWebKit/605.1.15 (KHTML, like Gecko) Version/17.6 Mobile/15E148 Safari/604.1"
59.1.161.15 - - [05/Nov/2024:00:20:38 +0900] "GET /?page_id=474 HTTP/1.1" 200 21063 "https://aps.or.kr/?p=506" "Mozilla/5.0 (iPhone; CPU iPhone OS 17_6_1 like Mac OS X) AppleWebKit/605.1.15 (KHTML, like Gecko) Version/17.6 Mobile/15E148 Safari/604.1"
59.1.161.15 - - [05/Nov/2024:00:20:38 +0900] "GET /wp-content/plugins/pdf-embedder/assets/css/pdfemb.min.css?ver=4.8.2 HTTP/1.1" 200 6917 "https://aps.or.kr/?page_id=474" "Mozilla/5.0 (iPhone; CPU iPhone OS 17_6_1 like Mac OS X) AppleWebKit/605.1.15 (KHTML, like Gecko) Version/17.6 Mobile/15E148 Safari/604.1"
59.1.161.15 - - [05/Nov/2024:00:20:38 +0900] "GET /wp-content/plugins/pdf-embedder/assets/js/pdfemb.min.js?ver=4.8.2 HTTP/1.1" 200 19384 "https://aps.or.kr/?page_id=474" "Mozilla/5.0 (iPhone; CPU iPhone OS 17_6_1 like Mac OS X) AppleWebKit/605.1.15 (KHTML, like Gecko) Version/17.6 Mobile/15E148 Safari/604.1"
59.1.161.15 - - [05/Nov/2024:00:20:38 +0900] "GET /wp-content/plugins/pdf-embedder/assets/js/pdfjs/pdf.min.js?ver=2.2.228 HTTP/1.1" 200 334601 "https://aps.or.kr/?page_id=474" "Mozilla/5.0 (iPhone; CPU iPhone OS 17_6_1 like Mac OS X) AppleWebKit/605.1.15 (KHTML, like Gecko) Version/17.6 Mobile/15E148 Safari/604.1"
59.1.161.15 - - [05/Nov/2024:00:20:38 +0900] "GET /wp-content/plugins/pdf-embedder/assets/js/pdfjs/pdf.worker.min.js?ver=2.2.228 HTTP/1.1" 200 771590 "https://aps.or.kr/?page_id=474" "Mozilla/5.0 (iPhone; CPU iPhone OS 17_6_1 like Mac OS X) AppleWebKit/605.1.15 (KHTML, like Gecko) Version/17.6 Mobile/15E148 Safari/604.1"
59.1.161.15 - - [05/Nov/2024:00:20:38 +0900] "GET /wp-content/uploads/2023/09/APS-23%EB%85%84%EA%B0%9C%EC%A0%95-%ED%9A%8C%EC%B9%99.pdf HTTP/1.1" 200 108891 "https://aps.or.kr/?page_id=474" "Mozilla/5.0 (iPhone; CPU iPhone OS 17_6_1 like Mac OS X) AppleWebKit/605.1.15 (KHTML, like Gecko) Version/17.6 Mobile/15E148 Safari/604.1"
59.1.161.15 - - [05/Nov/2024:00:20:39 +0900] "GET /wp-content/plugins/pdf-embedder/assets/img/toolbarButton-pageUp.png HTTP/1.1" 200 246 "https://aps.or.kr/?page_id=474" "Mozilla/5.0 (iPhone; CPU iPhone OS 17_6_1 like Mac OS X) AppleWebKit/605.1.15 (KHTML, like Gecko) Version/17.6 Mobile/15E148 Safari/604.1"
59.1.161.15 - - [05/Nov/2024:00:20:39 +0900] "GET /wp-content/plugins/pdf-embedder/assets/img/toolbarButton-pageDown.png HTTP/1.1" 200 238 "https://aps.or.kr/?page_id=474" "Mozilla/5.0 (iPhone; CPU iPhone OS 17_6_1 like Mac OS X) AppleWebKit/605.1.15 (KHTML, like Gecko) Version/17.6 Mobile/15E148 Safari/604.1"
59.1.161.15 - - [05/Nov/2024:00:20:39 +0900] "GET /wp-content/plugins/pdf-embedder/assets/img/toolbarButton-zoomOut.png HTTP/1.1" 200 88 "https://aps.or.kr/?page_id=474" "Mozilla/5.0 (iPhone; CPU iPhone OS 17_6_1 like Mac OS X) AppleWebKit/605.1.15 (KHTML, like Gecko) Version/17.6 Mobile/15E148 Safari/604.1"
59.1.161.15 - - [05/Nov/2024:00:20:39 +0900] "GET /wp-content/plugins/pdf-embedder/assets/img/toolbarButton-zoomIn.png HTTP/1.1" 200 136 "https://aps.or.kr/?page_id=474" "Mozilla/5.0 (iPhone; CPU iPhone OS 17_6_1 like Mac OS X) AppleWebKit/605.1.15 (KHTML, like Gecko) Version/17.6 Mobile/15E148 Safari/604.1"
20.171.206.185 - - [05/Nov/2024:00:20:44 +0900] "GET /?page_id=169&mod=document&uid=1096 HTTP/1.1" 200 201007 "-" "Mozilla/5.0 AppleWebKit/537.36 (KHTML, like Gecko; compatible; GPTBot/1.2; +https://openai.com/gptbot)"
20.171.206.185 - - [05/Nov/2024:00:20:44 +0900] "GET /wp-login.php?redirect_to=https%253A%252F%252Faps.or.kr%252F%253Fpage_id%253D1003%2526board_page%253D4%2526vid%253D52 HTTP/1.1" 200 3390 "-" "Mozilla/5.0 AppleWebKit/537.36 (KHTML, like Gecko; compatible; GPTBot/1.2; +https://openai.com/gptbot)"
20.171.206.185 - - [05/Nov/2024:00:20:45 +0900] "GET /wp-login.php?redirect_to=https%253A%252F%252Faps.or.kr%252F%253Fpage_id%253D1003%2526board_page%253D4%2526vid%253D7 HTTP/1.1" 200 3389 "-" "Mozilla/5.0 AppleWebKit/537.36 (KHTML, like Gecko; compatible; GPTBot/1.2; +https://openai.com/gptbot)"
20.171.206.185 - - [05/Nov/2024:00:20:47 +0900] "GET /?page_id=1003&board_page=4&vid=53 HTTP/1.1" 200 26501 "-" "Mozilla/5.0 AppleWebKit/537.36 (KHTML, like Gecko; compatible; GPTBot/1.2; +https://openai.com/gptbot)"
59.1.161.15 - - [05/Nov/2024:00:20:47 +0900] "GET /?page_id=42 HTTP/1.1" 200 21928 "https://aps.or.kr/?page_id=474" "Mozilla/5.0 (iPhone; CPU iPhone OS 17_6_1 like Mac OS X) AppleWebKit/605.1.15 (KHTML, like Gecko) Version/17.6 Mobile/15E148 Safari/604.1"
20.171.206.185 - - [05/Nov/2024:00:20:48 +0900] "GET /?page_id=169&mod=document&uid=709 HTTP/1.1" 200 150166 "-" "Mozilla/5.0 AppleWebKit/537.36 (KHTML, like Gecko; compatible; GPTBot/1.2; +https://openai.com/gptbot)"
20.171.206.185 - - [05/Nov/2024:00:20:49 +0900] "GET /?page_id=1003&board_page=4&vid=6 HTTP/1.1" 200 26779 "-" "Mozilla/5.0 AppleWebKit/537.36 (KHTML, like Gecko; compatible; GPTBot/1.2; +https://openai.com/gptbot)"
20.171.206.185 - - [05/Nov/2024:00:20:50 +0900] "GET /?action=kboard_document_print&uid=708 HTTP/1.1" 200 69152 "-" "Mozilla/5.0 AppleWebKit/537.36 (KHTML, like Gecko; compatible; GPTBot/1.2; +https://openai.com/gptbot)"
20.171.206.185 - - [05/Nov/2024:00:20:51 +0900] "GET /?kboard_content_redirect=708 HTTP/1.1" 301 5 "-" "Mozilla/5.0 AppleWebKit/537.36 (KHTML, like Gecko; compatible; GPTBot/1.2; +https://openai.com/gptbot)"
59.1.161.15 - - [05/Nov/2024:00:20:52 +0900] "GET /?page_id=254 HTTP/1.1" 200 23712 "https://aps.or.kr/?page_id=42" "Mozilla/5.0 (iPhone; CPU iPhone OS 17_6_1 like Mac OS X) AppleWebKit/605.1.15 (KHTML, like Gecko) Version/17.6 Mobile/15E148 Safari/604.1"
59.1.161.15 - - [05/Nov/2024:00:20:52 +0900] "GET /wp-content/uploads/2024/10/g1-e1729826438404-512x300.jpg HTTP/1.1" 200 23023 "https://aps.or.kr/?page_id=254" "Mozilla/5.0 (iPhone; CPU iPhone OS 17_6_1 like Mac OS X) AppleWebKit/605.1.15 (KHTML, like Gecko) Version/17.6 Mobile/15E148 Safari/604.1"
59.1.161.15 - - [05/Nov/2024:00:20:52 +0900] "GET /wp-content/uploads/2024/10/g1-e1729826438404.jpg HTTP/1.1" 200 55653 "https://aps.or.kr/?page_id=254" "Mozilla/5.0 (iPhone; CPU iPhone OS 17_6_1 like Mac OS X) AppleWebKit/605.1.15 (KHTML, like Gecko) Version/17.6 Mobile/15E148 Safari/604.1"
20.171.206.168 - - [05/Nov/2024:00:21:03 +0900] "GET /?page_id=169&mod=document&category1=2023&pageid=1&uid=707 HTTP/1.1" 200 191551 "-" "Mozilla/5.0 AppleWebKit/537.36 (KHTML, like Gecko; compatible; GPTBot/1.2; +https://openai.com/gptbot)"
59.1.161.15 - - [05/Nov/2024:00:21:08 +0900] "GET /?cat=52 HTTP/1.1" 200 20056 "https://aps.or.kr/?page_id=254" "Mozilla/5.0 (iPhone; CPU iPhone OS 17_6_1 like Mac OS X) AppleWebKit/605.1.15 (KHTML, like Gecko) Version/17.6 Mobile/15E148 Safari/604.1"
59.1.161.15 - - [05/Nov/2024:00:21:14 +0900] "GET /?page_id=169 HTTP/1.1" 200 24456 "https://aps.or.kr/?cat=52" "Mozilla/5.0 (iPhone; CPU iPhone OS 17_6_1 like Mac OS X) AppleWebKit/605.1.15 (KHTML, like Gecko) Version/17.6 Mobile/15E148 Safari/604.1"
20.171.206.168 - - [05/Nov/2024:00:21:16 +0900] "GET /wp-login.php?redirect_to=https%253A%252F%252Faps.or.kr%252F%253Fpage_id%253D1003%2526board_page%253D5%2526vid%253D28 HTTP/1.1" 200 3389 "-" "Mozilla/5.0 AppleWebKit/537.36 (KHTML, like Gecko; compatible; GPTBot/1.2; +https://openai.com/gptbot)"
20.171.206.168 - - [05/Nov/2024:00:21:18 +0900] "GET /?page_id=1003&board_page=5&vid=29 HTTP/1.1" 200 26426 "-" "Mozilla/5.0 AppleWebKit/537.36 (KHTML, like Gecko; compatible; GPTBot/1.2; +https://openai.com/gptbot)"
47.128.124.189 - - [05/Nov/2024:00:21:18 +0900] "GET /?category1=2024&mod=document&page_id=169&pageid=11&uid=961 HTTP/1.1" 200 327750 "-" "Mozilla/5.0 (compatible; Bytespider; spider-feedback@bytedance.com) AppleWebKit/537.36 (KHTML, like Gecko) Chrome/70.0.0.0 Safari/537.36"
20.171.206.168 - - [05/Nov/2024:00:21:19 +0900] "GET /?page_id=169&mod=document&uid=1076&pageid=1 HTTP/1.1" 200 58581 "-" "Mozilla/5.0 AppleWebKit/537.36 (KHTML, like Gecko; compatible; GPTBot/1.2; +https://openai.com/gptbot)"
20.171.206.168 - - [05/Nov/2024:00:21:20 +0900] "GET /?kboard_content_redirect=711 HTTP/1.1" 301 5 "-" "Mozilla/5.0 AppleWebKit/537.36 (KHTML, like Gecko; compatible; GPTBot/1.2; +https://openai.com/gptbot)"
20.171.206.168 - - [05/Nov/2024:00:21:22 +0900] "GET /?page_id=169&mod=document&uid=1072 HTTP/1.1" 200 76897 "-" "Mozilla/5.0 AppleWebKit/537.36 (KHTML, like Gecko; compatible; GPTBot/1.2; +https://openai.com/gptbot)"
20.171.206.168 - - [05/Nov/2024:00:21:23 +0900] "GET /?action=kboard_document_print&uid=711 HTTP/1.1" 200 315145 "-" "Mozilla/5.0 AppleWebKit/537.36 (KHTML, like Gecko; compatible; GPTBot/1.2; +https://openai.com/gptbot)"
59.1.161.15 - - [05/Nov/2024:00:21:24 +0900] "GET /?page_id=1003 HTTP/1.1" 200 26409 "https://aps.or.kr/?page_id=169" "Mozilla/5.0 (iPhone; CPU iPhone OS 17_6_1 like Mac OS X) AppleWebKit/605.1.15 (KHTML, like Gecko) Version/17.6 Mobile/15E148 Safari/604.1"
59.1.161.15 - - [05/Nov/2024:00:21:24 +0900] "GET /wp-content/plugins/mangboard/skins/bbs_basic/css/style.css?ver=111 HTTP/1.1" 200 20771 "https://aps.or.kr/?page_id=1003" "Mozilla/5.0 (iPhone; CPU iPhone OS 17_6_1 like Mac OS X) AppleWebKit/605.1.15 (KHTML, like Gecko) Version/17.6 Mobile/15E148 Safari/604.1"
59.1.161.15 - - [05/Nov/2024:00:21:24 +0900] "GET /wp-content/plugins/mangboard/skins/bbs_basic/images/icon_level10.gif HTTP/1.1" 200 64 "https://aps.or.kr/?page_id=1003" "Mozilla/5.0 (iPhone; CPU iPhone OS 17_6_1 like Mac OS X) AppleWebKit/605.1.15 (KHTML, like Gecko) Version/17.6 Mobile/15E148 Safari/604.1"
59.1.161.15 - - [05/Nov/2024:00:21:24 +0900] "GET /wp-content/plugins/mangboard/skins/bbs_basic/images/icon_level1.gif HTTP/1.1" 200 63 "https://aps.or.kr/?page_id=1003" "Mozilla/5.0 (iPhone; CPU iPhone OS 17_6_1 like Mac OS X) AppleWebKit/605.1.15 (KHTML, like Gecko) Version/17.6 Mobile/15E148 Safari/604.1"
59.1.161.15 - - [05/Nov/2024:00:21:24 +0900] "GET /wp-content/plugins/mangboard/skins/bbs_basic/images/btn_paging_pprev.gif HTTP/1.1" 200 197 "https://aps.or.kr/?page_id=1003" "Mozilla/5.0 (iPhone; CPU iPhone OS 17_6_1 like Mac OS X) AppleWebKit/605.1.15 (KHTML, like Gecko) Version/17.6 Mobile/15E148 Safari/604.1"
59.1.161.15 - - [05/Nov/2024:00:21:24 +0900] "GET /wp-content/plugins/mangboard/skins/bbs_basic/js/common.js?ver=111 HTTP/1.1" 200 2 "https://aps.or.kr/?page_id=1003" "Mozilla/5.0 (iPhone; CPU iPhone OS 17_6_1 like Mac OS X) AppleWebKit/605.1.15 (KHTML, like Gecko) Version/17.6 Mobile/15E148 Safari/604.1"
20.171.206.168 - - [05/Nov/2024:00:21:24 +0900] "GET /?page_id=1003&board_page=2&vid=102 HTTP/1.1" 200 26280 "-" "Mozilla/5.0 AppleWebKit/537.36 (KHTML, like Gecko; compatible; GPTBot/1.2; +https://openai.com/gptbot)"
59.1.161.15 - - [05/Nov/2024:00:21:24 +0900] "GET /wp-content/plugins/mangboard/skins/bbs_basic/images/btn_paging_prev.gif HTTP/1.1" 200 187 "https://aps.or.kr/?page_id=1003" "Mozilla/5.0 (iPhone; CPU iPhone OS 17_6_1 like Mac OS X) AppleWebKit/605.1.15 (KHTML, like Gecko) Version/17.6 Mobile/15E148 Safari/604.1"
59.1.161.15 - - [05/Nov/2024:00:21:24 +0900] "GET /wp-content/plugins/mangboard/skins/bbs_basic/images/btn_paging_next.gif HTTP/1.1" 200 189 "https://aps.or.kr/?page_id=1003" "Mozilla/5.0 (iPhone; CPU iPhone OS 17_6_1 like Mac OS X) AppleWebKit/605.1.15 (KHTML, like Gecko) Version/17.6 Mobile/15E148 Safari/604.1"
59.1.161.15 - - [05/Nov/2024:00:21:24 +0900] "GET /wp-content/plugins/mangboard/skins/bbs_basic/images/btn_paging_nnext.gif HTTP/1.1" 200 196 "https://aps.or.kr/?page_id=1003" "Mozilla/5.0 (iPhone; CPU iPhone OS 17_6_1 like Mac OS X) AppleWebKit/605.1.15 (KHTML, like Gecko) Version/17.6 Mobile/15E148 Safari/604.1"
59.1.161.15 - - [05/Nov/2024:00:21:24 +0900] "GET /wp-content/uploads/mangboard/2022/11/11/F835_KakaoTalk_20221111_164617402_small.jpg HTTP/1.1" 200 45316 "https://aps.or.kr/?page_id=1003" "Mozilla/5.0 (iPhone; CPU iPhone OS 17_6_1 like Mac OS X) AppleWebKit/605.1.15 (KHTML, like Gecko) Version/17.6 Mobile/15E148 Safari/604.1"
59.1.161.15 - - [05/Nov/2024:00:21:24 +0900] "GET /wp-content/uploads/mangboard/2023/02/22/F848_KakaoTalk_20230222_165908735_small.jpg HTTP/1.1" 200 39399 "https://aps.or.kr/?page_id=1003" "Mozilla/5.0 (iPhone; CPU iPhone OS 17_6_1 like Mac OS X) AppleWebKit/605.1.15 (KHTML, like Gecko) Version/17.6 Mobile/15E148 Safari/604.1"
59.1.161.15 - - [05/Nov/2024:00:21:24 +0900] "GET /wp-content/uploads/mangboard/2022/11/11/F812_KakaoTalk_20221111_142209061_small.jpg HTTP/1.1" 200 40295 "https://aps.or.kr/?page_id=1003" "Mozilla/5.0 (iPhone; CPU iPhone OS 17_6_1 like Mac OS X) AppleWebKit/605.1.15 (KHTML, like Gecko) Version/17.6 Mobile/15E148 Safari/604.1"
59.1.161.15 - - [05/Nov/2024:00:21:24 +0900] "GET /wp-content/uploads/mangboard/2022/11/11/F795_KakaoTalk_20220908_165526053_small.jpg HTTP/1.1" 200 36740 "https://aps.or.kr/?page_id=1003" "Mozilla/5.0 (iPhone; CPU iPhone OS 17_6_1 like Mac OS X) AppleWebKit/605.1.15 (KHTML, like Gecko) Version/17.6 Mobile/15E148 Safari/604.1"
59.1.161.15 - - [05/Nov/2024:00:21:24 +0900] "GET /wp-content/uploads/mangboard/2022/11/11/F793_%EC%9C%A0%EC%9D%BC%EC%97%AC%EA%B3%A0%20%ED%95%99%EA%B3%BC%EC%8B%9C%EC%97%B02.gif_small.jpg HTTP/1.1" 200 28465 "https://aps.or.kr/?page_id=1003" "Mozilla/5.0 (iPhone; CPU iPhone OS 17_6_1 like Mac OS X) AppleWebKit/605.1.15 (KHTML, like Gecko) Version/17.6 Mobile/15E148 Safari/604.1"
59.1.161.15 - - [05/Nov/2024:00:21:24 +0900] "GET /wp-content/uploads/mangboard/2022/11/11/F792_%ED%95%99%EA%B3%BC%ED%99%8D%EB%B3%B4_small.jpg HTTP/1.1" 200 24381 "https://aps.or.kr/?page_id=1003" "Mozilla/5.0 (iPhone; CPU iPhone OS 17_6_1 like Mac OS X) AppleWebKit/605.1.15 (KHTML, like Gecko) Version/17.6 Mobile/15E148 Safari/604.1"
59.1.161.15 - - [05/Nov/2024:00:21:24 +0900] "GET /wp-content/uploads/mangboard/2022/11/11/F804_KakaoTalk_20221105_192221610_small.jpg HTTP/1.1" 200 30692 "https://aps.or.kr/?page_id=1003" "Mozilla/5.0 (iPhone; CPU iPhone OS 17_6_1 like Mac OS X) AppleWebKit/605.1.15 (KHTML, like Gecko) Version/17.6 Mobile/15E148 Safari/604.1"
59.1.161.15 - - [05/Nov/2024:00:21:24 +0900] "GET /wp-content/uploads/mangboard/2022/05/25/F783_3ca71a657c799a3fff83c5bdf6f2a279_small.jpg HTTP/1.1" 200 40277 "https://aps.or.kr/?page_id=1003" "Mozilla/5.0 (iPhone; CPU iPhone OS 17_6_1 like Mac OS X) AppleWebKit/605.1.15 (KHTML, like Gecko) Version/17.6 Mobile/15E148 Safari/604.1"
59.1.161.15 - - [05/Nov/2024:00:21:24 +0900] "GET /wp-content/uploads/mangboard/2022/11/11/F796_%EC%82%AC%EC%9D%B4%EB%B2%84%20%EB%B3%B4%EC%95%88%20%EC%BB%A8%ED%8D%BC%EB%9F%B0%EC%8A%A4_small.jpg HTTP/1.1" 200 36089 "https://aps.or.kr/?page_id=1003" "Mozilla/5.0 (iPhone; CPU iPhone OS 17_6_1 like Mac OS X) AppleWebKit/605.1.15 (KHTML, like Gecko) Version/17.6 Mobile/15E148 Safari/604.1"
59.1.161.15 - - [05/Nov/2024:00:21:24 +0900] "GET /wp-content/uploads/mangboard/2022/11/11/F798_%EA%B5%AD%EB%AF%BC%EC%97%B0%EA%B8%88%20%EA%B3%B5%EB%8B%A8%20%ED%8A%B9%EA%B0%951_small.jpg HTTP/1.1" 200 32366 "https://aps.or.kr/?page_id=1003" "Mozilla/5.0 (iPhone; CPU iPhone OS 17_6_1 like Mac OS X) AppleWebKit/605.1.15 (KHTML, like Gecko) Version/17.6 Mobile/15E148 Safari/604.1"
59.1.161.15 - - [05/Nov/2024:00:21:24 +0900] "GET /wp-content/uploads/mangboard/2022/11/11/F800_%EC%9A%B0%EC%84%9D%EB%8C%80%20%ED%95%99%EA%B3%BC%EC%8B%9C%EC%97%B01_small.jpg HTTP/1.1" 200 24691 "https://aps.or.kr/?page_id=1003" "Mozilla/5.0 (iPhone; CPU iPhone OS 17_6_1 like Mac OS X) AppleWebKit/605.1.15 (KHTML, like Gecko) Version/17.6 Mobile/15E148 Safari/604.1"
59.1.161.15 - - [05/Nov/2024:00:21:24 +0900] "GET /wp-content/uploads/mangboard/2022/05/25/F781_64f44d8d470e9b3d86bd7df40313f246_small.jpg HTTP/1.1" 200 31920 "https://aps.or.kr/?page_id=1003" "Mozilla/5.0 (iPhone; CPU iPhone OS 17_6_1 like Mac OS X) AppleWebKit/605.1.15 (KHTML, like Gecko) Version/17.6 Mobile/15E148 Safari/604.1"
59.1.161.15 - - [05/Nov/2024:00:21:24 +0900] "GET /wp-content/uploads/mangboard/2022/05/25/F778_99b983892094b5c6d2fc3736e15da7d1_small.jpg HTTP/1.1" 200 35415 "https://aps.or.kr/?page_id=1003" "Mozilla/5.0 (iPhone; CPU iPhone OS 17_6_1 like Mac OS X) AppleWebKit/605.1.15 (KHTML, like Gecko) Version/17.6 Mobile/15E148 Safari/604.1"
59.1.161.15 - - [05/Nov/2024:00:21:24 +0900] "GET /wp-content/uploads/mangboard/2022/05/25/F775_6ac29b23533bc380c6222dcd98bb6059_small.jpg HTTP/1.1" 200 29245 "https://aps.or.kr/?page_id=1003" "Mozilla/5.0 (iPhone; CPU iPhone OS 17_6_1 like Mac OS X) AppleWebKit/605.1.15 (KHTML, like Gecko) Version/17.6 Mobile/15E148 Safari/604.1"
59.1.161.15 - - [05/Nov/2024:00:21:24 +0900] "GET /wp-content/uploads/mangboard/2022/05/25/F772_f7253877d528a28f8d3867bac78475bd_small.jpg HTTP/1.1" 200 29779 "https://aps.or.kr/?page_id=1003" "Mozilla/5.0 (iPhone; CPU iPhone OS 17_6_1 like Mac OS X) AppleWebKit/605.1.15 (KHTML, like Gecko) Version/17.6 Mobile/15E148 Safari/604.1"
59.1.161.15 - - [05/Nov/2024:00:21:24 +0900] "GET /wp-content/uploads/mangboard/2022/05/25/F757_a842de6aaf8e29f205217ffe66fcf788_small.jpg HTTP/1.1" 200 33464 "https://aps.or.kr/?page_id=1003" "Mozilla/5.0 (iPhone; CPU iPhone OS 17_6_1 like Mac OS X) AppleWebKit/605.1.15 (KHTML, like Gecko) Version/17.6 Mobile/15E148 Safari/604.1"
59.1.161.15 - - [05/Nov/2024:00:21:24 +0900] "GET /wp-content/uploads/mangboard/2022/05/25/F766_3f396b5e4255c63eaec448b4a16e052b_small.jpg HTTP/1.1" 200 42798 "https://aps.or.kr/?page_id=1003" "Mozilla/5.0 (iPhone; CPU iPhone OS 17_6_1 like Mac OS X) AppleWebKit/605.1.15 (KHTML, like Gecko) Version/17.6 Mobile/15E148 Safari/604.1"
59.1.161.15 - - [05/Nov/2024:00:21:24 +0900] "GET /wp-content/uploads/mangboard/2022/05/25/F762_43d574c08f34a92539e72d59217021ab_small.jpg HTTP/1.1" 200 21606 "https://aps.or.kr/?page_id=1003" "Mozilla/5.0 (iPhone; CPU iPhone OS 17_6_1 like Mac OS X) AppleWebKit/605.1.15 (KHTML, like Gecko) Version/17.6 Mobile/15E148 Safari/604.1"
59.1.161.15 - - [05/Nov/2024:00:21:24 +0900] "GET /wp-content/uploads/mangboard/2022/05/25/F750_57faf02215203cb30b76c5176a8af4cc_small.jpg HTTP/1.1" 200 29683 "https://aps.or.kr/?page_id=1003" "Mozilla/5.0 (iPhone; CPU iPhone OS 17_6_1 like Mac OS X) AppleWebKit/605.1.15 (KHTML, like Gecko) Version/17.6 Mobile/15E148 Safari/604.1"
59.1.161.15 - - [05/Nov/2024:00:21:24 +0900] "GET /wp-content/uploads/mangboard/2022/05/25/F746_bbd5e19ed169ee788c7373ee15d995a9_small.jpg HTTP/1.1" 200 26372 "https://aps.or.kr/?page_id=1003" "Mozilla/5.0 (iPhone; CPU iPhone OS 17_6_1 like Mac OS X) AppleWebKit/605.1.15 (KHTML, like Gecko) Version/17.6 Mobile/15E148 Safari/604.1"
59.1.161.15 - - [05/Nov/2024:00:21:24 +0900] "GET /wp-content/uploads/mangboard/2022/05/25/F741_137f3a2a5698de53d7a25625778dfcd1_small.jpg HTTP/1.1" 200 30230 "https://aps.or.kr/?page_id=1003" "Mozilla/5.0 (iPhone; CPU iPhone OS 17_6_1 like Mac OS X) AppleWebKit/605.1.15 (KHTML, like Gecko) Version/17.6 Mobile/15E148 Safari/604.1"
59.1.161.15 - - [05/Nov/2024:00:21:24 +0900] "GET /wp-content/uploads/mangboard/2022/05/25/F737_1_small.jpg HTTP/1.1" 200 28378 "https://aps.or.kr/?page_id=1003" "Mozilla/5.0 (iPhone; CPU iPhone OS 17_6_1 like Mac OS X) AppleWebKit/605.1.15 (KHTML, like Gecko) Version/17.6 Mobile/15E148 Safari/604.1"
59.1.161.15 - - [05/Nov/2024:00:21:24 +0900] "GET /wp-content/uploads/mangboard/2022/05/25/F732_1_small.jpg HTTP/1.1" 200 28040 "https://aps.or.kr/?page_id=1003" "Mozilla/5.0 (iPhone; CPU iPhone OS 17_6_1 like Mac OS X) AppleWebKit/605.1.15 (KHTML, like Gecko) Version/17.6 Mobile/15E148 Safari/604.1"
59.1.161.15 - - [05/Nov/2024:00:21:24 +0900] "GET /wp-content/uploads/mangboard/2022/05/25/F735_1_small.jpg HTTP/1.1" 200 29014 "https://aps.or.kr/?page_id=1003" "Mozilla/5.0 (iPhone; CPU iPhone OS 17_6_1 like Mac OS X) AppleWebKit/605.1.15 (KHTML, like Gecko) Version/17.6 Mobile/15E148 Safari/604.1"
59.1.161.15 - - [05/Nov/2024:00:21:24 +0900] "GET /wp-content/plugins/mangboard/skins/bbs_basic/images/bg_paging_bar.gif HTTP/1.1" 200 50 "https://aps.or.kr/?page_id=1003" "Mozilla/5.0 (iPhone; CPU iPhone OS 17_6_1 like Mac OS X) AppleWebKit/605.1.15 (KHTML, like Gecko) Version/17.6 Mobile/15E148 Safari/604.1"
192.168.0.1 - - [05/Nov/2024:00:21:34 +0900] "POST /wp-cron.php?doing_wp_cron=1730733694.7253370285034179687500 HTTP/1.1" 200 31 "-" "WordPress/6.6.2; https://aps.or.kr"
20.171.206.168 - - [05/Nov/2024:00:21:34 +0900] "GET /?page_id=1003&board_page=2&vid=55 HTTP/1.1" 200 26661 "-" "Mozilla/5.0 AppleWebKit/537.36 (KHTML, like Gecko; compatible; GPTBot/1.2; +https://openai.com/gptbot)"
20.171.206.168 - - [05/Nov/2024:00:21:42 +0900] "GET /?action=kboard_document_print&uid=1071 HTTP/1.1" 200 239938 "-" "Mozilla/5.0 AppleWebKit/537.36 (KHTML, like Gecko; compatible; GPTBot/1.2; +https://openai.com/gptbot)"
20.171.206.168 - - [05/Nov/2024:00:21:43 +0900] "GET /?page_id=169&mod=document&category1=2024&pageid=1&uid=1070 HTTP/1.1" 200 347783 "-" "Mozilla/5.0 AppleWebKit/537.36 (KHTML, like Gecko; compatible; GPTBot/1.2; +https://openai.com/gptbot)"
20.171.206.168 - - [05/Nov/2024:00:21:55 +0900] "GET /?page_id=169&mod=document&category1=2022&pageid=1&uid=571 HTTP/1.1" 200 22994 "-" "Mozilla/5.0 AppleWebKit/537.36 (KHTML, like Gecko; compatible; GPTBot/1.2; +https://openai.com/gptbot)"
20.171.206.69 - - [05/Nov/2024:00:22:05 +0900] "GET /?kboard_content_redirect=1071 HTTP/1.1" 301 5 "-" "Mozilla/5.0 AppleWebKit/537.36 (KHTML, like Gecko; compatible; GPTBot/1.2; +https://openai.com/gptbot)"
20.171.206.69 - - [05/Nov/2024:00:22:05 +0900] "GET /wp-login.php?redirect_to=https%253A%252F%252Faps.or.kr%252F%253Fpageid%253D48%2526page_id%253D169%2526mod%253Ddocument%2526uid%253D528 HTTP/1.1" 200 3395 "-" "Mozilla/5.0 AppleWebKit/537.36 (KHTML, like Gecko; compatible; GPTBot/1.2; +https://openai.com/gptbot)"
20.171.206.69 - - [05/Nov/2024:00:22:07 +0900] "GET /wp-login.php?redirect_to=%2F%3Fpageid%3D48%26page_id%3D169%26mod%3Ddocument%26uid%3D528 HTTP/1.1" 200 3373 "-" "Mozilla/5.0 AppleWebKit/537.36 (KHTML, like Gecko; compatible; GPTBot/1.2; +https://openai.com/gptbot)"
20.171.206.69 - - [05/Nov/2024:00:22:08 +0900] "GET /?pageid=48&page_id=169&mod=document&uid=529 HTTP/1.1" 200 124248 "-" "Mozilla/5.0 AppleWebKit/537.36 (KHTML, like Gecko; compatible; GPTBot/1.2; +https://openai.com/gptbot)"
20.171.206.69 - - [05/Nov/2024:00:22:09 +0900] "GET /?pageid=45&page_id=169&uid=528&mod=document HTTP/1.1" 200 60370 "-" "Mozilla/5.0 AppleWebKit/537.36 (KHTML, like Gecko; compatible; GPTBot/1.2; +https://openai.com/gptbot)"
20.171.206.69 - - [05/Nov/2024:00:22:20 +0900] "GET /wp-login.php?redirect_to=%2F%3Fpageid%3D45%26page_id%3D169%26uid%3D529%26mod%3Ddocument HTTP/1.1" 200 3373 "-" "Mozilla/5.0 AppleWebKit/537.36 (KHTML, like Gecko; compatible; GPTBot/1.2; +https://openai.com/gptbot)"
20.171.206.69 - - [05/Nov/2024:00:22:22 +0900] "GET /wp-login.php?redirect_to=https%253A%252F%252Faps.or.kr%252F%253Fpageid%253D45%2526page_id%253D169%2526mod%253Ddocument%2526uid%253D605 HTTP/1.1" 200 3396 "-" "Mozilla/5.0 AppleWebKit/537.36 (KHTML, like Gecko; compatible; GPTBot/1.2; +https://openai.com/gptbot)"
20.171.206.69 - - [05/Nov/2024:00:22:23 +0900] "GET /?pageid=45&page_id=169&mod=document&uid=606 HTTP/1.1" 200 22921 "-" "Mozilla/5.0 AppleWebKit/537.36 (KHTML, like Gecko; compatible; GPTBot/1.2; +https://openai.com/gptbot)"
20.171.206.69 - - [05/Nov/2024:00:22:24 +0900] "GET /?pageid=45&page_id=169&mod=document&uid=527 HTTP/1.1" 200 54364 "-" "Mozilla/5.0 AppleWebKit/537.36 (KHTML, like Gecko; compatible; GPTBot/1.2; +https://openai.com/gptbot)"
20.171.206.69 - - [05/Nov/2024:00:22:25 +0900] "GET /?pageid=45&page_id=169&uid=605&mod=document HTTP/1.1" 200 91917 "-" "Mozilla/5.0 AppleWebKit/537.36 (KHTML, like Gecko; compatible; GPTBot/1.2; +https://openai.com/gptbot)"
20.171.206.69 - - [05/Nov/2024:00:22:26 +0900] "GET /?pageid=5&page_id=169&category1=2022&uid=523&mod=document HTTP/1.1" 200 153657 "-" "Mozilla/5.0 AppleWebKit/537.36 (KHTML, like Gecko; compatible; GPTBot/1.2; +https://openai.com/gptbot)"
20.171.206.69 - - [05/Nov/2024:00:22:27 +0900] "GET /wp-login.php?redirect_to=https%253A%252F%252Faps.or.kr%252F%253Fpageid%253D5%2526page_id%253D169%2526category1%253D2022%2526uid%253D516%2526mod%253Ddocument HTTP/1.1" 200 3408 "-" "Mozilla/5.0 AppleWebKit/537.36 (KHTML, like Gecko; compatible; GPTBot/1.2; +https://openai.com/gptbot)"
20.171.206.69 - - [05/Nov/2024:00:22:28 +0900] "GET /wp-login.php?redirect_to=https%253A%252F%252Faps.or.kr%252F%253Fpageid%253D45%2526page_id%253D169%2526uid%253D529%2526mod%253Ddocument HTTP/1.1" 200 3395 "-" "Mozilla/5.0 AppleWebKit/537.36 (KHTML, like Gecko; compatible; GPTBot/1.2; +https://openai.com/gptbot)"
20.171.206.69 - - [05/Nov/2024:00:22:29 +0900] "GET /wp-login.php?redirect_to=%2F%3Fpageid%3D5%26page_id%3D169%26category1%3D2022%26uid%3D516%26mod%3Ddocument HTTP/1.1" 200 3388 "-" "Mozilla/5.0 AppleWebKit/537.36 (KHTML, like Gecko; compatible; GPTBot/1.2; +https://openai.com/gptbot)"
20.171.206.69 - - [05/Nov/2024:00:22:30 +0900] "GET /wp-login.php?redirect_to=https%253A%252F%252Faps.or.kr%252F%253Fpageid%253D45%2526page_id%253D169%2526uid%253D599%2526mod%253Ddocument HTTP/1.1" 200 3395 "-" "Mozilla/5.0 AppleWebKit/537.36 (KHTML, like Gecko; compatible; GPTBot/1.2; +https://openai.com/gptbot)"
20.171.206.69 - - [05/Nov/2024:00:22:31 +0900] "GET /wp-login.php?redirect_to=%2F%3Fpageid%3D45%26page_id%3D169%26uid%3D599%26mod%3Ddocument HTTP/1.1" 200 3373 "-" "Mozilla/5.0 AppleWebKit/537.36 (KHTML, like Gecko; compatible; GPTBot/1.2; +https://openai.com/gptbot)"
20.171.206.69 - - [05/Nov/2024:00:22:33 +0900] "GET /?pageid=5&page_id=169&mod=document&category1=2022&uid=524 HTTP/1.1" 200 66351 "-" "Mozilla/5.0 AppleWebKit/537.36 (KHTML, like Gecko; compatible; GPTBot/1.2; +https://openai.com/gptbot)"
20.171.206.69 - - [05/Nov/2024:00:22:34 +0900] "GET /wp-login.php?redirect_to=%2F%3Fpageid%3D45%26page_id%3D169%26mod%3Ddocument%26uid%3D605 HTTP/1.1" 200 3375 "-" "Mozilla/5.0 AppleWebKit/537.36 (KHTML, like Gecko; compatible; GPTBot/1.2; +https://openai.com/gptbot)"
192.168.0.1 - - [05/Nov/2024:00:22:35 +0900] "POST /wp-cron.php?doing_wp_cron=1730733755.2703659534454345703125 HTTP/1.1" 200 31 "-" "WordPress/6.6.2; https://aps.or.kr"
20.171.206.69 - - [05/Nov/2024:00:22:37 +0900] "GET /?pageid=1&page_id=169&category1=2022&uid=558&mod=document HTTP/1.1" 200 676585 "-" "Mozilla/5.0 AppleWebKit/537.36 (KHTML, like Gecko; compatible; GPTBot/1.2; +https://openai.com/gptbot)"
20.171.206.69 - - [05/Nov/2024:00:22:37 +0900] "GET /?pageid=2&page_id=169&category1=2022&uid=612&mod=document HTTP/1.1" 200 22947 "-" "Mozilla/5.0 AppleWebKit/537.36 (KHTML, like Gecko; compatible; GPTBot/1.2; +https://openai.com/gptbot)"
20.171.206.69 - - [05/Nov/2024:00:22:39 +0900] "GET /wp-login.php?redirect_to=https%253A%252F%252Faps.or.kr%252F%253Fpageid%253D2%2526page_id%253D169%2526category1%253D2022%2526uid%253D611%2526mod%253Ddocument HTTP/1.1" 200 3408 "-" "Mozilla/5.0 AppleWebKit/537.36 (KHTML, like Gecko; compatible; GPTBot/1.2; +https://openai.com/gptbot)"
20.171.206.69 - - [05/Nov/2024:00:22:41 +0900] "GET /wp-login.php?redirect_to=https%253A%252F%252Faps.or.kr%252F%253Fpageid%253D2%2526page_id%253D169%2526category1%253D2022%2526uid%253D529%2526mod%253Ddocument HTTP/1.1" 200 3407 "-" "Mozilla/5.0 AppleWebKit/537.36 (KHTML, like Gecko; compatible; GPTBot/1.2; +https://openai.com/gptbot)"
59.1.161.15 - - [05/Nov/2024:00:22:42 +0900] "GET /?page_id=695 HTTP/1.1" 200 20957 "https://aps.or.kr/?page_id=1003" "Mozilla/5.0 (iPhone; CPU iPhone OS 17_6_1 like Mac OS X) AppleWebKit/605.1.15 (KHTML, like Gecko) Version/17.6 Mobile/15E148 Safari/604.1"
59.1.161.15 - - [05/Nov/2024:00:22:43 +0900] "GET /wp-content/uploads/2024/10/g3-512x300.jpg HTTP/1.1" 200 26201 "https://aps.or.kr/?page_id=695" "Mozilla/5.0 (iPhone; CPU iPhone OS 17_6_1 like Mac OS X) AppleWebKit/605.1.15 (KHTML, like Gecko) Version/17.6 Mobile/15E148 Safari/604.1"
59.1.161.15 - - [05/Nov/2024:00:22:43 +0900] "GET /wp-content/uploads/2024/10/g3-scaled.jpg HTTP/1.1" 200 619203 "https://aps.or.kr/?page_id=695" "Mozilla/5.0 (iPhone; CPU iPhone OS 17_6_1 like Mac OS X) AppleWebKit/605.1.15 (KHTML, like Gecko) Version/17.6 Mobile/15E148 Safari/604.1"
20.171.206.69 - - [05/Nov/2024:00:22:43 +0900] "GET /wp-login.php?redirect_to=%2F%3Fpageid%3D2%26page_id%3D169%26category1%3D2022%26uid%3D611%26mod%3Ddocument HTTP/1.1" 200 3388 "-" "Mozilla/5.0 AppleWebKit/537.36 (KHTML, like Gecko; compatible; GPTBot/1.2; +https://openai.com/gptbot)"
20.171.206.69 - - [05/Nov/2024:00:22:45 +0900] "GET /wp-login.php?redirect_to=%2F%3Fpageid%3D2%26page_id%3D169%26category1%3D2022%26uid%3D529%26mod%3Ddocument HTTP/1.1" 200 3387 "-" "Mozilla/5.0 AppleWebKit/537.36 (KHTML, like Gecko; compatible; GPTBot/1.2; +https://openai.com/gptbot)"
20.171.206.69 - - [05/Nov/2024:00:22:47 +0900] "GET /?pageid=2&page_id=169&category1=2022&uid=528&mod=document HTTP/1.1" 200 60429 "-" "Mozilla/5.0 AppleWebKit/537.36 (KHTML, like Gecko; compatible; GPTBot/1.2; +https://openai.com/gptbot)"
59.1.161.15 - - [05/Nov/2024:00:22:47 +0900] "GET /2021_project/ HTTP/1.1" 404 134 "https://aps.or.kr/?page_id=695" "Mozilla/5.0 (iPhone; CPU iPhone OS 17_6_1 like Mac OS X) AppleWebKit/605.1.15 (KHTML, like Gecko) Version/17.6 Mobile/15E148 Safari/604.1"
