59.1.161.15 - - [05/Nov/2024:00:33:12 +0900] "GET /wp-content/plugins/kboard-comments/skin/default/style.css?ver=5.3 HTTP/1.1" 304 0 "https://aps.or.kr/?page_id=126" "Mozilla/5.0 (iPhone; CPU iPhone OS 17_6_1 like Mac OS X) AppleWebKit/605.1.15 (KHTML, like Gecko) Version/17.6 Mobile/15E148 Safari/604.1"
20.171.206.18 - - [05/Nov/2024:00:33:13 +0900] "GET /wp-login.php?redirect_to=%2F%3Fpageid%3D5%26page_id%3D169%26category1%3D2022%26uid%3D524%26mod%3Ddocument HTTP/1.1" 200 3388 "-" "Mozilla/5.0 AppleWebKit/537.36 (KHTML, like Gecko; compatible; GPTBot/1.2; +https://openai.com/gptbot)"
20.171.206.18 - - [05/Nov/2024:00:33:14 +0900] "GET /?pageid=5&page_id=169&category1=2022&uid=527&mod=document HTTP/1.1" 200 54460 "-" "Mozilla/5.0 AppleWebKit/537.36 (KHTML, like Gecko; compatible; GPTBot/1.2; +https://openai.com/gptbot)"
20.171.206.18 - - [05/Nov/2024:00:33:15 +0900] "GET /?pageid=1&page_id=169&category1=2022&uid=551&mod=document HTTP/1.1" 200 22971 "-" "Mozilla/5.0 AppleWebKit/537.36 (KHTML, like Gecko; compatible; GPTBot/1.2; +https://openai.com/gptbot)"
20.171.206.18 - - [05/Nov/2024:00:33:16 +0900] "GET /wp-login.php?redirect_to=https%253A%252F%252Faps.or.kr%252F%253Fpageid%253D2%2526page_id%253D169%2526category1%253D2022%2526uid%253D616%2526mod%253Ddocument HTTP/1.1" 200 3408 "-" "Mozilla/5.0 AppleWebKit/537.36 (KHTML, like Gecko; compatible; GPTBot/1.2; +https://openai.com/gptbot)"
20.171.206.18 - - [05/Nov/2024:00:33:17 +0900] "GET /wp-login.php?redirect_to=%2F%3Fpageid%3D2%26page_id%3D169%26category1%3D2022%26uid%3D616%26mod%3Ddocument HTTP/1.1" 200 3388 "-" "Mozilla/5.0 AppleWebKit/537.36 (KHTML, like Gecko; compatible; GPTBot/1.2; +https://openai.com/gptbot)"
47.128.120.147 - - [05/Nov/2024:00:33:18 +0900] "GET /?category1=2024&mod=document&page_id=169&pageid=11&uid=955 HTTP/1.1" 200 97731 "-" "Mozilla/5.0 (compatible; Bytespider; spider-feedback@bytedance.com) AppleWebKit/537.36 (KHTML, like Gecko) Chrome/70.0.0.0 Safari/537.36"
20.171.206.18 - - [05/Nov/2024:00:33:19 +0900] "GET /wp-login.php?redirect_to=https%253A%252F%252Faps.or.kr%252F%253Fpageid%253D5%2526page_id%253D169%2526category1%253D2022%2526uid%253D524%2526mod%253Ddocument HTTP/1.1" 200 3408 "-" "Mozilla/5.0 AppleWebKit/537.36 (KHTML, like Gecko; compatible; GPTBot/1.2; +https://openai.com/gptbot)"
20.171.206.18 - - [05/Nov/2024:00:33:20 +0900] "GET /?pageid=5&page_id=169&mod=document&category1=2022&uid=528 HTTP/1.1" 200 60431 "-" "Mozilla/5.0 AppleWebKit/537.36 (KHTML, like Gecko; compatible; GPTBot/1.2; +https://openai.com/gptbot)"
20.171.206.18 - - [05/Nov/2024:00:33:22 +0900] "GET /wp-login.php?redirect_to=%2F%3Fpageid%3D2%26page_id%3D169%26category1%3D2022%26uid%3D527%26mod%3Ddocument HTTP/1.1" 200 3388 "-" "Mozilla/5.0 AppleWebKit/537.36 (KHTML, like Gecko; compatible; GPTBot/1.2; +https://openai.com/gptbot)"
20.171.206.18 - - [05/Nov/2024:00:33:22 +0900] "GET /wp-login.php?redirect_to=https%253A%252F%252Faps.or.kr%252F%253Fpageid%253D2%2526page_id%253D169%2526category1%253D2022%2526uid%253D527%2526mod%253Ddocument HTTP/1.1" 200 3408 "-" "Mozilla/5.0 AppleWebKit/537.36 (KHTML, like Gecko; compatible; GPTBot/1.2; +https://openai.com/gptbot)"
20.171.206.18 - - [05/Nov/2024:00:33:23 +0900] "GET /?pageid=2&page_id=169&category1=2022&uid=524&mod=document HTTP/1.1" 200 66342 "-" "Mozilla/5.0 AppleWebKit/537.36 (KHTML, like Gecko; compatible; GPTBot/1.2; +https://openai.com/gptbot)"
20.171.206.18 - - [05/Nov/2024:00:33:25 +0900] "GET /?pageid=2&page_id=169&mod=document&category1=2022&uid=523 HTTP/1.1" 200 153657 "-" "Mozilla/5.0 AppleWebKit/537.36 (KHTML, like Gecko; compatible; GPTBot/1.2; +https://openai.com/gptbot)"
192.168.0.1 - - [05/Nov/2024:00:33:33 +0900] "POST /wp-cron.php?doing_wp_cron=1730734413.5006599426269531250000 HTTP/1.1" 200 31 "-" "WordPress/6.6.2; https://aps.or.kr"
59.1.161.15 - - [05/Nov/2024:00:33:33 +0900] "POST /?page_id=126 HTTP/1.1" 302 5 "https://aps.or.kr/?page_id=126" "Mozilla/5.0 (iPhone; CPU iPhone OS 17_6_1 like Mac OS X) AppleWebKit/605.1.15 (KHTML, like Gecko) Version/17.6 Mobile/15E148 Safari/604.1"
59.1.161.15 - - [05/Nov/2024:00:33:34 +0900] "GET /?page_id=126 HTTP/1.1" 200 21024 "https://aps.or.kr/?page_id=126" "Mozilla/5.0 (iPhone; CPU iPhone OS 17_6_1 like Mac OS X) AppleWebKit/605.1.15 (KHTML, like Gecko) Version/17.6 Mobile/15E148 Safari/604.1"
59.1.161.15 - - [05/Nov/2024:00:33:34 +0900] "GET /wp-content/plugins/kboard/template/css/editor_media.css?ver=6.4 HTTP/1.1" 304 0 "https://aps.or.kr/?page_id=126" "Mozilla/5.0 (iPhone; CPU iPhone OS 17_6_1 like Mac OS X) AppleWebKit/605.1.15 (KHTML, like Gecko) Version/17.6 Mobile/15E148 Safari/604.1"
59.1.161.15 - - [05/Nov/2024:00:33:34 +0900] "GET /wp-content/plugins/kboard/skin/thumbnail/style.css?ver=6.4 HTTP/1.1" 304 0 "https://aps.or.kr/?page_id=126" "Mozilla/5.0 (iPhone; CPU iPhone OS 17_6_1 like Mac OS X) AppleWebKit/605.1.15 (KHTML, like Gecko) Version/17.6 Mobile/15E148 Safari/604.1"
59.1.161.15 - - [05/Nov/2024:00:33:34 +0900] "GET /wp-content/plugins/kboard/skin/avatar/style.css?ver=6.4 HTTP/1.1" 304 0 "https://aps.or.kr/?page_id=126" "Mozilla/5.0 (iPhone; CPU iPhone OS 17_6_1 like Mac OS X) AppleWebKit/605.1.15 (KHTML, like Gecko) Version/17.6 Mobile/15E148 Safari/604.1"
59.1.161.15 - - [05/Nov/2024:00:33:34 +0900] "GET /wp-content/plugins/kboard/skin/default/style.css?ver=6.4 HTTP/1.1" 304 0 "https://aps.or.kr/?page_id=126" "Mozilla/5.0 (iPhone; CPU iPhone OS 17_6_1 like Mac OS X) AppleWebKit/605.1.15 (KHTML, like Gecko) Version/17.6 Mobile/15E148 Safari/604.1"
59.1.161.15 - - [05/Nov/2024:00:33:34 +0900] "GET /wp-content/plugins/kboard/template/js/script.js?ver=6.4 HTTP/1.1" 304 0 "https://aps.or.kr/?page_id=126" "Mozilla/5.0 (iPhone; CPU iPhone OS 17_6_1 like Mac OS X) AppleWebKit/605.1.15 (KHTML, like Gecko) Version/17.6 Mobile/15E148 Safari/604.1"
20.171.206.18 - - [05/Nov/2024:00:33:39 +0900] "GET /?pageid=4&page_id=169&category1=2022&uid=558&mod=document HTTP/1.1" 200 676606 "-" "Mozilla/5.0 AppleWebKit/537.36 (KHTML, like Gecko; compatible; GPTBot/1.2; +https://openai.com/gptbot)"
20.171.206.18 - - [05/Nov/2024:00:33:39 +0900] "GET /?pageid=4&page_id=169&mod=document&category1=2022&uid=559 HTTP/1.1" 200 23074 "-" "Mozilla/5.0 AppleWebKit/537.36 (KHTML, like Gecko; compatible; GPTBot/1.2; +https://openai.com/gptbot)"
20.171.206.18 - - [05/Nov/2024:00:33:41 +0900] "GET /?pageid=3&page_id=169&mod=document&category1=2022&uid=593 HTTP/1.1" 200 67332 "-" "Mozilla/5.0 AppleWebKit/537.36 (KHTML, like Gecko; compatible; GPTBot/1.2; +https://openai.com/gptbot)"
20.171.206.18 - - [05/Nov/2024:00:33:43 +0900] "GET /?pageid=3&page_id=169&mod=document&category1=2022&uid=475 HTTP/1.1" 200 84485 "-" "Mozilla/5.0 AppleWebKit/537.36 (KHTML, like Gecko; compatible; GPTBot/1.2; +https://openai.com/gptbot)"
20.171.206.18 - - [05/Nov/2024:00:33:45 +0900] "GET /?pageid=3&page_id=169&category1=2022&uid=476&mod=document HTTP/1.1" 200 99695 "-" "Mozilla/5.0 AppleWebKit/537.36 (KHTML, like Gecko; compatible; GPTBot/1.2; +https://openai.com/gptbot)"
20.171.206.18 - - [05/Nov/2024:00:33:47 +0900] "GET /?pageid=1&page_id=169&mod=document&category1=2022&uid=550 HTTP/1.1" 200 108711 "-" "Mozilla/5.0 AppleWebKit/537.36 (KHTML, like Gecko; compatible; GPTBot/1.2; +https://openai.com/gptbot)"
20.171.206.18 - - [05/Nov/2024:00:33:48 +0900] "GET /wp-login.php?redirect_to=https%253A%252F%252Faps.or.kr%252F%253Fpageid%253D3%2526page_id%253D169%2526category1%253D2022%2526uid%253D481%2526mod%253Ddocument HTTP/1.1" 200 3408 "-" "Mozilla/5.0 AppleWebKit/537.36 (KHTML, like Gecko; compatible; GPTBot/1.2; +https://openai.com/gptbot)"
59.1.161.15 - - [05/Nov/2024:00:33:49 +0900] "GET /wp-admin HTTP/1.1" 301 178 "-" "Mozilla/5.0 (iPhone; CPU iPhone OS 17_6_1 like Mac OS X) AppleWebKit/605.1.15 (KHTML, like Gecko) Version/17.6 Mobile/15E148 Safari/604.1"
59.1.161.15 - - [05/Nov/2024:00:33:50 +0900] "GET /wp-admin/ HTTP/1.1" 200 28600 "-" "Mozilla/5.0 (iPhone; CPU iPhone OS 17_6_1 like Mac OS X) AppleWebKit/605.1.15 (KHTML, like Gecko) Version/17.6 Mobile/15E148 Safari/604.1"
59.1.161.15 - - [05/Nov/2024:00:33:50 +0900] "GET /wp-admin/css/colors/sunrise/colors.min.css?ver=6.6.2 HTTP/1.1" 200 18356 "https://aps.or.kr/wp-admin/" "Mozilla/5.0 (iPhone; CPU iPhone OS 17_6_1 like Mac OS X) AppleWebKit/605.1.15 (KHTML, like Gecko) Version/17.6 Mobile/15E148 Safari/604.1"
59.1.161.15 - - [05/Nov/2024:00:33:50 +0900] "GET /wp-content/plugins/wp-file-manager/css/fm_common.css?ver=6.6.2 HTTP/1.1" 200 307 "https://aps.or.kr/wp-admin/" "Mozilla/5.0 (iPhone; CPU iPhone OS 17_6_1 like Mac OS X) AppleWebKit/605.1.15 (KHTML, like Gecko) Version/17.6 Mobile/15E148 Safari/604.1"
59.1.161.15 - - [05/Nov/2024:00:33:50 +0900] "GET /wp-includes/js/thickbox/thickbox.css?ver=6.6.2 HTTP/1.1" 200 2659 "https://aps.or.kr/wp-admin/" "Mozilla/5.0 (iPhone; CPU iPhone OS 17_6_1 like Mac OS X) AppleWebKit/605.1.15 (KHTML, like Gecko) Version/17.6 Mobile/15E148 Safari/604.1"
59.1.161.15 - - [05/Nov/2024:00:33:50 +0900] "GET /wp-content/plugins/float-menu/includes/assets/css/admin.css?ver=1.0 HTTP/1.1" 200 355 "https://aps.or.kr/wp-admin/" "Mozilla/5.0 (iPhone; CPU iPhone OS 17_6_1 like Mac OS X) AppleWebKit/605.1.15 (KHTML, like Gecko) Version/17.6 Mobile/15E148 Safari/604.1"
59.1.161.15 - - [05/Nov/2024:00:33:50 +0900] "GET /wp-content/plugins/kboard/pages/kboard-admin.css?ver=6.4 HTTP/1.1" 200 9912 "https://aps.or.kr/wp-admin/" "Mozilla/5.0 (iPhone; CPU iPhone OS 17_6_1 like Mac OS X) AppleWebKit/605.1.15 (KHTML, like Gecko) Version/17.6 Mobile/15E148 Safari/604.1"
59.1.161.15 - - [05/Nov/2024:00:33:50 +0900] "GET /wp-content/plugins/kboard/pages/cosmosfarm-apis.js?ver=6.4 HTTP/1.1" 200 2018 "https://aps.or.kr/wp-admin/" "Mozilla/5.0 (iPhone; CPU iPhone OS 17_6_1 like Mac OS X) AppleWebKit/605.1.15 (KHTML, like Gecko) Version/17.6 Mobile/15E148 Safari/604.1"
59.1.161.15 - - [05/Nov/2024:00:33:50 +0900] "GET /wp-admin/load-scripts.php?c=1&load%5Bchunk_0%5D=hoverIntent,wp-hooks&ver=6.6.2 HTTP/1.1" 200 5821 "https://aps.or.kr/wp-admin/" "Mozilla/5.0 (iPhone; CPU iPhone OS 17_6_1 like Mac OS X) AppleWebKit/605.1.15 (KHTML, like Gecko) Version/17.6 Mobile/15E148 Safari/604.1"
59.1.161.15 - - [05/Nov/2024:00:33:50 +0900] "GET /wp-admin/load-styles.php?c=1&dir=ltr&load%5Bchunk_0%5D=dashicons,admin-bar,site-health,common,forms,admin-menu,dashboard,list-tables,edit,revisions,media,themes,about,nav-menus,wp-poi&load%5Bchunk_1%5D=nter,widgets,site-icon,l10n,buttons,wp-auth-check&ver=6.6.2 HTTP/1.1" 200 400676 "https://aps.or.kr/wp-admin/" "Mozilla/5.0 (iPhone; CPU iPhone OS 17_6_1 like Mac OS X) AppleWebKit/605.1.15 (KHTML, like Gecko) Version/17.6 Mobile/15E148 Safari/604.1"
59.1.161.15 - - [05/Nov/2024:00:33:50 +0900] "GET /wp-includes/js/dist/i18n.min.js?ver=5e580eb46a90c2b997e6 HTTP/1.1" 200 9141 "https://aps.or.kr/wp-admin/" "Mozilla/5.0 (iPhone; CPU iPhone OS 17_6_1 like Mac OS X) AppleWebKit/605.1.15 (KHTML, like Gecko) Version/17.6 Mobile/15E148 Safari/604.1"
59.1.161.15 - - [05/Nov/2024:00:33:50 +0900] "GET /wp-admin/js/common.min.js?ver=6.6.2 HTTP/1.1" 200 22454 "https://aps.or.kr/wp-admin/" "Mozilla/5.0 (iPhone; CPU iPhone OS 17_6_1 like Mac OS X) AppleWebKit/605.1.15 (KHTML, like Gecko) Version/17.6 Mobile/15E148 Safari/604.1"
59.1.161.15 - - [05/Nov/2024:00:33:50 +0900] "GET /wp-content/plugins/wp-members/includes/vendor/rocketgeek-tools/assets/css/onboarding.css?ver=1.0.0 HTTP/1.1" 200 624 "https://aps.or.kr/wp-admin/" "Mozilla/5.0 (iPhone; CPU iPhone OS 17_6_1 like Mac OS X) AppleWebKit/605.1.15 (KHTML, like Gecko) Version/17.6 Mobile/15E148 Safari/604.1"
59.1.161.15 - - [05/Nov/2024:00:33:50 +0900] "GET /wp-includes/js/hoverintent-js.min.js?ver=2.2.1 HTTP/1.1" 200 1718 "https://aps.or.kr/wp-admin/" "Mozilla/5.0 (iPhone; CPU iPhone OS 17_6_1 like Mac OS X) AppleWebKit/605.1.15 (KHTML, like Gecko) Version/17.6 Mobile/15E148 Safari/604.1"
59.1.161.15 - - [05/Nov/2024:00:33:50 +0900] "GET /wp-includes/js/wp-util.min.js?ver=6.6.2 HTTP/1.1" 200 1426 "https://aps.or.kr/wp-admin/" "Mozilla/5.0 (iPhone; CPU iPhone OS 17_6_1 like Mac OS X) AppleWebKit/605.1.15 (KHTML, like Gecko) Version/17.6 Mobile/15E148 Safari/604.1"
59.1.161.15 - - [05/Nov/2024:00:33:50 +0900] "GET /wp-includes/js/admin-bar.min.js?ver=6.6.2 HTTP/1.1" 200 3487 "https://aps.or.kr/wp-admin/" "Mozilla/5.0 (iPhone; CPU iPhone OS 17_6_1 like Mac OS X) AppleWebKit/605.1.15 (KHTML, like Gecko) Version/17.6 Mobile/15E148 Safari/604.1"
59.1.161.15 - - [05/Nov/2024:00:33:50 +0900] "GET /wp-includes/js/underscore.min.js?ver=1.13.4 HTTP/1.1" 200 18833 "https://aps.or.kr/wp-admin/" "Mozilla/5.0 (iPhone; CPU iPhone OS 17_6_1 like Mac OS X) AppleWebKit/605.1.15 (KHTML, like Gecko) Version/17.6 Mobile/15E148 Safari/604.1"
59.1.161.15 - - [05/Nov/2024:00:33:50 +0900] "GET /wp-admin/load-scripts.php?c=1&load%5Bchunk_0%5D=jquery-core,jquery-migrate,utils&ver=6.6.2 HTTP/1.1" 200 103090 "https://aps.or.kr/wp-admin/" "Mozilla/5.0 (iPhone; CPU iPhone OS 17_6_1 like Mac OS X) AppleWebKit/605.1.15 (KHTML, like Gecko) Version/17.6 Mobile/15E148 Safari/604.1"
59.1.161.15 - - [05/Nov/2024:00:33:50 +0900] "GET /wp-includes/js/clipboard.min.js?ver=2.0.11 HTTP/1.1" 200 9009 "https://aps.or.kr/wp-admin/" "Mozilla/5.0 (iPhone; CPU iPhone OS 17_6_1 like Mac OS X) AppleWebKit/605.1.15 (KHTML, like Gecko) Version/17.6 Mobile/15E148 Safari/604.1"
59.1.161.15 - - [05/Nov/2024:00:33:50 +0900] "GET /wp-includes/js/dist/dom-ready.min.js?ver=f77871ff7694fffea381 HTTP/1.1" 200 457 "https://aps.or.kr/wp-admin/" "Mozilla/5.0 (iPhone; CPU iPhone OS 17_6_1 like Mac OS X) AppleWebKit/605.1.15 (KHTML, like Gecko) Version/17.6 Mobile/15E148 Safari/604.1"
59.1.161.15 - - [05/Nov/2024:00:33:50 +0900] "GET /wp-includes/js/dist/a11y.min.js?ver=d90eebea464f6c09bfd5 HTTP/1.1" 200 2358 "https://aps.or.kr/wp-admin/" "Mozilla/5.0 (iPhone; CPU iPhone OS 17_6_1 like Mac OS X) AppleWebKit/605.1.15 (KHTML, like Gecko) Version/17.6 Mobile/15E148 Safari/604.1"
59.1.161.15 - - [05/Nov/2024:00:33:50 +0900] "GET /wp-includes/js/api-request.min.js?ver=6.6.2 HTTP/1.1" 200 1023 "https://aps.or.kr/wp-admin/" "Mozilla/5.0 (iPhone; CPU iPhone OS 17_6_1 like Mac OS X) AppleWebKit/605.1.15 (KHTML, like Gecko) Version/17.6 Mobile/15E148 Safari/604.1"
59.1.161.15 - - [05/Nov/2024:00:33:50 +0900] "GET /wp-includes/js/dist/url.min.js?ver=36ae0e4dd9043bb8749b HTTP/1.1" 200 8226 "https://aps.or.kr/wp-admin/" "Mozilla/5.0 (iPhone; CPU iPhone OS 17_6_1 like Mac OS X) AppleWebKit/605.1.15 (KHTML, like Gecko) Version/17.6 Mobile/15E148 Safari/604.1"
59.1.161.15 - - [05/Nov/2024:00:33:50 +0900] "GET /wp-admin/js/site-health.min.js?ver=6.6.2 HTTP/1.1" 200 6282 "https://aps.or.kr/wp-admin/" "Mozilla/5.0 (iPhone; CPU iPhone OS 17_6_1 like Mac OS X) AppleWebKit/605.1.15 (KHTML, like Gecko) Version/17.6 Mobile/15E148 Safari/604.1"
59.1.161.15 - - [05/Nov/2024:00:33:50 +0900] "GET /wp-includes/js/wp-ajax-response.min.js?ver=6.6.2 HTTP/1.1" 200 2505 "https://aps.or.kr/wp-admin/" "Mozilla/5.0 (iPhone; CPU iPhone OS 17_6_1 like Mac OS X) AppleWebKit/605.1.15 (KHTML, like Gecko) Version/17.6 Mobile/15E148 Safari/604.1"
59.1.161.15 - - [05/Nov/2024:00:33:50 +0900] "GET /wp-includes/js/wp-lists.min.js?ver=6.6.2 HTTP/1.1" 200 7521 "https://aps.or.kr/wp-admin/" "Mozilla/5.0 (iPhone; CPU iPhone OS 17_6_1 like Mac OS X) AppleWebKit/605.1.15 (KHTML, like Gecko) Version/17.6 Mobile/15E148 Safari/604.1"
59.1.161.15 - - [05/Nov/2024:00:33:50 +0900] "GET /wp-includes/js/jquery/jquery.color.min.js?ver=2.2.0 HTTP/1.1" 200 7047 "https://aps.or.kr/wp-admin/" "Mozilla/5.0 (iPhone; CPU iPhone OS 17_6_1 like Mac OS X) AppleWebKit/605.1.15 (KHTML, like Gecko) Version/17.6 Mobile/15E148 Safari/604.1"
59.1.161.15 - - [05/Nov/2024:00:33:50 +0900] "GET /wp-includes/js/quicktags.min.js?ver=6.6.2 HTTP/1.1" 200 11132 "https://aps.or.kr/wp-admin/" "Mozilla/5.0 (iPhone; CPU iPhone OS 17_6_1 like Mac OS X) AppleWebKit/605.1.15 (KHTML, like Gecko) Version/17.6 Mobile/15E148 Safari/604.1"
59.1.161.15 - - [05/Nov/2024:00:33:50 +0900] "GET /wp-includes/js/jquery/jquery.query.js?ver=2.2.3 HTTP/1.1" 200 3694 "https://aps.or.kr/wp-admin/" "Mozilla/5.0 (iPhone; CPU iPhone OS 17_6_1 like Mac OS X) AppleWebKit/605.1.15 (KHTML, like Gecko) Version/17.6 Mobile/15E148 Safari/604.1"
59.1.161.15 - - [05/Nov/2024:00:33:50 +0900] "GET /wp-admin/js/edit-comments.min.js?ver=6.6.2 HTTP/1.1" 200 15349 "https://aps.or.kr/wp-admin/" "Mozilla/5.0 (iPhone; CPU iPhone OS 17_6_1 like Mac OS X) AppleWebKit/605.1.15 (KHTML, like Gecko) Version/17.6 Mobile/15E148 Safari/604.1"
59.1.161.15 - - [05/Nov/2024:00:33:50 +0900] "GET /wp-includes/js/jquery/ui/mouse.min.js?ver=1.13.3 HTTP/1.1" 200 3428 "https://aps.or.kr/wp-admin/" "Mozilla/5.0 (iPhone; CPU iPhone OS 17_6_1 like Mac OS X) AppleWebKit/605.1.15 (KHTML, like Gecko) Version/17.6 Mobile/15E148 Safari/604.1"
59.1.161.15 - - [05/Nov/2024:00:33:50 +0900] "GET /wp-includes/js/dist/vendor/moment.min.js?ver=2.29.4 HTTP/1.1" 200 57925 "https://aps.or.kr/wp-admin/" "Mozilla/5.0 (iPhone; CPU iPhone OS 17_6_1 like Mac OS X) AppleWebKit/605.1.15 (KHTML, like Gecko) Version/17.6 Mobile/15E148 Safari/604.1"
59.1.161.15 - - [05/Nov/2024:00:33:50 +0900] "GET /wp-includes/js/jquery/ui/sortable.min.js?ver=1.13.3 HTTP/1.1" 200 25504 "https://aps.or.kr/wp-admin/" "Mozilla/5.0 (iPhone; CPU iPhone OS 17_6_1 like Mac OS X) AppleWebKit/605.1.15 (KHTML, like Gecko) Version/17.6 Mobile/15E148 Safari/604.1"
59.1.161.15 - - [05/Nov/2024:00:33:50 +0900] "GET /wp-admin/js/postbox.min.js?ver=6.6.2 HTTP/1.1" 200 6705 "https://aps.or.kr/wp-admin/" "Mozilla/5.0 (iPhone; CPU iPhone OS 17_6_1 like Mac OS X) AppleWebKit/605.1.15 (KHTML, like Gecko) Version/17.6 Mobile/15E148 Safari/604.1"
59.1.161.15 - - [05/Nov/2024:00:33:50 +0900] "GET /wp-includes/js/dist/deprecated.min.js?ver=e1f84915c5e8ae38964c HTTP/1.1" 200 684 "https://aps.or.kr/wp-admin/" "Mozilla/5.0 (iPhone; CPU iPhone OS 17_6_1 like Mac OS X) AppleWebKit/605.1.15 (KHTML, like Gecko) Version/17.6 Mobile/15E148 Safari/604.1"
59.1.161.15 - - [05/Nov/2024:00:33:50 +0900] "GET /wp-admin/js/dashboard.min.js?ver=6.6.2 HTTP/1.1" 200 8797 "https://aps.or.kr/wp-admin/" "Mozilla/5.0 (iPhone; CPU iPhone OS 17_6_1 like Mac OS X) AppleWebKit/605.1.15 (KHTML, like Gecko) Version/17.6 Mobile/15E148 Safari/604.1"
59.1.161.15 - - [05/Nov/2024:00:33:50 +0900] "GET /wp-includes/js/thickbox/thickbox.js?ver=3.1-20121105 HTTP/1.1" 200 13332 "https://aps.or.kr/wp-admin/" "Mozilla/5.0 (iPhone; CPU iPhone OS 17_6_1 like Mac OS X) AppleWebKit/605.1.15 (KHTML, like Gecko) Version/17.6 Mobile/15E148 Safari/604.1"
59.1.161.15 - - [05/Nov/2024:00:33:50 +0900] "GET /wp-includes/js/wp-sanitize.min.js?ver=6.6.2 HTTP/1.1" 200 458 "https://aps.or.kr/wp-admin/" "Mozilla/5.0 (iPhone; CPU iPhone OS 17_6_1 like Mac OS X) AppleWebKit/605.1.15 (KHTML, like Gecko) Version/17.6 Mobile/15E148 Safari/604.1"
59.1.161.15 - - [05/Nov/2024:00:33:50 +0900] "GET /wp-admin/js/plugin-install.min.js?ver=6.6.2 HTTP/1.1" 200 2403 "https://aps.or.kr/wp-admin/" "Mozilla/5.0 (iPhone; CPU iPhone OS 17_6_1 like Mac OS X) AppleWebKit/605.1.15 (KHTML, like Gecko) Version/17.6 Mobile/15E148 Safari/604.1"
59.1.161.15 - - [05/Nov/2024:00:33:50 +0900] "GET /wp-admin/js/updates.min.js?ver=6.6.2 HTTP/1.1" 200 48230 "https://aps.or.kr/wp-admin/" "Mozilla/5.0 (iPhone; CPU iPhone OS 17_6_1 like Mac OS X) AppleWebKit/605.1.15 (KHTML, like Gecko) Version/17.6 Mobile/15E148 Safari/604.1"
59.1.161.15 - - [05/Nov/2024:00:33:50 +0900] "GET /wp-includes/js/shortcode.min.js?ver=6.6.2 HTTP/1.1" 200 2643 "https://aps.or.kr/wp-admin/" "Mozilla/5.0 (iPhone; CPU iPhone OS 17_6_1 like Mac OS X) AppleWebKit/605.1.15 (KHTML, like Gecko) Version/17.6 Mobile/15E148 Safari/604.1"
59.1.161.15 - - [05/Nov/2024:00:33:50 +0900] "GET /wp-admin/js/media-upload.min.js?ver=6.6.2 HTTP/1.1" 200 1152 "https://aps.or.kr/wp-admin/" "Mozilla/5.0 (iPhone; CPU iPhone OS 17_6_1 like Mac OS X) AppleWebKit/605.1.15 (KHTML, like Gecko) Version/17.6 Mobile/15E148 Safari/604.1"
59.1.161.15 - - [05/Nov/2024:00:33:50 +0900] "GET /wp-includes/js/jquery/jquery.ui.touch-punch.js?ver=0.2.2 HTTP/1.1" 200 1179 "https://aps.or.kr/wp-admin/" "Mozilla/5.0 (iPhone; CPU iPhone OS 17_6_1 like Mac OS X) AppleWebKit/605.1.15 (KHTML, like Gecko) Version/17.6 Mobile/15E148 Safari/604.1"
59.1.161.15 - - [05/Nov/2024:00:33:50 +0900] "GET /wp-admin/js/svg-painter.js?ver=6.6.2 HTTP/1.1" 200 5522 "https://aps.or.kr/wp-admin/" "Mozilla/5.0 (iPhone; CPU iPhone OS 17_6_1 like Mac OS X) AppleWebKit/605.1.15 (KHTML, like Gecko) Version/17.6 Mobile/15E148 Safari/604.1"
59.1.161.15 - - [05/Nov/2024:00:33:50 +0900] "GET /wp-includes/js/heartbeat.min.js?ver=6.6.2 HTTP/1.1" 200 6013 "https://aps.or.kr/wp-admin/" "Mozilla/5.0 (iPhone; CPU iPhone OS 17_6_1 like Mac OS X) AppleWebKit/605.1.15 (KHTML, like Gecko) Version/17.6 Mobile/15E148 Safari/604.1"
59.1.161.15 - - [05/Nov/2024:00:33:50 +0900] "GET /wp-content/plugins/wp-super-cache/inc/delete-cache-button.js?ver=1.0 HTTP/1.1" 200 842 "https://aps.or.kr/wp-admin/" "Mozilla/5.0 (iPhone; CPU iPhone OS 17_6_1 like Mac OS X) AppleWebKit/605.1.15 (KHTML, like Gecko) Version/17.6 Mobile/15E148 Safari/604.1"
59.1.161.15 - - [05/Nov/2024:00:33:50 +0900] "GET /wp-includes/js/wp-auth-check.min.js?ver=6.6.2 HTTP/1.1" 200 1658 "https://aps.or.kr/wp-admin/" "Mozilla/5.0 (iPhone; CPU iPhone OS 17_6_1 like Mac OS X) AppleWebKit/605.1.15 (KHTML, like Gecko) Version/17.6 Mobile/15E148 Safari/604.1"
59.1.161.15 - - [05/Nov/2024:00:33:50 +0900] "GET /wp-includes/js/dist/date.min.js?ver=aaca6387d1cf924acc51 HTTP/1.1" 200 783428 "https://aps.or.kr/wp-admin/" "Mozilla/5.0 (iPhone; CPU iPhone OS 17_6_1 like Mac OS X) AppleWebKit/605.1.15 (KHTML, like Gecko) Version/17.6 Mobile/15E148 Safari/604.1"
59.1.161.15 - - [05/Nov/2024:00:33:50 +0900] "GET /wp-content/plugins/kboard/images/icon.png HTTP/1.1" 200 1433 "https://aps.or.kr/wp-admin/" "Mozilla/5.0 (iPhone; CPU iPhone OS 17_6_1 like Mac OS X) AppleWebKit/605.1.15 (KHTML, like Gecko) Version/17.6 Mobile/15E148 Safari/604.1"
59.1.161.15 - - [05/Nov/2024:00:33:50 +0900] "GET /wp-content/plugins/mangboard/assets/images/favicon.png HTTP/1.1" 200 1645 "https://aps.or.kr/wp-admin/" "Mozilla/5.0 (iPhone; CPU iPhone OS 17_6_1 like Mac OS X) AppleWebKit/605.1.15 (KHTML, like Gecko) Version/17.6 Mobile/15E148 Safari/604.1"
59.1.161.15 - - [05/Nov/2024:00:33:50 +0900] "GET /wp-content/plugins/wp-file-manager/images/wp_file_manager.svg HTTP/1.1" 200 2648 "https://aps.or.kr/wp-admin/" "Mozilla/5.0 (iPhone; CPU iPhone OS 17_6_1 like Mac OS X) AppleWebKit/605.1.15 (KHTML, like Gecko) Version/17.6 Mobile/15E148 Safari/604.1"
59.1.161.15 - - [05/Nov/2024:00:33:51 +0900] "GET /wp-includes/js/thickbox/loadingAnimation.gif HTTP/1.1" 200 15238 "https://aps.or.kr/wp-admin/" "Mozilla/5.0 (iPhone; CPU iPhone OS 17_6_1 like Mac OS X) AppleWebKit/605.1.15 (KHTML, like Gecko) Version/17.6 Mobile/15E148 Safari/604.1"
59.1.161.15 - - [05/Nov/2024:00:33:51 +0900] "POST /wp-admin/admin-ajax.php HTTP/1.1" 200 666 "https://aps.or.kr/wp-admin/" "Mozilla/5.0 (iPhone; CPU iPhone OS 17_6_1 like Mac OS X) AppleWebKit/605.1.15 (KHTML, like Gecko) Version/17.6 Mobile/15E148 Safari/604.1"
157.55.39.61 - - [05/Nov/2024:00:33:53 +0900] "GET /grjc/467048apso75e299b996c91uploaded.htm HTTP/1.1" 404 197 "-" "Mozilla/5.0 AppleWebKit/537.36 (KHTML, like Gecko; compatible; bingbot/2.0; +http://www.bing.com/bingbot.htm) Chrome/116.0.1938.76 Safari/537.36"
20.171.206.167 - - [05/Nov/2024:00:34:00 +0900] "GET /wp-login.php?redirect_to=%2F%3Fpageid%3D3%26page_id%3D169%26category1%3D2022%26uid%3D481%26mod%3Ddocument HTTP/1.1" 200 3389 "-" "Mozilla/5.0 AppleWebKit/537.36 (KHTML, like Gecko; compatible; GPTBot/1.2; +https://openai.com/gptbot)"
20.171.206.167 - - [05/Nov/2024:00:34:01 +0900] "GET /wp-login.php?redirect_to=https%253A%252F%252Faps.or.kr%252F%253Fpageid%253D41%2526page_id%253D169%2526mod%253Ddocument%2526uid%253D617 HTTP/1.1" 200 3395 "-" "Mozilla/5.0 AppleWebKit/537.36 (KHTML, like Gecko; compatible; GPTBot/1.2; +https://openai.com/gptbot)"
59.1.161.15 - - [05/Nov/2024:00:34:02 +0900] "GET /wp-admin/admin.php?page=kboard_dashboard HTTP/1.1" 200 20799 "https://aps.or.kr/wp-admin/" "Mozilla/5.0 (iPhone; CPU iPhone OS 17_6_1 like Mac OS X) AppleWebKit/605.1.15 (KHTML, like Gecko) Version/17.6 Mobile/15E148 Safari/604.1"
20.171.206.167 - - [05/Nov/2024:00:34:02 +0900] "GET /?pageid=41&page_id=169&mod=document&uid=616 HTTP/1.1" 200 22891 "-" "Mozilla/5.0 AppleWebKit/537.36 (KHTML, like Gecko; compatible; GPTBot/1.2; +https://openai.com/gptbot)"
59.1.161.15 - - [05/Nov/2024:00:34:02 +0900] "GET /wp-admin/load-styles.php?c=1&dir=ltr&load%5Bchunk_0%5D=dashicons,admin-bar,common,forms,admin-menu,dashboard,list-tables,edit,revisions,media,themes,about,nav-menus,wp-pointer,widgets&load%5Bchunk_1%5D=,site-icon,l10n,buttons,wp-auth-check&ver=6.6.2 HTTP/1.1" 200 395676 "https://aps.or.kr/wp-admin/admin.php?page=kboard_dashboard" "Mozilla/5.0 (iPhone; CPU iPhone OS 17_6_1 like Mac OS X) AppleWebKit/605.1.15 (KHTML, like Gecko) Version/17.6 Mobile/15E148 Safari/604.1"
59.1.161.15 - - [05/Nov/2024:00:34:02 +0900] "GET /wp-content/plugins/kboard/images/icon-big.png HTTP/1.1" 200 2141 "https://aps.or.kr/wp-admin/admin.php?page=kboard_dashboard" "Mozilla/5.0 (iPhone; CPU iPhone OS 17_6_1 like Mac OS X) AppleWebKit/605.1.15 (KHTML, like Gecko) Version/17.6 Mobile/15E148 Safari/604.1"
20.171.206.167 - - [05/Nov/2024:00:34:03 +0900] "GET /wp-login.php?redirect_to=%2F%3Fpageid%3D41%26page_id%3D169%26mod%3Ddocument%26uid%3D617 HTTP/1.1" 200 3374 "-" "Mozilla/5.0 AppleWebKit/537.36 (KHTML, like Gecko; compatible; GPTBot/1.2; +https://openai.com/gptbot)"
20.171.206.167 - - [05/Nov/2024:00:34:04 +0900] "GET /wp-login.php?redirect_to=https%253A%252F%252Faps.or.kr%252F%253Fpageid%253D3%2526page_id%253D169%2526category1%253D2022%2526uid%253D586%2526mod%253Ddocument HTTP/1.1" 200 3408 "-" "Mozilla/5.0 AppleWebKit/537.36 (KHTML, like Gecko; compatible; GPTBot/1.2; +https://openai.com/gptbot)"
20.171.206.167 - - [05/Nov/2024:00:34:08 +0900] "GET /?pageid=3&page_id=169&category1=2022&uid=591&mod=document HTTP/1.1" 200 597006 "-" "Mozilla/5.0 AppleWebKit/537.36 (KHTML, like Gecko; compatible; GPTBot/1.2; +https://openai.com/gptbot)"
20.171.206.167 - - [05/Nov/2024:00:34:08 +0900] "GET /wp-login.php?redirect_to=%2F%3Fpageid%3D3%26page_id%3D169%26category1%3D2022%26uid%3D586%26mod%3Ddocument HTTP/1.1" 200 3389 "-" "Mozilla/5.0 AppleWebKit/537.36 (KHTML, like Gecko; compatible; GPTBot/1.2; +https://openai.com/gptbot)"
20.171.206.167 - - [05/Nov/2024:00:34:12 +0900] "GET /wp-login.php?redirect_to=%2F%3Fpageid%3D41%26page_id%3D169%26uid%3D618%26mod%3Ddocument HTTP/1.1" 200 3373 "-" "Mozilla/5.0 AppleWebKit/537.36 (KHTML, like Gecko; compatible; GPTBot/1.2; +https://openai.com/gptbot)"
59.1.161.15 - - [05/Nov/2024:00:34:14 +0900] "GET /wp-admin/admin.php?page=kboard_list HTTP/1.1" 200 16005 "https://aps.or.kr/wp-admin/admin.php?page=kboard_dashboard" "Mozilla/5.0 (iPhone; CPU iPhone OS 17_6_1 like Mac OS X) AppleWebKit/605.1.15 (KHTML, like Gecko) Version/17.6 Mobile/15E148 Safari/604.1"
59.1.161.15 - - [05/Nov/2024:00:34:14 +0900] "GET /wp-content/plugins/kboard/skin/default/thumbnail.png HTTP/1.1" 200 5870 "https://aps.or.kr/wp-admin/admin.php?page=kboard_list" "Mozilla/5.0 (iPhone; CPU iPhone OS 17_6_1 like Mac OS X) AppleWebKit/605.1.15 (KHTML, like Gecko) Version/17.6 Mobile/15E148 Safari/604.1"
59.1.161.15 - - [05/Nov/2024:00:34:14 +0900] "GET /wp-content/plugins/kboard/skin/avatar/thumbnail.png HTTP/1.1" 200 4963 "https://aps.or.kr/wp-admin/admin.php?page=kboard_list" "Mozilla/5.0 (iPhone; CPU iPhone OS 17_6_1 like Mac OS X) AppleWebKit/605.1.15 (KHTML, like Gecko) Version/17.6 Mobile/15E148 Safari/604.1"
59.1.161.15 - - [05/Nov/2024:00:34:14 +0900] "GET /wp-content/plugins/kboard/skin/thumbnail/thumbnail.png HTTP/1.1" 200 6021 "https://aps.or.kr/wp-admin/admin.php?page=kboard_list" "Mozilla/5.0 (iPhone; CPU iPhone OS 17_6_1 like Mac OS X) AppleWebKit/605.1.15 (KHTML, like Gecko) Version/17.6 Mobile/15E148 Safari/604.1"
20.171.206.167 - - [05/Nov/2024:00:34:15 +0900] "GET /wp-login.php?redirect_to=https%253A%252F%252Faps.or.kr%252F%253Fpageid%253D41%2526page_id%253D169%2526uid%253D618%2526mod%253Ddocument HTTP/1.1" 200 3396 "-" "Mozilla/5.0 AppleWebKit/537.36 (KHTML, like Gecko; compatible; GPTBot/1.2; +https://openai.com/gptbot)"
20.171.206.167 - - [05/Nov/2024:00:34:17 +0900] "GET /?pageid=41&page_id=169&uid=617&mod=document HTTP/1.1" 200 22938 "-" "Mozilla/5.0 AppleWebKit/537.36 (KHTML, like Gecko; compatible; GPTBot/1.2; +https://openai.com/gptbot)"
59.1.161.15 - - [05/Nov/2024:00:34:18 +0900] "GET /wp-admin/admin.php?page=kboard_dashboard HTTP/1.1" 200 20798 "https://aps.or.kr/wp-admin/" "Mozilla/5.0 (iPhone; CPU iPhone OS 17_6_1 like Mac OS X) AppleWebKit/605.1.15 (KHTML, like Gecko) Version/17.6 Mobile/15E148 Safari/604.1"
20.171.206.167 - - [05/Nov/2024:00:34:20 +0900] "GET /wp-login.php?redirect_to=https%253A%252F%252Faps.or.kr%252F%253Fpageid%253D41%2526page_id%253D169%2526uid%253D652%2526mod%253Ddocument HTTP/1.1" 200 3396 "-" "Mozilla/5.0 AppleWebKit/537.36 (KHTML, like Gecko; compatible; GPTBot/1.2; +https://openai.com/gptbot)"
20.171.206.167 - - [05/Nov/2024:00:34:23 +0900] "GET /?pageid=41&page_id=169&uid=655&mod=document HTTP/1.1" 200 251775 "-" "Mozilla/5.0 AppleWebKit/537.36 (KHTML, like Gecko; compatible; GPTBot/1.2; +https://openai.com/gptbot)"
20.171.206.167 - - [05/Nov/2024:00:34:24 +0900] "GET /?page_id=169&mod=document&uid=652 HTTP/1.1" 200 688845 "-" "Mozilla/5.0 AppleWebKit/537.36 (KHTML, like Gecko; compatible; GPTBot/1.2; +https://openai.com/gptbot)"
59.1.161.15 - - [05/Nov/2024:00:34:25 +0900] "GET / HTTP/1.1" 200 21962 "-" "Mozilla/5.0 (iPhone; CPU iPhone OS 17_6_1 like Mac OS X) AppleWebKit/605.1.15 (KHTML, like Gecko) Version/17.6 Mobile/15E148 Safari/604.1"
59.1.161.15 - - [05/Nov/2024:00:34:26 +0900] "GET / HTTP/1.1" 200 21961 "-" "Mozilla/5.0 (iPhone; CPU iPhone OS 17_6_1 like Mac OS X) AppleWebKit/605.1.15 (KHTML, like Gecko) Version/17.6 Mobile/15E148 Safari/604.1"
59.1.161.15 - - [05/Nov/2024:00:34:32 +0900] "GET /?page_id=254 HTTP/1.1" 200 23955 "https://aps.or.kr/" "Mozilla/5.0 (iPhone; CPU iPhone OS 17_6_1 like Mac OS X) AppleWebKit/605.1.15 (KHTML, like Gecko) Version/17.6 Mobile/15E148 Safari/604.1"
59.1.161.15 - - [05/Nov/2024:00:34:32 +0900] "GET /wp-content/plugins/kboard/assets/font-awesome/css/font-awesome.min.css?ver=3.2.1 HTTP/1.1" 304 0 "https://aps.or.kr/?page_id=254" "Mozilla/5.0 (iPhone; CPU iPhone OS 17_6_1 like Mac OS X) AppleWebKit/605.1.15 (KHTML, like Gecko) Version/17.6 Mobile/15E148 Safari/604.1"
59.1.161.15 - - [05/Nov/2024:00:34:32 +0900] "GET /wp-content/plugins/kboard/assets/font-awesome/font/fontawesome-webfont.woff?v=3.2.1 HTTP/1.1" 304 0 "https://aps.or.kr/?page_id=254" "Mozilla/5.0 (iPhone; CPU iPhone OS 17_6_1 like Mac OS X) AppleWebKit/605.1.15 (KHTML, like Gecko) Version/17.6 Mobile/15E148 Safari/604.1"
192.168.0.1 - - [05/Nov/2024:00:34:34 +0900] "POST /wp-cron.php?doing_wp_cron=1730734474.8406090736389160156250 HTTP/1.1" 200 31 "-" "WordPress/6.6.2; https://aps.or.kr"
59.1.161.15 - - [05/Nov/2024:00:34:35 +0900] "GET /?page_id=254&uid=1101&mod=document&pageid=1 HTTP/1.1" 200 23803 "https://aps.or.kr/?page_id=254" "Mozilla/5.0 (iPhone; CPU iPhone OS 17_6_1 like Mac OS X) AppleWebKit/605.1.15 (KHTML, like Gecko) Version/17.6 Mobile/15E148 Safari/604.1"
59.1.161.15 - - [05/Nov/2024:00:34:35 +0900] "GET /wp-content/plugins/kboard-comments/skin/default/script.js?ver=5.3 HTTP/1.1" 200 3572 "https://aps.or.kr/?page_id=254&uid=1101&mod=document&pageid=1" "Mozilla/5.0 (iPhone; CPU iPhone OS 17_6_1 like Mac OS X) AppleWebKit/605.1.15 (KHTML, like Gecko) Version/17.6 Mobile/15E148 Safari/604.1"
20.171.206.167 - - [05/Nov/2024:00:34:35 +0900] "GET /?action=kboard_document_print&uid=655 HTTP/1.1" 200 227683 "-" "Mozilla/5.0 AppleWebKit/537.36 (KHTML, like Gecko; compatible; GPTBot/1.2; +https://openai.com/gptbot)"
59.1.161.15 - - [05/Nov/2024:00:34:37 +0900] "GET /?page_id=254 HTTP/1.1" 200 23955 "https://aps.or.kr/" "Mozilla/5.0 (iPhone; CPU iPhone OS 17_6_1 like Mac OS X) AppleWebKit/605.1.15 (KHTML, like Gecko) Version/17.6 Mobile/15E148 Safari/604.1"
20.171.206.167 - - [05/Nov/2024:00:34:37 +0900] "GET /?pageid=41&page_id=169&mod=document&uid=656 HTTP/1.1" 200 86346 "-" "Mozilla/5.0 AppleWebKit/537.36 (KHTML, like Gecko; compatible; GPTBot/1.2; +https://openai.com/gptbot)"
20.171.206.167 - - [05/Nov/2024:00:34:39 +0900] "GET /?kboard_content_redirect=655 HTTP/1.1" 301 5 "-" "Mozilla/5.0 AppleWebKit/537.36 (KHTML, like Gecko; compatible; GPTBot/1.2; +https://openai.com/gptbot)"
20.171.206.167 - - [05/Nov/2024:00:34:40 +0900] "GET /wp-login.php?redirect_to=https%253A%252F%252Faps.or.kr%252F%253Fpageid%253D41%2526page_id%253D169%2526mod%253Ddocument%2526uid%253D655 HTTP/1.1" 200 3395 "-" "Mozilla/5.0 AppleWebKit/537.36 (KHTML, like Gecko; compatible; GPTBot/1.2; +https://openai.com/gptbot)"
20.171.206.167 - - [05/Nov/2024:00:34:41 +0900] "GET /wp-login.php?redirect_to=%2F%3Fpageid%3D41%26page_id%3D169%26mod%3Ddocument%26uid%3D655 HTTP/1.1" 200 3374 "-" "Mozilla/5.0 AppleWebKit/537.36 (KHTML, like Gecko; compatible; GPTBot/1.2; +https://openai.com/gptbot)"
20.171.206.167 - - [05/Nov/2024:00:34:43 +0900] "GET /wp-login.php?redirect_to=%2F%3Fpageid%3D41%26page_id%3D169%26uid%3D652%26mod%3Ddocument HTTP/1.1" 200 3373 "-" "Mozilla/5.0 AppleWebKit/537.36 (KHTML, like Gecko; compatible; GPTBot/1.2; +https://openai.com/gptbot)"
20.171.206.167 - - [05/Nov/2024:00:34:44 +0900] "GET /?action=kboard_document_print&uid=743 HTTP/1.1" 200 61948 "-" "Mozilla/5.0 AppleWebKit/537.36 (KHTML, like Gecko; compatible; GPTBot/1.2; +https://openai.com/gptbot)"
20.171.206.167 - - [05/Nov/2024:00:34:45 +0900] "GET /?pageid=44&page_id=169&uid=620&mod=document HTTP/1.1" 200 22989 "-" "Mozilla/5.0 AppleWebKit/537.36 (KHTML, like Gecko; compatible; GPTBot/1.2; +https://openai.com/gptbot)"
20.171.206.167 - - [05/Nov/2024:00:34:46 +0900] "GET /?kboard_content_redirect=743 HTTP/1.1" 301 5 "-" "Mozilla/5.0 AppleWebKit/537.36 (KHTML, like Gecko; compatible; GPTBot/1.2; +https://openai.com/gptbot)"
59.1.161.15 - - [05/Nov/2024:00:34:48 +0900] "GET /?page_id=361 HTTP/1.1" 200 24315 "https://aps.or.kr/?page_id=254" "Mozilla/5.0 (iPhone; CPU iPhone OS 17_6_1 like Mac OS X) AppleWebKit/605.1.15 (KHTML, like Gecko) Version/17.6 Mobile/15E148 Safari/604.1"
59.1.161.15 - - [05/Nov/2024:00:34:50 +0900] "GET /?page_id=361&uid=742&mod=document&pageid=1 HTTP/1.1" 200 24194 "https://aps.or.kr/?page_id=361" "Mozilla/5.0 (iPhone; CPU iPhone OS 17_6_1 like Mac OS X) AppleWebKit/605.1.15 (KHTML, like Gecko) Version/17.6 Mobile/15E148 Safari/604.1"
59.1.161.15 - - [05/Nov/2024:00:34:53 +0900] "GET /?page_id=361 HTTP/1.1" 200 24327 "https://aps.or.kr/?page_id=254" "Mozilla/5.0 (iPhone; CPU iPhone OS 17_6_1 like Mac OS X) AppleWebKit/605.1.15 (KHTML, like Gecko) Version/17.6 Mobile/15E148 Safari/604.1"
20.171.206.167 - - [05/Nov/2024:00:34:58 +0900] "GET /?page_id=169&mod=document&uid=744 HTTP/1.1" 200 91500 "-" "Mozilla/5.0 AppleWebKit/537.36 (KHTML, like Gecko; compatible; GPTBot/1.2; +https://openai.com/gptbot)"
20.171.206.167 - - [05/Nov/2024:00:34:58 +0900] "GET /wp-login.php?redirect_to=https%253A%252F%252Faps.or.kr%252F%253Fpageid%253D44%2526page_id%253D169%2526uid%253D619%2526mod%253Ddocument HTTP/1.1" 200 3395 "-" "Mozilla/5.0 AppleWebKit/537.36 (KHTML, like Gecko; compatible; GPTBot/1.2; +https://openai.com/gptbot)"
59.1.161.15 - - [05/Nov/2024:00:34:59 +0900] "GET /?page_id=169 HTTP/1.1" 200 24730 "https://aps.or.kr/?page_id=361" "Mozilla/5.0 (iPhone; CPU iPhone OS 17_6_1 like Mac OS X) AppleWebKit/605.1.15 (KHTML, like Gecko) Version/17.6 Mobile/15E148 Safari/604.1"
20.171.206.116 - - [05/Nov/2024:00:35:00 +0900] "GET /wp-login.php?redirect_to=%2F%3Fpageid%3D44%26page_id%3D169%26uid%3D619%26mod%3Ddocument HTTP/1.1" 200 3373 "-" "Mozilla/5.0 AppleWebKit/537.36 (KHTML, like Gecko; compatible; GPTBot/1.2; +https://openai.com/gptbot)"
20.171.206.116 - - [05/Nov/2024:00:35:01 +0900] "GET /?pageid=44&page_id=169&mod=document&uid=547 HTTP/1.1" 200 22958 "-" "Mozilla/5.0 AppleWebKit/537.36 (KHTML, like Gecko; compatible; GPTBot/1.2; +https://openai.com/gptbot)"
59.1.161.15 - - [05/Nov/2024:00:35:02 +0900] "GET /?page_id=169&uid=1102&mod=document&pageid=1 HTTP/1.1" 200 621260 "https://aps.or.kr/?page_id=169" "Mozilla/5.0 (iPhone; CPU iPhone OS 17_6_1 like Mac OS X) AppleWebKit/605.1.15 (KHTML, like Gecko) Version/17.6 Mobile/15E148 Safari/604.1"
20.171.206.116 - - [05/Nov/2024:00:35:02 +0900] "GET /wp-login.php?redirect_to=https%253A%252F%252Faps.or.kr%252F%253Fpageid%253D44%2526page_id%253D169%2526mod%253Ddocument%2526uid%253D550 HTTP/1.1" 200 3399 "-" "Mozilla/5.0 AppleWebKit/537.36 (KHTML, like Gecko; compatible; GPTBot/1.2; +https://openai.com/gptbot)"
20.171.206.116 - - [05/Nov/2024:00:35:03 +0900] "GET /wp-login.php?redirect_to=https%253A%252F%252Faps.or.kr%252F%253Fpageid%253D44%2526page_id%253D169%2526uid%253D551%2526mod%253Ddocument HTTP/1.1" 200 3396 "-" "Mozilla/5.0 AppleWebKit/537.36 (KHTML, like Gecko; compatible; GPTBot/1.2; +https://openai.com/gptbot)"
59.1.161.15 - - [05/Nov/2024:00:35:03 +0900] "GET /?page_id=169 HTTP/1.1" 200 24708 "https://aps.or.kr/?page_id=361" "Mozilla/5.0 (iPhone; CPU iPhone OS 17_6_1 like Mac OS X) AppleWebKit/605.1.15 (KHTML, like Gecko) Version/17.6 Mobile/15E148 Safari/604.1"
20.171.206.116 - - [05/Nov/2024:00:35:04 +0900] "GET /wp-login.php?redirect_to=%2F%3Fpageid%3D44%26page_id%3D169%26mod%3Ddocument%26uid%3D550 HTTP/1.1" 200 3378 "-" "Mozilla/5.0 AppleWebKit/537.36 (KHTML, like Gecko; compatible; GPTBot/1.2; +https://openai.com/gptbot)"
59.1.161.15 - - [05/Nov/2024:00:35:10 +0900] "GET /?page_id=1544 HTTP/1.1" 200 20634 "https://aps.or.kr/?page_id=169" "Mozilla/5.0 (iPhone; CPU iPhone OS 17_6_1 like Mac OS X) AppleWebKit/605.1.15 (KHTML, like Gecko) Version/17.6 Mobile/15E148 Safari/604.1"
20.171.206.116 - - [05/Nov/2024:00:35:15 +0900] "GET /?pageid=44&page_id=169&uid=550&mod=document HTTP/1.1" 200 108650 "-" "Mozilla/5.0 AppleWebKit/537.36 (KHTML, like Gecko; compatible; GPTBot/1.2; +https://openai.com/gptbot)"
20.171.206.116 - - [05/Nov/2024:00:35:16 +0900] "GET /wp-login.php?redirect_to=%2F%3Fpageid%3D44%26page_id%3D169%26uid%3D551%26mod%3Ddocument HTTP/1.1" 200 3373 "-" "Mozilla/5.0 AppleWebKit/537.36 (KHTML, like Gecko; compatible; GPTBot/1.2; +https://openai.com/gptbot)"
59.1.161.15 - - [05/Nov/2024:00:35:17 +0900] "GET / HTTP/1.1" 200 21961 "https://aps.or.kr/?page_id=1544" "Mozilla/5.0 (iPhone; CPU iPhone OS 17_6_1 like Mac OS X) AppleWebKit/605.1.15 (KHTML, like Gecko) Version/17.6 Mobile/15E148 Safari/604.1"
20.171.206.116 - - [05/Nov/2024:00:35:17 +0900] "GET /wp-login.php?redirect_to=https%253A%252F%252Faps.or.kr%252F%253Fpageid%253D44%2526page_id%253D169%2526mod%253Ddocument%2526uid%253D620 HTTP/1.1" 200 3399 "-" "Mozilla/5.0 AppleWebKit/537.36 (KHTML, like Gecko; compatible; GPTBot/1.2; +https://openai.com/gptbot)"
20.171.206.116 - - [05/Nov/2024:00:35:19 +0900] "GET /?pageid=44&page_id=169&mod=document&uid=621 HTTP/1.1" 200 88797 "-" "Mozilla/5.0 AppleWebKit/537.36 (KHTML, like Gecko; compatible; GPTBot/1.2; +https://openai.com/gptbot)"
20.171.206.116 - - [05/Nov/2024:00:35:32 +0900] "GET /wp-login.php?redirect_to=https%253A%252F%252Faps.or.kr%252F%253Fpage_id%253D254%2526pageid%253D1%2526category1%253D2023%2526mod%253Ddocument%2526uid%253D661 HTTP/1.1" 200 3407 "-" "Mozilla/5.0 AppleWebKit/537.36 (KHTML, like Gecko; compatible; GPTBot/1.2; +https://openai.com/gptbot)"
192.168.0.1 - - [05/Nov/2024:00:35:43 +0900] "POST /wp-cron.php?doing_wp_cron=1730734543.5748989582061767578125 HTTP/1.1" 200 31 "-" "WordPress/6.6.2; https://aps.or.kr"
20.171.206.116 - - [05/Nov/2024:00:35:43 +0900] "GET /wp-login.php?redirect_to=%2F%3Fpageid%3D44%26page_id%3D169%26mod%3Ddocument%26uid%3D620 HTTP/1.1" 200 3377 "-" "Mozilla/5.0 AppleWebKit/537.36 (KHTML, like Gecko; compatible; GPTBot/1.2; +https://openai.com/gptbot)"
20.171.206.116 - - [05/Nov/2024:00:35:43 +0900] "GET /wp-content/uploads/kboard_captcha/captcha_6728e86d4cd01.png HTTP/1.1" 200 186 "-" "Mozilla/5.0 AppleWebKit/537.36 (KHTML, like Gecko; compatible; GPTBot/1.2; +https://openai.com/gptbot)"
20.171.206.116 - - [05/Nov/2024:00:35:44 +0900] "GET /wp-content/uploads/kboard_captcha/captcha_6728e871ada34.png HTTP/1.1" 200 194 "-" "Mozilla/5.0 AppleWebKit/537.36 (KHTML, like Gecko; compatible; GPTBot/1.2; +https://openai.com/gptbot)"
20.171.206.116 - - [05/Nov/2024:00:35:46 +0900] "GET /wp-login.php?redirect_to=https%253A%252F%252Faps.or.kr%252F%253Fpage_id%253D254%2526pageid%253D1%2526category1%253D2022%2526mod%253Ddocument%2526uid%253D564 HTTP/1.1" 200 3408 "-" "Mozilla/5.0 AppleWebKit/537.36 (KHTML, like Gecko; compatible; GPTBot/1.2; +https://openai.com/gptbot)"
20.171.206.116 - - [05/Nov/2024:00:35:47 +0900] "GET /?page_id=254&pageid=1&category1=2022&mod=document&uid=563 HTTP/1.1" 200 25934 "-" "Mozilla/5.0 AppleWebKit/537.36 (KHTML, like Gecko; compatible; GPTBot/1.2; +https://openai.com/gptbot)"
20.171.206.116 - - [05/Nov/2024:00:35:48 +0900] "GET /wp-login.php?redirect_to=https%253A%252F%252Faps.or.kr%252F%253Fpage_id%253D254%2526pageid%253D1%2526category1%253D2022%2526mod%253Deditor%2526parent_uid%253D564 HTTP/1.1" 200 3411 "-" "Mozilla/5.0 AppleWebKit/537.36 (KHTML, like Gecko; compatible; GPTBot/1.2; +https://openai.com/gptbot)"
20.171.206.116 - - [05/Nov/2024:00:35:49 +0900] "GET /?page_id=254&pageid=1&category1=2022&mod=editor&parent_uid=564&kboard_id=7&view_iframe=1&iframe_id=6728e872bdc7d HTTP/1.1" 200 16242 "-" "Mozilla/5.0 AppleWebKit/537.36 (KHTML, like Gecko; compatible; GPTBot/1.2; +https://openai.com/gptbot)"
20.171.206.116 - - [05/Nov/2024:00:35:50 +0900] "GET /wp-login.php?redirect_to=https%253A%252F%252Faps.or.kr%252F%253Fpage_id%253D254%2526pageid%253D1%2526category1%253D2022%2526uid%253D563%2526mod%253Ddocument HTTP/1.1" 200 3408 "-" "Mozilla/5.0 AppleWebKit/537.36 (KHTML, like Gecko; compatible; GPTBot/1.2; +https://openai.com/gptbot)"
20.171.206.116 - - [05/Nov/2024:00:35:51 +0900] "GET /wp-content/uploads/kboard_captcha/captcha_6728e882be3f7.png HTTP/1.1" 200 191 "-" "Mozilla/5.0 AppleWebKit/537.36 (KHTML, like Gecko; compatible; GPTBot/1.2; +https://openai.com/gptbot)"
20.171.206.116 - - [05/Nov/2024:00:35:53 +0900] "GET /?page_id=254&pageid=1&category1=2022&uid=561&mod=document HTTP/1.1" 200 16231 "-" "Mozilla/5.0 AppleWebKit/537.36 (KHTML, like Gecko; compatible; GPTBot/1.2; +https://openai.com/gptbot)"
20.171.206.116 - - [05/Nov/2024:00:35:53 +0900] "GET /wp-login.php?redirect_to=%2F%3Fpage_id%3D254%26pageid%3D1%26category1%3D2022%26mod%3Deditor%26parent_uid%3D565%26kboard_id%3D7%26view_iframe%3D1%26iframe_id%3D6728e729ee207 HTTP/1.1" 200 3434 "-" "Mozilla/5.0 AppleWebKit/537.36 (KHTML, like Gecko; compatible; GPTBot/1.2; +https://openai.com/gptbot)"
20.171.206.116 - - [05/Nov/2024:00:35:55 +0900] "GET /?page_id=254&pageid=1&category1=2022&mod=editor&parent_uid=563 HTTP/1.1" 200 21238 "-" "Mozilla/5.0 AppleWebKit/537.36 (KHTML, like Gecko; compatible; GPTBot/1.2; +https://openai.com/gptbot)"
59.1.161.15 - - [05/Nov/2024:00:35:57 +0900] "GET / HTTP/1.1" 200 21960 "https://aps.or.kr/?page_id=1544" "Mozilla/5.0 (iPhone; CPU iPhone OS 17_6_1 like Mac OS X) AppleWebKit/605.1.15 (KHTML, like Gecko) Version/17.6 Mobile/15E148 Safari/604.1"
20.171.206.116 - - [05/Nov/2024:00:35:57 +0900] "GET /wp-login.php?redirect_to=https%253A%252F%252Faps.or.kr%252F%253Fpage_id%253D254%2526pageid%253D1%2526category1%253D2022%2526mod%253Deditor%2526parent_uid%253D565%2526kboard_id%253D7%2526view_iframe%253D1%2526iframe_id%253D6728e729ee207 HTTP/1.1" 200 3445 "-" "Mozilla/5.0 AppleWebKit/537.36 (KHTML, like Gecko; compatible; GPTBot/1.2; +https://openai.com/gptbot)"
20.171.206.116 - - [05/Nov/2024:00:35:57 +0900] "GET /?page_id=254&pageid=1&mod=editor&category1=2022&parent_uid=563&kboard_id=7&view_iframe=1&iframe_id=6728e887aff8a HTTP/1.1" 200 16243 "-" "Mozilla/5.0 AppleWebKit/537.36 (KHTML, like Gecko; compatible; GPTBot/1.2; +https://openai.com/gptbot)"
20.171.206.116 - - [05/Nov/2024:00:35:58 +0900] "GET /wp-login.php?redirect_to=https%253A%252F%252Faps.or.kr%252F%253Fpage_id%253D254%2526pageid%253D1%2526mod%253Deditor%2526category1%253D2022%2526parent_uid%253D563 HTTP/1.1" 200 3411 "-" "Mozilla/5.0 AppleWebKit/537.36 (KHTML, like Gecko; compatible; GPTBot/1.2; +https://openai.com/gptbot)"
20.171.206.116 - - [05/Nov/2024:00:35:59 +0900] "GET /wp-login.php?redirect_to=https%253A%252F%252Faps.or.kr%252F%253Fpage_id%253D254%2526pageid%253D1%2526mod%253Ddocument%2526category1%253D2022%2526uid%253D561 HTTP/1.1" 200 3407 "-" "Mozilla/5.0 AppleWebKit/537.36 (KHTML, like Gecko; compatible; GPTBot/1.2; +https://openai.com/gptbot)"
20.171.206.200 - - [05/Nov/2024:00:36:01 +0900] "GET /wp-login.php?redirect_to=https%253A%252F%252Faps.or.kr%252F%253Fpage_id%253D254%2526pageid%253D1%2526category1%253D2023%2526mod%253Deditor%2526parent_uid%253D661 HTTP/1.1" 200 3410 "-" "Mozilla/5.0 AppleWebKit/537.36 (KHTML, like Gecko; compatible; GPTBot/1.2; +https://openai.com/gptbot)"
20.171.206.200 - - [05/Nov/2024:00:36:01 +0900] "GET /wp-login.php?redirect_to=https%253A%252F%252Faps.or.kr%252F%253Fpage_id%253D254%2526pageid%253D1%2526mod%253Deditor%2526category1%253D2022%2526parent_uid%253D564%2526kboard_id%253D7%2526view_iframe%253D1%2526iframe_id%253D6728e730906b8 HTTP/1.1" 200 3444 "-" "Mozilla/5.0 AppleWebKit/537.36 (KHTML, like Gecko; compatible; GPTBot/1.2; +https://openai.com/gptbot)"
20.171.206.200 - - [05/Nov/2024:00:36:03 +0900] "GET /?page_id=254&pageid=1&category1=2023&mod=editor&parent_uid=661&kboard_id=7&view_iframe=1&iframe_id=6728e8931bf3c HTTP/1.1" 200 16242 "-" "Mozilla/5.0 AppleWebKit/537.36 (KHTML, like Gecko; compatible; GPTBot/1.2; +https://openai.com/gptbot)"
20.171.206.200 - - [05/Nov/2024:00:36:04 +0900] "GET /wp-login.php?redirect_to=%2F%3Fpage_id%3D254%26pageid%3D1%26mod%3Deditor%26category1%3D2022%26parent_uid%3D564%26kboard_id%3D7%26view_iframe%3D1%26iframe_id%3D6728e730906b8 HTTP/1.1" 200 3433 "-" "Mozilla/5.0 AppleWebKit/537.36 (KHTML, like Gecko; compatible; GPTBot/1.2; +https://openai.com/gptbot)"
20.171.206.200 - - [05/Nov/2024:00:36:12 +0900] "GET /wp-login.php?redirect_to=%2F%3Fpage_id%3D254%26pageid%3D1%26category1%3D2023%26mod%3Deditor%26parent_uid%3D674%26kboard_id%3D7%26view_iframe%3D1%26iframe_id%3D6728e73b900fb HTTP/1.1" 200 3434 "-" "Mozilla/5.0 AppleWebKit/537.36 (KHTML, like Gecko; compatible; GPTBot/1.2; +https://openai.com/gptbot)"
20.171.206.200 - - [05/Nov/2024:00:36:12 +0900] "GET /wp-login.php?redirect_to=https%253A%252F%252Faps.or.kr%252F%253Fpage_id%253D254%2526pageid%253D1%2526category1%253D2023%2526mod%253Deditor%2526parent_uid%253D674%2526kboard_id%253D7%2526view_iframe%253D1%2526iframe_id%253D6728e73b900fb HTTP/1.1" 200 3444 "-" "Mozilla/5.0 AppleWebKit/537.36 (KHTML, like Gecko; compatible; GPTBot/1.2; +https://openai.com/gptbot)"
20.171.206.200 - - [05/Nov/2024:00:36:13 +0900] "GET /wp-login.php?redirect_to=https%253A%252F%252Faps.or.kr%252F%253Fpage_id%253D254%2526pageid%253D1%2526mod%253Deditor%2526category1%253D2023%2526parent_uid%253D661%2526kboard_id%253D7%2526view_iframe%253D1%2526iframe_id%253D6728e74b10c3f HTTP/1.1" 200 3448 "-" "Mozilla/5.0 AppleWebKit/537.36 (KHTML, like Gecko; compatible; GPTBot/1.2; +https://openai.com/gptbot)"
20.171.206.200 - - [05/Nov/2024:00:36:14 +0900] "GET /wp-login.php?redirect_to=https%253A%252F%252Faps.or.kr%252F%253Fpage_id%253D254%2526category1%253D2022%2526pageid%253D1%2526mod%253Deditor%2526parent_uid%253D563%2526kboard_id%253D7%2526view_iframe%253D1%2526iframe_id%253D6728e75e6d153 HTTP/1.1" 200 3445 "-" "Mozilla/5.0 AppleWebKit/537.36 (KHTML, like Gecko; compatible; GPTBot/1.2; +https://openai.com/gptbot)"
20.171.206.200 - - [05/Nov/2024:00:36:15 +0900] "GET /wp-login.php?redirect_to=%2F%3Fpage_id%3D254%26pageid%3D1%26mod%3Deditor%26category1%3D2023%26parent_uid%3D661%26kboard_id%3D7%26view_iframe%3D1%26iframe_id%3D6728e74b10c3f HTTP/1.1" 200 3438 "-" "Mozilla/5.0 AppleWebKit/537.36 (KHTML, like Gecko; compatible; GPTBot/1.2; +https://openai.com/gptbot)"
20.171.206.200 - - [05/Nov/2024:00:36:16 +0900] "GET /wp-login.php?redirect_to=%2F%3Fpage_id%3D254%26mod%3Deditor%26parent_uid%3D563%26kboard_id%3D7%26view_iframe%3D1%26iframe_id%3D6728e76b6fc34 HTTP/1.1" 200 3412 "-" "Mozilla/5.0 AppleWebKit/537.36 (KHTML, like Gecko; compatible; GPTBot/1.2; +https://openai.com/gptbot)"
20.171.206.200 - - [05/Nov/2024:00:36:18 +0900] "GET /wp-login.php?redirect_to=%2F%3Fpage_id%3D254%26category1%3D2022%26pageid%3D1%26mod%3Deditor%26parent_uid%3D563%26kboard_id%3D7%26view_iframe%3D1%26iframe_id%3D6728e75e6d153 HTTP/1.1" 200 3434 "-" "Mozilla/5.0 AppleWebKit/537.36 (KHTML, like Gecko; compatible; GPTBot/1.2; +https://openai.com/gptbot)"
20.171.206.200 - - [05/Nov/2024:00:36:19 +0900] "GET /wp-login.php?redirect_to=https%253A%252F%252Faps.or.kr%252F%253Fpage_id%253D254%2526mod%253Deditor%2526parent_uid%253D563%2526kboard_id%253D7%2526view_iframe%253D1%2526iframe_id%253D6728e76b6fc34 HTTP/1.1" 200 3429 "-" "Mozilla/5.0 AppleWebKit/537.36 (KHTML, like Gecko; compatible; GPTBot/1.2; +https://openai.com/gptbot)"
20.171.206.200 - - [05/Nov/2024:00:36:28 +0900] "GET /wp-login.php?redirect_to=https%253A%252F%252Faps.or.kr%252F%253Fpageid%253D1%2526page_id%253D254%2526category1%253D2022%2526mod%253Deditor%2526parent_uid%253D563%2526kboard_id%253D7%2526view_iframe%253D1%2526iframe_id%253D6728e778ce0da HTTP/1.1" 200 3444 "-" "Mozilla/5.0 AppleWebKit/537.36 (KHTML, like Gecko; compatible; GPTBot/1.2; +https://openai.com/gptbot)"
20.171.206.200 - - [05/Nov/2024:00:36:30 +0900] "GET /wp-login.php?redirect_to=%2F%3Fpageid%3D1%26page_id%3D254%26category1%3D2022%26mod%3Deditor%26parent_uid%3D563%26kboard_id%3D7%26view_iframe%3D1%26iframe_id%3D6728e778ce0da HTTP/1.1" 200 3434 "-" "Mozilla/5.0 AppleWebKit/537.36 (KHTML, like Gecko; compatible; GPTBot/1.2; +https://openai.com/gptbot)"
